Archive member included to satisfy reference by file (symbol)

c:/program files (x86)/atollic/truestudio for arm 7.1.2/armtools/bin/../lib/gcc/arm-atollic-eabi/5.3.1/../../../../arm-atollic-eabi/lib/armv7e-m/fpu\libc_nano.a(lib_a-init.o)
                              startup\startup_stm32f303xe.o (__libc_init_array)
c:/program files (x86)/atollic/truestudio for arm 7.1.2/armtools/bin/../lib/gcc/arm-atollic-eabi/5.3.1/../../../../arm-atollic-eabi/lib/armv7e-m/fpu\libc_nano.a(lib_a-malloc.o)
                              Src\Debug.o (malloc)
c:/program files (x86)/atollic/truestudio for arm 7.1.2/armtools/bin/../lib/gcc/arm-atollic-eabi/5.3.1/../../../../arm-atollic-eabi/lib/armv7e-m/fpu\libc_nano.a(lib_a-memcpy-stub.o)
                              Middlewares\Third_Party\FreeRTOS\Source\queue.o (memcpy)
c:/program files (x86)/atollic/truestudio for arm 7.1.2/armtools/bin/../lib/gcc/arm-atollic-eabi/5.3.1/../../../../arm-atollic-eabi/lib/armv7e-m/fpu\libc_nano.a(lib_a-memset.o)
                              Drivers\STM32F3xx_HAL_Driver\Src\stm32f3xx_hal_rcc.o (memset)
c:/program files (x86)/atollic/truestudio for arm 7.1.2/armtools/bin/../lib/gcc/arm-atollic-eabi/5.3.1/../../../../arm-atollic-eabi/lib/armv7e-m/fpu\libc_nano.a(lib_a-nano-freer.o)
                              c:/program files (x86)/atollic/truestudio for arm 7.1.2/armtools/bin/../lib/gcc/arm-atollic-eabi/5.3.1/../../../../arm-atollic-eabi/lib/armv7e-m/fpu\libc_nano.a(lib_a-malloc.o) (_free_r)
c:/program files (x86)/atollic/truestudio for arm 7.1.2/armtools/bin/../lib/gcc/arm-atollic-eabi/5.3.1/../../../../arm-atollic-eabi/lib/armv7e-m/fpu\libc_nano.a(lib_a-nano-mallocr.o)
                              c:/program files (x86)/atollic/truestudio for arm 7.1.2/armtools/bin/../lib/gcc/arm-atollic-eabi/5.3.1/../../../../arm-atollic-eabi/lib/armv7e-m/fpu\libc_nano.a(lib_a-malloc.o) (_malloc_r)
c:/program files (x86)/atollic/truestudio for arm 7.1.2/armtools/bin/../lib/gcc/arm-atollic-eabi/5.3.1/../../../../arm-atollic-eabi/lib/armv7e-m/fpu\libc_nano.a(lib_a-sbrkr.o)
                              c:/program files (x86)/atollic/truestudio for arm 7.1.2/armtools/bin/../lib/gcc/arm-atollic-eabi/5.3.1/../../../../arm-atollic-eabi/lib/armv7e-m/fpu\libc_nano.a(lib_a-nano-mallocr.o) (_sbrk_r)
c:/program files (x86)/atollic/truestudio for arm 7.1.2/armtools/bin/../lib/gcc/arm-atollic-eabi/5.3.1/../../../../arm-atollic-eabi/lib/armv7e-m/fpu\libc_nano.a(lib_a-snprintf.o)
                              Src\Debug.o (snprintf)
c:/program files (x86)/atollic/truestudio for arm 7.1.2/armtools/bin/../lib/gcc/arm-atollic-eabi/5.3.1/../../../../arm-atollic-eabi/lib/armv7e-m/fpu\libc_nano.a(lib_a-strlen.o)
                              Src\Debug.o (strlen)
c:/program files (x86)/atollic/truestudio for arm 7.1.2/armtools/bin/../lib/gcc/arm-atollic-eabi/5.3.1/../../../../arm-atollic-eabi/lib/armv7e-m/fpu\libc_nano.a(lib_a-impure.o)
                              c:/program files (x86)/atollic/truestudio for arm 7.1.2/armtools/bin/../lib/gcc/arm-atollic-eabi/5.3.1/../../../../arm-atollic-eabi/lib/armv7e-m/fpu\libc_nano.a(lib_a-malloc.o) (_impure_ptr)
c:/program files (x86)/atollic/truestudio for arm 7.1.2/armtools/bin/../lib/gcc/arm-atollic-eabi/5.3.1/../../../../arm-atollic-eabi/lib/armv7e-m/fpu\libc_nano.a(lib_a-mlock.o)
                              c:/program files (x86)/atollic/truestudio for arm 7.1.2/armtools/bin/../lib/gcc/arm-atollic-eabi/5.3.1/../../../../arm-atollic-eabi/lib/armv7e-m/fpu\libc_nano.a(lib_a-nano-freer.o) (__malloc_lock)
c:/program files (x86)/atollic/truestudio for arm 7.1.2/armtools/bin/../lib/gcc/arm-atollic-eabi/5.3.1/../../../../arm-atollic-eabi/lib/armv7e-m/fpu\libc_nano.a(lib_a-nano-svfprintf.o)
                              c:/program files (x86)/atollic/truestudio for arm 7.1.2/armtools/bin/../lib/gcc/arm-atollic-eabi/5.3.1/../../../../arm-atollic-eabi/lib/armv7e-m/fpu\libc_nano.a(lib_a-snprintf.o) (_svfprintf_r)
c:/program files (x86)/atollic/truestudio for arm 7.1.2/armtools/bin/../lib/gcc/arm-atollic-eabi/5.3.1/../../../../arm-atollic-eabi/lib/armv7e-m/fpu\libc_nano.a(lib_a-nano-vfprintf_i.o)
                              c:/program files (x86)/atollic/truestudio for arm 7.1.2/armtools/bin/../lib/gcc/arm-atollic-eabi/5.3.1/../../../../arm-atollic-eabi/lib/armv7e-m/fpu\libc_nano.a(lib_a-nano-svfprintf.o) (_printf_i)
c:/program files (x86)/atollic/truestudio for arm 7.1.2/armtools/bin/../lib/gcc/arm-atollic-eabi/5.3.1/../../../../arm-atollic-eabi/lib/armv7e-m/fpu\libc_nano.a(lib_a-reent.o)
                              c:/program files (x86)/atollic/truestudio for arm 7.1.2/armtools/bin/../lib/gcc/arm-atollic-eabi/5.3.1/../../../../arm-atollic-eabi/lib/armv7e-m/fpu\libc_nano.a(lib_a-sbrkr.o) (errno)
c:/program files (x86)/atollic/truestudio for arm 7.1.2/armtools/bin/../lib/gcc/arm-atollic-eabi/5.3.1/../../../../arm-atollic-eabi/lib/armv7e-m/fpu\libc_nano.a(lib_a-memchr.o)
[...]
Memory Configuration

Name             Origin             Length             Attributes
RAM              0x20000000         0x00010000         xrw
CCMRAM           0x10000000         0x00004000         rw
FLASH            0x08000000         0x00080000         xr
*default*        0x00000000         0xffffffff

Linker script and memory map

LOAD c:/program files (x86)/atollic/truestudio for arm 7.1.2/armtools/bin/../lib/gcc/arm-atollic-eabi/5.3.1/armv7e-m/fpu/crti.o
LOAD c:/program files (x86)/atollic/truestudio for arm 7.1.2/armtools/bin/../lib/gcc/arm-atollic-eabi/5.3.1/armv7e-m/fpu/crtbegin.o
LOAD Drivers\BSP\STM32F3xx-Nucleo\stm32f3xx_nucleo.o
LOAD Drivers\STM32F3xx_HAL_Driver\Src\stm32f3xx_hal.o
LOAD Drivers\STM32F3xx_HAL_Driver\Src\stm32f3xx_hal_adc.o
LOAD Drivers\STM32F3xx_HAL_Driver\Src\stm32f3xx_hal_adc_ex.o
LOAD Drivers\STM32F3xx_HAL_Driver\Src\stm32f3xx_hal_cortex.o
LOAD Drivers\STM32F3xx_HAL_Driver\Src\stm32f3xx_hal_dma.o
LOAD Drivers\STM32F3xx_HAL_Driver\Src\stm32f3xx_hal_flash.o
LOAD Drivers\STM32F3xx_HAL_Driver\Src\stm32f3xx_hal_flash_ex.o
LOAD Drivers\STM32F3xx_HAL_Driver\Src\stm32f3xx_hal_gpio.o
LOAD Drivers\STM32F3xx_HAL_Driver\Src\stm32f3xx_hal_i2c.o
LOAD Drivers\STM32F3xx_HAL_Driver\Src\stm32f3xx_hal_i2c_ex.o
LOAD Drivers\STM32F3xx_HAL_Driver\Src\stm32f3xx_hal_pwr.o
LOAD Drivers\STM32F3xx_HAL_Driver\Src\stm32f3xx_hal_pwr_ex.o
LOAD Drivers\STM32F3xx_HAL_Driver\Src\stm32f3xx_hal_rcc.o
LOAD Drivers\STM32F3xx_HAL_Driver\Src\stm32f3xx_hal_rcc_ex.o
LOAD Drivers\STM32F3xx_HAL_Driver\Src\stm32f3xx_hal_tim.o
LOAD Drivers\STM32F3xx_HAL_Driver\Src\stm32f3xx_hal_tim_ex.o
LOAD Middlewares\Third_Party\FreeRTOS\Source\CMSIS_RTOS\cmsis_os.o
LOAD Middlewares\Third_Party\FreeRTOS\Source\croutine.o
LOAD Middlewares\Third_Party\FreeRTOS\Source\event_groups.o
LOAD Middlewares\Third_Party\FreeRTOS\Source\list.o
LOAD Middlewares\Third_Party\FreeRTOS\Source\portable\GCC\ARM_CM4F\port.o
LOAD Middlewares\Third_Party\FreeRTOS\Source\portable\MemMang\heap_4.o
LOAD Middlewares\Third_Party\FreeRTOS\Source\queue.o
LOAD Middlewares\Third_Party\FreeRTOS\Source\tasks.o
LOAD Middlewares\Third_Party\FreeRTOS\Source\timers.o
LOAD Src\Actuators.o
LOAD Src\Debug.o
LOAD Src\Evaluation.o
LOAD Src\Module_1_Transportation.o
LOAD Src\Module_2_Gravity.o
LOAD Src\Module_3_Pumping.o
LOAD Src\Module_4_Pouring.o
LOAD Src\Module_5_Sensors.o
LOAD Src\Module_6_Handling.o
LOAD Src\Module_7_Ice.o
LOAD Src\Sensors.o
LOAD Src\TEMPLATE_Module_x_Name.o
LOAD Src\freertos.o
LOAD Src\main.o
LOAD Src\stm32f3xx_hal_msp.o
LOAD Src\stm32f3xx_hal_timebase_TIM.o
LOAD Src\stm32f3xx_it.o
LOAD Src\system_stm32f3xx.o
LOAD Src\tiny_printf.o
LOAD Src\user_tasks.o
LOAD TestEnv\VirtualInput.o
LOAD startup\startup_stm32f303xe.o
START GROUP
LOAD c:/program files (x86)/atollic/truestudio for arm 7.1.2/armtools/bin/../lib/gcc/arm-atollic-eabi/5.3.1/../../../../arm-atollic-eabi/lib/armv7e-m/fpu\libc_nano.a
LOAD c:/program files (x86)/atollic/truestudio for arm 7.1.2/armtools/bin/../lib/gcc/arm-atollic-eabi/5.3.1/../../../../arm-atollic-eabi/lib/armv7e-m/fpu\libm.a
END GROUP
                0x00000080                malloc_getpagesize_P = 0x80
START GROUP
LOAD c:/program files (x86)/atollic/truestudio for arm 7.1.2/armtools/bin/../lib/gcc/arm-atollic-eabi/5.3.1/armv7e-m/fpu\libgcc.a
LOAD c:/program files (x86)/atollic/truestudio for arm 7.1.2/armtools/bin/../lib/gcc/arm-atollic-eabi/5.3.1/../../../../arm-atollic-eabi/lib/armv7e-m/fpu\libc_nano.a
END GROUP
START GROUP
LOAD c:/program files (x86)/atollic/truestudio for arm 7.1.2/armtools/bin/../lib/gcc/arm-atollic-eabi/5.3.1/armv7e-m/fpu\libgcc.a
LOAD c:/program files (x86)/atollic/truestudio for arm 7.1.2/armtools/bin/../lib/gcc/arm-atollic-eabi/5.3.1/../../../../arm-atollic-eabi/lib/armv7e-m/fpu\libc_nano.a
LOAD c:/program files (x86)/atollic/truestudio for arm 7.1.2/armtools/bin/../lib/gcc/arm-atollic-eabi/5.3.1/../../../../arm-atollic-eabi/lib/armv7e-m/fpu\libnosys.a
END GROUP
START GROUP
LOAD c:/program files (x86)/atollic/truestudio for arm 7.1.2/armtools/bin/../lib/gcc/arm-atollic-eabi/5.3.1/armv7e-m/fpu\libgcc.a
LOAD c:/program files (x86)/atollic/truestudio for arm 7.1.2/armtools/bin/../lib/gcc/arm-atollic-eabi/5.3.1/../../../../arm-atollic-eabi/lib/armv7e-m/fpu\libc_nano.a
LOAD c:/program files (x86)/atollic/truestudio for arm 7.1.2/armtools/bin/../lib/gcc/arm-atollic-eabi/5.3.1/../../../../arm-atollic-eabi/lib/armv7e-m/fpu\libnosys.a
END GROUP
LOAD c:/program files (x86)/atollic/truestudio for arm 7.1.2/armtools/bin/../lib/gcc/arm-atollic-eabi/5.3.1/armv7e-m/fpu/crtend.o
LOAD c:/program files (x86)/atollic/truestudio for arm 7.1.2/armtools/bin/../lib/gcc/arm-atollic-eabi/5.3.1/armv7e-m/fpu/crtn.o
                0x20010000                _estack = 0x20010000
                0x00000200                _Min_Heap_Size = 0x200
                0x00000400                _Min_Stack_Size = 0x400

.isr_vector     0x08000000      0x194
                0x08000000                . = ALIGN (0x4)
 *(.isr_vector)
 .isr_vector    0x08000000      0x194 startup\startup_stm32f303xe.o
                0x08000000                g_pfnVectors
                0x08000194                . = ALIGN (0x4)

.text           0x080001a0     0x4334
                0x080001a0                . = ALIGN (0x4)
 *(.text)
 .text          0x080001a0       0x40 c:/program files (x86)/atollic/truestudio for arm 7.1.2/armtools/bin/../lib/gcc/arm-atollic-eabi/5.3.1/armv7e-m/fpu/crtbegin.o
 .text          0x080001e0       0x10 c:/program files (x86)/atollic/truestudio for arm 7.1.2/armtools/bin/../lib/gcc/arm-atollic-eabi/5.3.1/../../../../arm-atollic-eabi/lib/armv7e-m/fpu\libc_nano.a(lib_a-strlen.o)
                0x080001e0                strlen
 .text          0x080001f0       0xa0 c:/program files (x86)/atollic/truestudio for arm 7.1.2/armtools/bin/../lib/gcc/arm-atollic-eabi/5.3.1/../../../../arm-atollic-eabi/lib/armv7e-m/fpu\libc_nano.a(lib_a-memchr.o)
                0x080001f0                memchr
 *(.text*)
 .text.BSP_LED_On
                0x08000290       0x14 Drivers\BSP\STM32F3xx-Nucleo\stm32f3xx_nucleo.o
                0x08000290                BSP_LED_On
 .text.BSP_LED_Off
                0x080002a4       0x14 Drivers\BSP\STM32F3xx-Nucleo\stm32f3xx_nucleo.o
                0x080002a4                BSP_LED_Off
 .text.HAL_Init
                0x080002b8       0x24 Drivers\STM32F3xx_HAL_Driver\Src\stm32f3xx_hal.o
                0x080002b8                HAL_Init
 .text.HAL_IncTick
                0x080002dc       0x10 Drivers\STM32F3xx_HAL_Driver\Src\stm32f3xx_hal.o
                0x080002dc                HAL_IncTick
 .text.HAL_GetTick
                0x080002ec        0xc Drivers\STM32F3xx_HAL_Driver\Src\stm32f3xx_hal.o
                0x080002ec                HAL_GetTick
 .text.ADC_Disable
                0x080002f8       0x70 Drivers\STM32F3xx_HAL_Driver\Src\stm32f3xx_hal_adc_ex.o
 .text.HAL_ADC_Init
                0x08000368      0x26c Drivers\STM32F3xx_HAL_Driver\Src\stm32f3xx_hal_adc_ex.o
                0x08000368                HAL_ADC_Init
 .text.HAL_ADC_ConfigChannel
                0x080005d4      0x31c Drivers\STM32F3xx_HAL_Driver\Src\stm32f3xx_hal_adc_ex.o
                0x080005d4                HAL_ADC_ConfigChannel
 .text.HAL_ADCEx_MultiModeConfigChannel
                0x080008f0      0x114 Drivers\STM32F3xx_HAL_Driver\Src\stm32f3xx_hal_adc_ex.o
                0x080008f0                HAL_ADCEx_MultiModeConfigChannel
 .text.HAL_NVIC_SetPriorityGrouping
                0x08000a04       0x24 Drivers\STM32F3xx_HAL_Driver\Src\stm32f3xx_hal_cortex.o
                0x08000a04                HAL_NVIC_SetPriorityGrouping
 .text.HAL_NVIC_SetPriority
                0x08000a28       0x68 Drivers\STM32F3xx_HAL_Driver\Src\stm32f3xx_hal_cortex.o
                0x08000a28                HAL_NVIC_SetPriority
 .text.HAL_NVIC_EnableIRQ
                0x08000a90       0x18 Drivers\STM32F3xx_HAL_Driver\Src\stm32f3xx_hal_cortex.o
                0x08000a90                HAL_NVIC_EnableIRQ
 .text.HAL_SYSTICK_Config
                0x08000aa8       0x2c Drivers\STM32F3xx_HAL_Driver\Src\stm32f3xx_hal_cortex.o
                0x08000aa8                HAL_SYSTICK_Config
 .text.HAL_SYSTICK_CLKSourceConfig
                0x08000ad4       0x18 Drivers\STM32F3xx_HAL_Driver\Src\stm32f3xx_hal_cortex.o
                0x08000ad4                HAL_SYSTICK_CLKSourceConfig
 .text.HAL_GPIO_Init
                0x08000aec      0x1a8 Drivers\STM32F3xx_HAL_Driver\Src\stm32f3xx_hal_gpio.o
                0x08000aec                HAL_GPIO_Init
 .text.HAL_GPIO_WritePin
                0x08000c94        0xa Drivers\STM32F3xx_HAL_Driver\Src\stm32f3xx_hal_gpio.o
                0x08000c94                HAL_GPIO_WritePin
 *fill*         0x08000c9e        0x2 
 .text.HAL_RCC_OscConfig
                0x08000ca0      0x514 Drivers\STM32F3xx_HAL_Driver\Src\stm32f3xx_hal_rcc.o
                0x08000ca0                HAL_RCC_OscConfig
 .text.HAL_RCC_GetSysClockFreq
                0x080011b4       0x58 Drivers\STM32F3xx_HAL_Driver\Src\stm32f3xx_hal_rcc.o
                0x080011b4                HAL_RCC_GetSysClockFreq
 .text.HAL_RCC_ClockConfig
                0x0800120c      0x17c Drivers\STM32F3xx_HAL_Driver\Src\stm32f3xx_hal_rcc.o
                0x0800120c                HAL_RCC_ClockConfig
 .text.HAL_RCC_GetHCLKFreq
                0x08001388        0xc Drivers\STM32F3xx_HAL_Driver\Src\stm32f3xx_hal_rcc.o
                0x08001388                HAL_RCC_GetHCLKFreq
 .text.HAL_RCC_GetPCLK2Freq
                0x08001394       0x30 Drivers\STM32F3xx_HAL_Driver\Src\stm32f3xx_hal_rcc.o
                0x08001394                HAL_RCC_GetPCLK2Freq
 .text.HAL_RCC_GetClockConfig
                0x080013c4       0x3c Drivers\STM32F3xx_HAL_Driver\Src\stm32f3xx_hal_rcc.o
                0x080013c4                HAL_RCC_GetClockConfig
 .text.HAL_RCCEx_PeriphCLKConfig
                0x08001400      0x288 Drivers\STM32F3xx_HAL_Driver\Src\stm32f3xx_hal_rcc_ex.o
                0x08001400                HAL_RCCEx_PeriphCLKConfig
 .text.HAL_TIM_Base_MspInit
                0x08001688        0x2 Drivers\STM32F3xx_HAL_Driver\Src\stm32f3xx_hal_tim.o
                0x08001688                HAL_TIM_Base_MspInit
 .text.HAL_TIM_Base_Start_IT
                0x0800168a       0x16 Drivers\STM32F3xx_HAL_Driver\Src\stm32f3xx_hal_tim.o
                0x0800168a                HAL_TIM_Base_Start_IT
 .text.HAL_TIM_OC_DelayElapsedCallback
                0x080016a0        0x2 Drivers\STM32F3xx_HAL_Driver\Src\stm32f3xx_hal_tim.o
                0x080016a0                HAL_TIM_OC_DelayElapsedCallback
 .text.HAL_TIM_IC_CaptureCallback
                0x080016a2        0x2 Drivers\STM32F3xx_HAL_Driver\Src\stm32f3xx_hal_tim.o
                0x080016a2                HAL_TIM_IC_CaptureCallback
 .text.HAL_TIM_PWM_PulseFinishedCallback
                0x080016a4        0x2 Drivers\STM32F3xx_HAL_Driver\Src\stm32f3xx_hal_tim.o
                0x080016a4                HAL_TIM_PWM_PulseFinishedCallback
 .text.HAL_TIM_TriggerCallback
                0x080016a6        0x2 Drivers\STM32F3xx_HAL_Driver\Src\stm32f3xx_hal_tim.o
                0x080016a6                HAL_TIM_TriggerCallback
 .text.HAL_TIM_IRQHandler
                0x080016a8      0x144 Drivers\STM32F3xx_HAL_Driver\Src\stm32f3xx_hal_tim.o
                0x080016a8                HAL_TIM_IRQHandler
 .text.TIM_Base_SetConfig
                0x080017ec       0xd4 Drivers\STM32F3xx_HAL_Driver\Src\stm32f3xx_hal_tim.o
                0x080017ec                TIM_Base_SetConfig
 .text.HAL_TIM_Base_Init
                0x080018c0       0x34 Drivers\STM32F3xx_HAL_Driver\Src\stm32f3xx_hal_tim.o
                0x080018c0                HAL_TIM_Base_Init
 .text.HAL_TIMEx_CommutationCallback
                0x080018f4        0x2 Drivers\STM32F3xx_HAL_Driver\Src\stm32f3xx_hal_tim_ex.o
                0x080018f4                HAL_TIMEx_CommutationCallback
 .text.HAL_TIMEx_BreakCallback
                0x080018f6        0x2 Drivers\STM32F3xx_HAL_Driver\Src\stm32f3xx_hal_tim_ex.o
                0x080018f6                HAL_TIMEx_BreakCallback
 .text.osKernelStart
                0x080018f8        0xa Middlewares\Third_Party\FreeRTOS\Source\CMSIS_RTOS\cmsis_os.o
                0x080018f8                osKernelStart
 .text.osThreadCreate
                0x08001902       0x30 Middlewares\Third_Party\FreeRTOS\Source\CMSIS_RTOS\cmsis_os.o
                0x08001902                osThreadCreate
 .text.osDelay  0x08001932       0x10 Middlewares\Third_Party\FreeRTOS\Source\CMSIS_RTOS\cmsis_os.o
                0x08001932                osDelay
 .text.osSystickHandler
                0x08001942       0x14 Middlewares\Third_Party\FreeRTOS\Source\CMSIS_RTOS\cmsis_os.o
                0x08001942                osSystickHandler
 .text.vListInitialise
                0x08001956       0x16 Middlewares\Third_Party\FreeRTOS\Source\list.o
                0x08001956                vListInitialise
 .text.vListInitialiseItem
                0x0800196c        0x6 Middlewares\Third_Party\FreeRTOS\Source\list.o
                0x0800196c                vListInitialiseItem
 .text.vListInsertEnd
                0x08001972       0x18 Middlewares\Third_Party\FreeRTOS\Source\list.o
                0x08001972                vListInsertEnd
 .text.vListInsert
                0x0800198a       0x30 Middlewares\Third_Party\FreeRTOS\Source\list.o
                0x0800198a                vListInsert
 .text.uxListRemove
                0x080019ba       0x20 Middlewares\Third_Party\FreeRTOS\Source\list.o
                0x080019ba                uxListRemove
 *fill*         0x080019da        0x2 
 .text.prvTaskExitError
                0x080019dc       0x30 Middlewares\Third_Party\FreeRTOS\Source\portable\GCC\ARM_CM4F\port.o
 .text.prvPortStartFirstTask
                0x08001a0c       0x20 Middlewares\Third_Party\FreeRTOS\Source\portable\GCC\ARM_CM4F\port.o
 .text.vPortEnableVFP
                0x08001a2c       0x14 Middlewares\Third_Party\FreeRTOS\Source\portable\GCC\ARM_CM4F\port.o
 .text.pxPortInitialiseStack
                0x08001a40       0x2c Middlewares\Third_Party\FreeRTOS\Source\portable\GCC\ARM_CM4F\port.o
                0x08001a40                pxPortInitialiseStack
 *fill*         0x08001a6c        0x4 
 .text.SVC_Handler
                0x08001a70       0x24 Middlewares\Third_Party\FreeRTOS\Source\portable\GCC\ARM_CM4F\port.o
                0x08001a70                SVC_Handler
 .text.vPortEnterCritical
                0x08001a94       0x44 Middlewares\Third_Party\FreeRTOS\Source\portable\GCC\ARM_CM4F\port.o
                0x08001a94                vPortEnterCritical
 .text.vPortExitCritical
                0x08001ad8       0x28 Middlewares\Third_Party\FreeRTOS\Source\portable\GCC\ARM_CM4F\port.o
                0x08001ad8                vPortExitCritical
 .text.PendSV_Handler
                0x08001b00       0x64 Middlewares\Third_Party\FreeRTOS\Source\portable\GCC\ARM_CM4F\port.o
                0x08001b00                PendSV_Handler
 .text.xPortSysTickHandler
                0x08001b64       0x2c Middlewares\Third_Party\FreeRTOS\Source\portable\GCC\ARM_CM4F\port.o
                0x08001b64                xPortSysTickHandler
 .text.vPortSetupTimerInterrupt
                0x08001b90       0x28 Middlewares\Third_Party\FreeRTOS\Source\portable\GCC\ARM_CM4F\port.o
                0x08001b90                vPortSetupTimerInterrupt
 .text.xPortStartScheduler
                0x08001bb8       0xec Middlewares\Third_Party\FreeRTOS\Source\portable\GCC\ARM_CM4F\port.o
                0x08001bb8                xPortStartScheduler
 .text.vPortValidateInterruptPriority
                0x08001ca4       0x5c Middlewares\Third_Party\FreeRTOS\Source\portable\GCC\ARM_CM4F\port.o
                0x08001ca4                vPortValidateInterruptPriority
 .text.unlikely.prvInsertBlockIntoFreeList
                0x08001d00       0x48 Middlewares\Third_Party\FreeRTOS\Source\portable\MemMang\heap_4.o
 .text.pvPortMalloc
                0x08001d48      0x124 Middlewares\Third_Party\FreeRTOS\Source\portable\MemMang\heap_4.o
                0x08001d48                pvPortMalloc
 .text.vPortFree
                0x08001e6c       0x70 Middlewares\Third_Party\FreeRTOS\Source\portable\MemMang\heap_4.o
                0x08001e6c                vPortFree
 .text.unlikely.prvCopyDataToQueue
                0x08001edc       0x70 Middlewares\Third_Party\FreeRTOS\Source\queue.o
 .text.unlikely.prvCopyDataFromQueue
                0x08001f4c       0x2a Middlewares\Third_Party\FreeRTOS\Source\queue.o
 .text.prvUnlockQueue
                0x08001f76       0x6c Middlewares\Third_Party\FreeRTOS\Source\queue.o
 *fill*         0x08001fe2        0x2 
 .text.xQueueGenericReset
                0x08001fe4       0x80 Middlewares\Third_Party\FreeRTOS\Source\queue.o
                0x08001fe4                xQueueGenericReset
 .text.xQueueGenericCreate
                0x08002064       0x42 Middlewares\Third_Party\FreeRTOS\Source\queue.o
                0x08002064                xQueueGenericCreate
 *fill*         0x080020a6        0x2 
 .text.xQueueGenericSend
                0x080020a8      0x164 Middlewares\Third_Party\FreeRTOS\Source\queue.o
                0x080020a8                xQueueGenericSend
 .text.xQueueGenericSendFromISR
                0x0800220c       0xbe Middlewares\Third_Party\FreeRTOS\Source\queue.o
                0x0800220c                xQueueGenericSendFromISR
 *fill*         0x080022ca        0x2 
 .text.xQueueGenericReceive
                0x080022cc      0x178 Middlewares\Third_Party\FreeRTOS\Source\queue.o
                0x080022cc                xQueueGenericReceive
 .text.vQueueAddToRegistry
                0x08002444       0x28 Middlewares\Third_Party\FreeRTOS\Source\queue.o
                0x08002444                vQueueAddToRegistry
 .text.vQueueWaitForMessageRestricted
                0x0800246c       0x46 Middlewares\Third_Party\FreeRTOS\Source\queue.o
                0x0800246c                vQueueWaitForMessageRestricted
 *fill*         0x080024b2        0x2 
 .text.prvResetNextTaskUnblockTime
                0x080024b4       0x24 Middlewares\Third_Party\FreeRTOS\Source\tasks.o
 .text.prvAddCurrentTaskToDelayedList
                0x080024d8       0x90 Middlewares\Third_Party\FreeRTOS\Source\tasks.o
 .text.vTaskSetTimeOutState.part.5
                0x08002568       0x12 Middlewares\Third_Party\FreeRTOS\Source\tasks.o
 *fill*         0x0800257a        0x2 
 .text.xTaskCreate
                0x0800257c      0x19c Middlewares\Third_Party\FreeRTOS\Source\tasks.o
                0x0800257c                xTaskCreate
 .text.vTaskStartScheduler
                0x08002718       0x80 Middlewares\Third_Party\FreeRTOS\Source\tasks.o
                0x08002718                vTaskStartScheduler
 .text.vTaskSuspendAll
                0x08002798       0x10 Middlewares\Third_Party\FreeRTOS\Source\tasks.o
                0x08002798                vTaskSuspendAll
 .text.xTaskGetTickCount
                0x080027a8        0xc Middlewares\Third_Party\FreeRTOS\Source\tasks.o
                0x080027a8                xTaskGetTickCount
 .text.xTaskIncrementTick
                0x080027b4      0x130 Middlewares\Third_Party\FreeRTOS\Source\tasks.o
                0x080027b4                xTaskIncrementTick
 .text.xTaskResumeAll
                0x080028e4       0xf0 Middlewares\Third_Party\FreeRTOS\Source\tasks.o
                0x080028e4                xTaskResumeAll
 .text.vTaskDelayUntil
                0x080029d4       0xa0 Middlewares\Third_Party\FreeRTOS\Source\tasks.o
                0x080029d4                vTaskDelayUntil
 .text.vTaskDelay
                0x08002a74       0x48 Middlewares\Third_Party\FreeRTOS\Source\tasks.o
                0x08002a74                vTaskDelay
 .text.prvIdleTask
                0x08002abc       0x78 Middlewares\Third_Party\FreeRTOS\Source\tasks.o
 .text.vTaskSwitchContext
                0x08002b34       0x74 Middlewares\Third_Party\FreeRTOS\Source\tasks.o
                0x08002b34                vTaskSwitchContext
 .text.vTaskPlaceOnEventList
                0x08002ba8       0x34 Middlewares\Third_Party\FreeRTOS\Source\tasks.o
                0x08002ba8                vTaskPlaceOnEventList
 .text.vTaskPlaceOnEventListRestricted
                0x08002bdc       0x3c Middlewares\Third_Party\FreeRTOS\Source\tasks.o
                0x08002bdc                vTaskPlaceOnEventListRestricted
 .text.xTaskRemoveFromEventList
                0x08002c18       0x84 Middlewares\Third_Party\FreeRTOS\Source\tasks.o
                0x08002c18                xTaskRemoveFromEventList
 .text.vTaskSetTimeOutState
                0x08002c9c       0x20 Middlewares\Third_Party\FreeRTOS\Source\tasks.o
                0x08002c9c                vTaskSetTimeOutState
 .text.xTaskCheckForTimeOut
                0x08002cbc       0x74 Middlewares\Third_Party\FreeRTOS\Source\tasks.o
                0x08002cbc                xTaskCheckForTimeOut
 .text.vTaskMissedYield
                0x08002d30        0xc Middlewares\Third_Party\FreeRTOS\Source\tasks.o
                0x08002d30                vTaskMissedYield
 .text.xTaskGetSchedulerState
                0x08002d3c       0x20 Middlewares\Third_Party\FreeRTOS\Source\tasks.o
                0x08002d3c                xTaskGetSchedulerState
 .text.vTaskPriorityInherit
                0x08002d5c       0x8c Middlewares\Third_Party\FreeRTOS\Source\tasks.o
                0x08002d5c                vTaskPriorityInherit
 .text.xTaskPriorityDisinherit
                0x08002de8       0xa0 Middlewares\Third_Party\FreeRTOS\Source\tasks.o
                0x08002de8                xTaskPriorityDisinherit
 .text.pvTaskIncrementMutexHeldCount
                0x08002e88       0x18 Middlewares\Third_Party\FreeRTOS\Source\tasks.o
                0x08002e88                pvTaskIncrementMutexHeldCount
 .text.prvCheckForValidListAndQueue
                0x08002ea0       0x58 Middlewares\Third_Party\FreeRTOS\Source\timers.o
 .text.prvInsertTimerInActiveList
                0x08002ef8       0x3c Middlewares\Third_Party\FreeRTOS\Source\timers.o
 .text.xTimerCreateTimerTask
                0x08002f34       0x4c Middlewares\Third_Party\FreeRTOS\Source\timers.o
                0x08002f34                xTimerCreateTimerTask
 .text.xTimerGenericCommand
                0x08002f80       0x58 Middlewares\Third_Party\FreeRTOS\Source\timers.o
                0x08002f80                xTimerGenericCommand
 .text.prvSwitchTimerLists
                0x08002fd8       0x84 Middlewares\Third_Party\FreeRTOS\Source\timers.o
 .text.prvTimerTask
                0x0800305c      0x1d0 Middlewares\Third_Party\FreeRTOS\Source\timers.o
 .text.vWriteActuatorValues
                0x0800322c       0x1e Src\Actuators.o
                0x0800322c                vWriteActuatorValues
 *fill*         0x0800324a        0x2 
 .text.debugPrintWarning
                0x0800324c       0x50 Src\Debug.o
                0x0800324c                debugPrintWarning
 .text.debugPrintMessage
                0x0800329c       0x50 Src\Debug.o
                0x0800329c                debugPrintMessage
 .text.vEvaluate
                0x080032ec       0xc0 Src\Evaluation.o
                0x080032ec                vEvaluate
 .text.vEvaluate_Module_1_Transportation
                0x080033ac        0xa Src\Module_1_Transportation.o
                0x080033ac                vEvaluate_Module_1_Transportation
 .text.vEvaluate_Module_2_Gravity
                0x080033b6        0xa Src\Module_2_Gravity.o
                0x080033b6                vEvaluate_Module_2_Gravity
 .text.vEvaluate_Module_3_Pumping
                0x080033c0        0xa Src\Module_3_Pumping.o
                0x080033c0                vEvaluate_Module_3_Pumping
 .text.vEvaluate_Module_4_Pouring
                0x080033ca        0xa Src\Module_4_Pouring.o
                0x080033ca                vEvaluate_Module_4_Pouring
 .text.vEvaluate_Module_5_Sensors
                0x080033d4        0xa Src\Module_5_Sensors.o
                0x080033d4                vEvaluate_Module_5_Sensors
 .text.vEvaluate_Module_6_Handling
                0x080033de        0xa Src\Module_6_Handling.o
                0x080033de                vEvaluate_Module_6_Handling
 .text.vReadSensorValues
                0x080033e8       0x80 Src\Sensors.o
                0x080033e8                vReadSensorValues
 .text.StartDefaultTask
                0x08003468        0xa Src\main.o
                0x08003468                StartDefaultTask
 .text.SystemClock_Config
                0x08003472       0x8c Src\main.o
                0x08003472                SystemClock_Config
 *fill*         0x080034fe        0x2 
 .text.startup.main
                0x08003500      0x218 Src\main.o
                0x08003500                main
 .text.HAL_TIM_PeriodElapsedCallback
                0x08003718       0x14 Src\main.o
                0x08003718                HAL_TIM_PeriodElapsedCallback
 .text.HAL_MspInit
                0x0800372c       0x7c Src\stm32f3xx_hal_msp.o
                0x0800372c                HAL_MspInit
 .text.HAL_ADC_MspInit
                0x080037a8       0x8c Src\stm32f3xx_hal_msp.o
                0x080037a8                HAL_ADC_MspInit
 .text.HAL_InitTick
                0x08003834       0x78 Src\stm32f3xx_hal_timebase_TIM.o
                0x08003834                HAL_InitTick
 .text.SysTick_Handler
                0x080038ac        0x4 Src\stm32f3xx_it.o
                0x080038ac                SysTick_Handler
 .text.TIM1_UP_TIM16_IRQHandler
                0x080038b0        0xc Src\stm32f3xx_it.o
                0x080038b0                TIM1_UP_TIM16_IRQHandler
 .text.SystemInit
                0x080038bc       0x68 Src\system_stm32f3xx.o
                0x080038bc                SystemInit
 .text.ts_itoa  0x08003924       0x34 Src\tiny_printf.o
                0x08003924                ts_itoa
 .text.ts_formatstring
                0x08003958       0xc6 Src\tiny_printf.o
                0x08003958                ts_formatstring
 .text.ts_formatlength
                0x08003a1e       0x72 Src\tiny_printf.o
                0x08003a1e                ts_formatlength
 .text.my_printf
                0x08003a90       0x46 Src\tiny_printf.o
                0x08003a90                my_printf
 *fill*         0x08003ad6        0x2 
 .text.vMainCycle
                0x08003ad8       0x74 Src\user_tasks.o
                0x08003ad8                vMainCycle
 .text.updateVirtualInput_Module_1
                0x08003b4c       0x14 TestEnv\VirtualInput.o
                0x08003b4c                updateVirtualInput_Module_1
 .text.updateVirtualInput_Module_2
                0x08003b60        0x2 TestEnv\VirtualInput.o
                0x08003b60                updateVirtualInput_Module_2
 .text.updateVirtualInput_Module_3
                0x08003b62        0x2 TestEnv\VirtualInput.o
                0x08003b62                updateVirtualInput_Module_3
 .text.updateVirtualInput_Module_4
                0x08003b64        0x2 TestEnv\VirtualInput.o
                0x08003b64                updateVirtualInput_Module_4
 .text.updateVirtualInput_Module_5
                0x08003b66        0x2 TestEnv\VirtualInput.o
                0x08003b66                updateVirtualInput_Module_5
 .text.updateVirtualInput_Module_6
                0x08003b68        0x2 TestEnv\VirtualInput.o
                0x08003b68                updateVirtualInput_Module_6
 .text.updateVirtualInput_Module_7
                0x08003b6a        0x2 TestEnv\VirtualInput.o
                0x08003b6a                updateVirtualInput_Module_7
 .text.Reset_Handler
                0x08003b6c       0x50 startup\startup_stm32f303xe.o
                0x08003b6c                Reset_Handler
 .text.Default_Handler
                0x08003bbc        0x2 startup\startup_stm32f303xe.o
                0x08003bbc                RTC_Alarm_IRQHandler
                0x08003bbc                TIM8_TRG_COM_IRQHandler
                0x08003bbc                TIM8_CC_IRQHandler
                0x08003bbc                DebugMon_Handler
                0x08003bbc                SPI4_IRQHandler
                0x08003bbc                TIM1_CC_IRQHandler
                0x08003bbc                HardFault_Handler
                0x08003bbc                USB_HP_IRQHandler
                0x08003bbc                PVD_IRQHandler
                0x08003bbc                TAMP_STAMP_IRQHandler
                0x08003bbc                NMI_Handler
                0x08003bbc                EXTI3_IRQHandler
                0x08003bbc                I2C3_ER_IRQHandler
                0x08003bbc                USB_HP_CAN_TX_IRQHandler
                0x08003bbc                EXTI0_IRQHandler
                0x08003bbc                I2C2_EV_IRQHandler
                0x08003bbc                FPU_IRQHandler
                0x08003bbc                UsageFault_Handler
                0x08003bbc                ADC1_2_IRQHandler
                0x08003bbc                SPI1_IRQHandler
                0x08003bbc                CAN_SCE_IRQHandler
                0x08003bbc                TIM6_DAC_IRQHandler
                0x08003bbc                TIM8_UP_IRQHandler
                0x08003bbc                DMA2_Channel2_IRQHandler
                0x08003bbc                DMA1_Channel4_IRQHandler
                0x08003bbc                TIM20_TRG_COM_IRQHandler
                0x08003bbc                USART3_IRQHandler
                0x08003bbc                DMA1_Channel7_IRQHandler
                0x08003bbc                UART5_IRQHandler
                0x08003bbc                ADC3_IRQHandler
                0x08003bbc                TIM4_IRQHandler
                0x08003bbc                CAN_RX1_IRQHandler
                0x08003bbc                DMA2_Channel1_IRQHandler
                0x08003bbc                I2C1_EV_IRQHandler
                0x08003bbc                DMA1_Channel6_IRQHandler
                0x08003bbc                UART4_IRQHandler
                0x08003bbc                DMA2_Channel4_IRQHandler
                0x08003bbc                TIM3_IRQHandler
                0x08003bbc                RCC_IRQHandler
                0x08003bbc                TIM20_UP_IRQHandler
                0x08003bbc                DMA1_Channel1_IRQHandler
                0x08003bbc                Default_Handler
                0x08003bbc                USBWakeUp_RMP_IRQHandler
                0x08003bbc                EXTI15_10_IRQHandler
                0x08003bbc                TIM7_IRQHandler
                0x08003bbc                I2C3_EV_IRQHandler
                0x08003bbc                EXTI9_5_IRQHandler
                0x08003bbc                RTC_WKUP_IRQHandler
                0x08003bbc                SPI2_IRQHandler
                0x08003bbc                USB_LP_CAN_RX0_IRQHandler
                0x08003bbc                MemManage_Handler
                0x08003bbc                DMA2_Channel5_IRQHandler
                0x08003bbc                DMA1_Channel5_IRQHandler
                0x08003bbc                USB_LP_IRQHandler
                0x08003bbc                EXTI4_IRQHandler
                0x08003bbc                TIM1_TRG_COM_TIM17_IRQHandler
                0x08003bbc                DMA1_Channel3_IRQHandler
                0x08003bbc                ADC4_IRQHandler
                0x08003bbc                WWDG_IRQHandler
                0x08003bbc                TIM2_IRQHandler
                0x08003bbc                COMP7_IRQHandler
                0x08003bbc                COMP1_2_3_IRQHandler
                0x08003bbc                EXTI1_IRQHandler
                0x08003bbc                USART2_IRQHandler
                0x08003bbc                COMP4_5_6_IRQHandler
                0x08003bbc                TIM20_BRK_IRQHandler
                0x08003bbc                I2C2_ER_IRQHandler
                0x08003bbc                DMA1_Channel2_IRQHandler
                0x08003bbc                TIM8_BRK_IRQHandler
                0x08003bbc                FLASH_IRQHandler
                0x08003bbc                TIM20_CC_IRQHandler
                0x08003bbc                BusFault_Handler
                0x08003bbc                USART1_IRQHandler
                0x08003bbc                SPI3_IRQHandler
                0x08003bbc                I2C1_ER_IRQHandler
                0x08003bbc                FMC_IRQHandler
                0x08003bbc                USBWakeUp_IRQHandler
                0x08003bbc                DMA2_Channel3_IRQHandler
                0x08003bbc                EXTI2_TSC_IRQHandler
                0x08003bbc                TIM1_BRK_TIM15_IRQHandler
 *fill*         0x08003bbe        0x2 
 .text.__libc_init_array
                0x08003bc0       0x4c c:/program files (x86)/atollic/truestudio for arm 7.1.2/armtools/bin/../lib/gcc/arm-atollic-eabi/5.3.1/../../../../arm-atollic-eabi/lib/armv7e-m/fpu\libc_nano.a(lib_a-init.o)
                0x08003bc0                __libc_init_array
 .text.malloc   0x08003c0c       0x10 c:/program files (x86)/atollic/truestudio for arm 7.1.2/armtools/bin/../lib/gcc/arm-atollic-eabi/5.3.1/../../../../arm-atollic-eabi/lib/armv7e-m/fpu\libc_nano.a(lib_a-malloc.o)
                0x08003c0c                malloc
 .text.free     0x08003c1c       0x10 c:/program files (x86)/atollic/truestudio for arm 7.1.2/armtools/bin/../lib/gcc/arm-atollic-eabi/5.3.1/../../../../arm-atollic-eabi/lib/armv7e-m/fpu\libc_nano.a(lib_a-malloc.o)
                0x08003c1c                free
 .text.memcpy   0x08003c2c       0x16 c:/program files (x86)/atollic/truestudio for arm 7.1.2/armtools/bin/../lib/gcc/arm-atollic-eabi/5.3.1/../../../../arm-atollic-eabi/lib/armv7e-m/fpu\libc_nano.a(lib_a-memcpy-stub.o)
                0x08003c2c                memcpy
 *fill*         0x08003c42        0x2 
 .text._free_r  0x08003c44       0x9c c:/program files (x86)/atollic/truestudio for arm 7.1.2/armtools/bin/../lib/gcc/arm-atollic-eabi/5.3.1/../../../../arm-atollic-eabi/lib/armv7e-m/fpu\libc_nano.a(lib_a-nano-freer.o)
                0x08003c44                _free_r
 .text._malloc_r
                0x08003ce0       0xbc c:/program files (x86)/atollic/truestudio for arm 7.1.2/armtools/bin/../lib/gcc/arm-atollic-eabi/5.3.1/../../../../arm-atollic-eabi/lib/armv7e-m/fpu\libc_nano.a(lib_a-nano-mallocr.o)
                0x08003ce0                _malloc_r
 .text._sbrk_r  0x08003d9c       0x20 c:/program files (x86)/atollic/truestudio for arm 7.1.2/armtools/bin/../lib/gcc/arm-atollic-eabi/5.3.1/../../../../arm-atollic-eabi/lib/armv7e-m/fpu\libc_nano.a(lib_a-sbrkr.o)
                0x08003d9c                _sbrk_r
 .text.snprintf
                0x08003dbc       0x64 c:/program files (x86)/atollic/truestudio for arm 7.1.2/armtools/bin/../lib/gcc/arm-atollic-eabi/5.3.1/../../../../arm-atollic-eabi/lib/armv7e-m/fpu\libc_nano.a(lib_a-snprintf.o)
                0x08003dbc                sniprintf
                0x08003dbc                snprintf
 .text.__malloc_lock
                0x08003e20        0x2 c:/program files (x86)/atollic/truestudio for arm 7.1.2/armtools/bin/../lib/gcc/arm-atollic-eabi/5.3.1/../../../../arm-atollic-eabi/lib/armv7e-m/fpu\libc_nano.a(lib_a-mlock.o)
                0x08003e20                __malloc_lock
 .text.__malloc_unlock
                0x08003e22        0x2 c:/program files (x86)/atollic/truestudio for arm 7.1.2/armtools/bin/../lib/gcc/arm-atollic-eabi/5.3.1/../../../../arm-atollic-eabi/lib/armv7e-m/fpu\libc_nano.a(lib_a-mlock.o)
                0x08003e22                __malloc_unlock
 .text.__ssputs_r
                0x08003e24       0xb2 c:/program files (x86)/atollic/truestudio for arm 7.1.2/armtools/bin/../lib/gcc/arm-atollic-eabi/5.3.1/../../../../arm-atollic-eabi/lib/armv7e-m/fpu\libc_nano.a(lib_a-nano-svfprintf.o)
                0x08003e24                __ssputs_r
 *fill*         0x08003ed6        0x2 
 .text._svfprintf_r
                0x08003ed8      0x1e8 c:/program files (x86)/atollic/truestudio for arm 7.1.2/armtools/bin/../lib/gcc/arm-atollic-eabi/5.3.1/../../../../arm-atollic-eabi/lib/armv7e-m/fpu\libc_nano.a(lib_a-nano-svfprintf.o)
                0x08003ed8                _svfiprintf_r
                0x08003ed8                _svfprintf_r
 .text._printf_common
                0x080040c0       0xec c:/program files (x86)/atollic/truestudio for arm 7.1.2/armtools/bin/../lib/gcc/arm-atollic-eabi/5.3.1/../../../../arm-atollic-eabi/lib/armv7e-m/fpu\libc_nano.a(lib_a-nano-vfprintf_i.o)
                0x080040c0                _printf_common
 .text._printf_i
                0x080041ac      0x24c c:/program files (x86)/atollic/truestudio for arm 7.1.2/armtools/bin/../lib/gcc/arm-atollic-eabi/5.3.1/../../../../arm-atollic-eabi/lib/armv7e-m/fpu\libc_nano.a(lib_a-nano-vfprintf_i.o)
                0x080041ac                _printf_i
 .text.memmove  0x080043f8       0x36 c:/program files (x86)/atollic/truestudio for arm 7.1.2/armtools/bin/../lib/gcc/arm-atollic-eabi/5.3.1/../../../../arm-atollic-eabi/lib/armv7e-m/fpu\libc_nano.a(lib_a-memmove.o)
                0x080043f8                memmove
 .text._realloc_r
                0x0800442e       0x4c c:/program files (x86)/atollic/truestudio for arm 7.1.2/armtools/bin/../lib/gcc/arm-atollic-eabi/5.3.1/../../../../arm-atollic-eabi/lib/armv7e-m/fpu\libc_nano.a(lib_a-nano-reallocr.o)
                0x0800442e                _realloc_r
 .text._malloc_usable_size_r
                0x0800447a       0x14 c:/program files (x86)/atollic/truestudio for arm 7.1.2/armtools/bin/../lib/gcc/arm-atollic-eabi/5.3.1/../../../../arm-atollic-eabi/lib/armv7e-m/fpu\libc_nano.a(lib_a-nano-msizer.o)
                0x0800447a                _malloc_usable_size_r
 *fill*         0x0800448e        0x2 
 .text._sbrk    0x08004490       0x1c c:/program files (x86)/atollic/truestudio for arm 7.1.2/armtools/bin/../lib/gcc/arm-atollic-eabi/5.3.1/../../../../arm-atollic-eabi/lib/armv7e-m/fpu\libnosys.a(sbrk.o)
                0x08004490                _sbrk
 .text._write   0x080044ac       0x10 c:/program files (x86)/atollic/truestudio for arm 7.1.2/armtools/bin/../lib/gcc/arm-atollic-eabi/5.3.1/../../../../arm-atollic-eabi/lib/armv7e-m/fpu\libnosys.a(write.o)
                0x080044ac                _write
 *(.glue_7)
 .glue_7        0x080044bc        0x0 linker stubs
 *(.glue_7t)
 .glue_7t       0x080044bc        0x0 linker stubs
 *(.eh_frame)
 .eh_frame      0x080044bc        0x0 c:/program files (x86)/atollic/truestudio for arm 7.1.2/armtools/bin/../lib/gcc/arm-atollic-eabi/5.3.1/armv7e-m/fpu/crtbegin.o
 *(.init)
 .init          0x080044bc        0x4 c:/program files (x86)/atollic/truestudio for arm 7.1.2/armtools/bin/../lib/gcc/arm-atollic-eabi/5.3.1/armv7e-m/fpu/crti.o
                0x080044bc                _init
 .init          0x080044c0        0x8 c:/program files (x86)/atollic/truestudio for arm 7.1.2/armtools/bin/../lib/gcc/arm-atollic-eabi/5.3.1/armv7e-m/fpu/crtn.o
 *(.fini)
 .fini          0x080044c8        0x4 c:/program files (x86)/atollic/truestudio for arm 7.1.2/armtools/bin/../lib/gcc/arm-atollic-eabi/5.3.1/armv7e-m/fpu/crti.o
                0x080044c8                _fini
 .fini          0x080044cc        0x8 c:/program files (x86)/atollic/truestudio for arm 7.1.2/armtools/bin/../lib/gcc/arm-atollic-eabi/5.3.1/armv7e-m/fpu/crtn.o
                0x080044d4                . = ALIGN (0x4)
                0x080044d4                _etext = .

.vfp11_veneer   0x080044d4        0x0
 .vfp11_veneer  0x080044d4        0x0 linker stubs

.v4_bx          0x080044d4        0x0
 .v4_bx         0x080044d4        0x0 linker stubs

.iplt           0x080044d4        0x0
 .iplt          0x080044d4        0x0 c:/program files (x86)/atollic/truestudio for arm 7.1.2/armtools/bin/../lib/gcc/arm-atollic-eabi/5.3.1/armv7e-m/fpu/crtbegin.o

.rodata         0x080044d4      0x1e8
                0x080044d4                . = ALIGN (0x4)
 *(.rodata)
 .rodata        0x080044d4       0x28 Src\main.o
 *(.rodata*)
 .rodata.aPredivFactorTable
                0x080044fc       0x10 Drivers\STM32F3xx_HAL_Driver\Src\stm32f3xx_hal_rcc.o
                0x080044fc                aPredivFactorTable
 .rodata.aPLLMULFactorTable
                0x0800450c       0x10 Drivers\STM32F3xx_HAL_Driver\Src\stm32f3xx_hal_rcc.o
                0x0800450c                aPLLMULFactorTable
 .rodata.str1.1
                0x0800451c        0x5 Middlewares\Third_Party\FreeRTOS\Source\tasks.o
 .rodata.str1.1
                0x08004521        0xd Middlewares\Third_Party\FreeRTOS\Source\timers.o
 .rodata.str1.1
                0x0800452e       0x22 Src\Debug.o
 .rodata.str1.1
                0x08004550       0xee Src\Sensors.o
 .rodata.str1.1
                0x0800463e       0x1e Src\main.o
 .rodata.AHBPrescTable
                0x0800465c       0x10 Src\system_stm32f3xx.o
                0x0800465c                AHBPrescTable
 .rodata.APBPrescTable
                0x0800466c        0x8 Src\system_stm32f3xx.o
                0x0800466c                APBPrescTable
 .rodata.str1.1
                0x08004674       0x12 Src\user_tasks.o
 .rodata.str1.1
                0x08004686        0x2 c:/program files (x86)/atollic/truestudio for arm 7.1.2/armtools/bin/../lib/gcc/arm-atollic-eabi/5.3.1/../../../../arm-atollic-eabi/lib/armv7e-m/fpu\libc_nano.a(lib_a-impure.o)
 .rodata.str1.1
                0x08004688       0x11 c:/program files (x86)/atollic/truestudio for arm 7.1.2/armtools/bin/../lib/gcc/arm-atollic-eabi/5.3.1/../../../../arm-atollic-eabi/lib/armv7e-m/fpu\libc_nano.a(lib_a-nano-svfprintf.o)
 .rodata.str1.1
                0x08004699       0x22 c:/program files (x86)/atollic/truestudio for arm 7.1.2/armtools/bin/../lib/gcc/arm-atollic-eabi/5.3.1/../../../../arm-atollic-eabi/lib/armv7e-m/fpu\libc_nano.a(lib_a-nano-vfprintf_i.o)
                0x080046bc                . = ALIGN (0x4)
 *fill*         0x080046bb        0x1 

.rel.dyn        0x080046bc        0x0
 .rel.iplt      0x080046bc        0x0 c:/program files (x86)/atollic/truestudio for arm 7.1.2/armtools/bin/../lib/gcc/arm-atollic-eabi/5.3.1/armv7e-m/fpu/crtbegin.o

.ARM.extab
 *(.ARM.extab* .gnu.linkonce.armextab.*)

.ARM            0x080046bc        0x0
                0x080046bc                __exidx_start = .
 *(.ARM.exidx*)
                0x080046bc                __exidx_end = .

.preinit_array  0x080046bc        0x0
                0x080046bc                PROVIDE (__preinit_array_start, .)
 *(.preinit_array*)
                0x080046bc                PROVIDE (__preinit_array_end, .)

.init_array     0x080046bc        0x4
                0x080046bc                PROVIDE (__init_array_start, .)
 *(SORT(.init_array.*))
 *(.init_array*)
 .init_array    0x080046bc        0x4 c:/program files (x86)/atollic/truestudio for arm 7.1.2/armtools/bin/../lib/gcc/arm-atollic-eabi/5.3.1/armv7e-m/fpu/crtbegin.o
                0x080046c0                PROVIDE (__init_array_end, .)

.fini_array     0x080046c0        0x4
                [!provide]                PROVIDE (__fini_array_start, .)
 *(SORT(.fini_array.*))
 *(.fini_array*)
 .fini_array    0x080046c0        0x4 c:/program files (x86)/atollic/truestudio for arm 7.1.2/armtools/bin/../lib/gcc/arm-atollic-eabi/5.3.1/armv7e-m/fpu/crtbegin.o
                [!provide]                PROVIDE (__fini_array_end, .)
                0x080046c4                _sidata = LOADADDR (.data)

.data           0x20000000       0x70 load address 0x080046c4
                0x20000000                . = ALIGN (0x4)
                0x20000000                _sdata = .
 *(.data)
 *(.data*)
 .data.LED_PORT
                0x20000000        0x4 Drivers\BSP\STM32F3xx-Nucleo\stm32f3xx_nucleo.o
                0x20000000                LED_PORT
 .data.uxCriticalNesting
                0x20000004        0x4 Middlewares\Third_Party\FreeRTOS\Source\portable\GCC\ARM_CM4F\port.o
 .data.SystemCoreClock
                0x20000008        0x4 Src\system_stm32f3xx.o
                0x20000008                SystemCoreClock
 .data.impure_data
                0x2000000c       0x60 c:/program files (x86)/atollic/truestudio for arm 7.1.2/armtools/bin/../lib/gcc/arm-atollic-eabi/5.3.1/../../../../arm-atollic-eabi/lib/armv7e-m/fpu\libc_nano.a(lib_a-impure.o)
 .data._impure_ptr
                0x2000006c        0x4 c:/program files (x86)/atollic/truestudio for arm 7.1.2/armtools/bin/../lib/gcc/arm-atollic-eabi/5.3.1/../../../../arm-atollic-eabi/lib/armv7e-m/fpu\libc_nano.a(lib_a-impure.o)
                0x2000006c                _impure_ptr
                0x20000070                . = ALIGN (0x4)
                0x20000070                _edata = .
                0x08004734                _siccmram = LOADADDR (.ccmram)

.igot.plt       0x20000070        0x0 load address 0x08004734
 .igot.plt      0x20000070        0x0 c:/program files (x86)/atollic/truestudio for arm 7.1.2/armtools/bin/../lib/gcc/arm-atollic-eabi/5.3.1/armv7e-m/fpu/crtbegin.o

.ccmram         0x10000000        0x0 load address 0x08004734
                0x10000000                . = ALIGN (0x4)
                0x10000000                _sccmram = .
 *(.ccmram)
 *(.ccmram*)
                0x10000000                . = ALIGN (0x4)
                0x10000000                _eccmram = .
                0x10000000                . = ALIGN (0x4)

.bss            0x20000070      0xfc8
                0x20000070                _sbss = .
                0x20000070                __bss_start__ = _sbss
 *(.bss)
 .bss           0x20000070       0x1c c:/program files (x86)/atollic/truestudio for arm 7.1.2/armtools/bin/../lib/gcc/arm-atollic-eabi/5.3.1/armv7e-m/fpu/crtbegin.o
 *(.bss*)
 .bss.ucMaxSysCallPriority
                0x2000008c        0x1 Middlewares\Third_Party\FreeRTOS\Source\portable\GCC\ARM_CM4F\port.o
 *fill*         0x2000008d        0x3 
 .bss.ulMaxPRIGROUPValue
                0x20000090        0x4 Middlewares\Third_Party\FreeRTOS\Source\portable\GCC\ARM_CM4F\port.o
 .bss.xFreeBytesRemaining
                0x20000094        0x4 Middlewares\Third_Party\FreeRTOS\Source\portable\MemMang\heap_4.o
 .bss.pxEnd     0x20000098        0x4 Middlewares\Third_Party\FreeRTOS\Source\portable\MemMang\heap_4.o
 .bss.xStart    0x2000009c        0x8 Middlewares\Third_Party\FreeRTOS\Source\portable\MemMang\heap_4.o
 .bss.ucHeap    0x200000a4      0xc00 Middlewares\Third_Party\FreeRTOS\Source\portable\MemMang\heap_4.o
 .bss.xBlockAllocatedBit
                0x20000ca4        0x4 Middlewares\Third_Party\FreeRTOS\Source\portable\MemMang\heap_4.o
 .bss.xMinimumEverFreeBytesRemaining
                0x20000ca8        0x4 Middlewares\Third_Party\FreeRTOS\Source\portable\MemMang\heap_4.o
 .bss.xNumOfOverflows
                0x20000cac        0x4 Middlewares\Third_Party\FreeRTOS\Source\tasks.o
 .bss.pxDelayedTaskList
                0x20000cb0        0x4 Middlewares\Third_Party\FreeRTOS\Source\tasks.o
 .bss.xSchedulerRunning
                0x20000cb4        0x4 Middlewares\Third_Party\FreeRTOS\Source\tasks.o
 .bss.uxSchedulerSuspended
                0x20000cb8        0x4 Middlewares\Third_Party\FreeRTOS\Source\tasks.o
 .bss.xDelayedTaskList1
                0x20000cbc       0x14 Middlewares\Third_Party\FreeRTOS\Source\tasks.o
 .bss.uxPendedTicks
                0x20000cd0        0x4 Middlewares\Third_Party\FreeRTOS\Source\tasks.o
 .bss.pxReadyTasksLists
                0x20000cd4       0x8c Middlewares\Third_Party\FreeRTOS\Source\tasks.o
 .bss.xTasksWaitingTermination
                0x20000d60       0x14 Middlewares\Third_Party\FreeRTOS\Source\tasks.o
 .bss.uxDeletedTasksWaitingCleanUp
                0x20000d74        0x4 Middlewares\Third_Party\FreeRTOS\Source\tasks.o
 .bss.pxCurrentTCB
                0x20000d78        0x4 Middlewares\Third_Party\FreeRTOS\Source\tasks.o
                0x20000d78                pxCurrentTCB
 .bss.xNextTaskUnblockTime
                0x20000d7c        0x4 Middlewares\Third_Party\FreeRTOS\Source\tasks.o
 .bss.xTickCount
                0x20000d80        0x4 Middlewares\Third_Party\FreeRTOS\Source\tasks.o
 .bss.pxOverflowDelayedTaskList
                0x20000d84        0x4 Middlewares\Third_Party\FreeRTOS\Source\tasks.o
 .bss.xPendingReadyList
                0x20000d88       0x14 Middlewares\Third_Party\FreeRTOS\Source\tasks.o
 .bss.uxTaskNumber
                0x20000d9c        0x4 Middlewares\Third_Party\FreeRTOS\Source\tasks.o
 .bss.uxCurrentNumberOfTasks
                0x20000da0        0x4 Middlewares\Third_Party\FreeRTOS\Source\tasks.o
 .bss.xDelayedTaskList2
                0x20000da4       0x14 Middlewares\Third_Party\FreeRTOS\Source\tasks.o
 .bss.xIdleTaskHandle
                0x20000db8        0x4 Middlewares\Third_Party\FreeRTOS\Source\tasks.o
 .bss.xSuspendedTaskList
                0x20000dbc       0x14 Middlewares\Third_Party\FreeRTOS\Source\tasks.o
 .bss.uxTopReadyPriority
                0x20000dd0        0x4 Middlewares\Third_Party\FreeRTOS\Source\tasks.o
 .bss.xYieldPending
                0x20000dd4        0x4 Middlewares\Third_Party\FreeRTOS\Source\tasks.o
 .bss.pxCurrentTimerList
                0x20000dd8        0x4 Middlewares\Third_Party\FreeRTOS\Source\timers.o
 .bss.xActiveTimerList1
                0x20000ddc       0x14 Middlewares\Third_Party\FreeRTOS\Source\timers.o
 .bss.xActiveTimerList2
                0x20000df0       0x14 Middlewares\Third_Party\FreeRTOS\Source\timers.o
 .bss.xLastTime.5420
                0x20000e04        0x4 Middlewares\Third_Party\FreeRTOS\Source\timers.o
 .bss.xTimerQueue
                0x20000e08        0x4 Middlewares\Third_Party\FreeRTOS\Source\timers.o
 .bss.pxOverflowTimerList
                0x20000e0c        0x4 Middlewares\Third_Party\FreeRTOS\Source\timers.o
 .bss.xTimerTaskHandle
                0x20000e10        0x4 Middlewares\Third_Party\FreeRTOS\Source\timers.o
 .bss.ptrInput  0x20000e14        0x4 Src\Sensors.o
 .bss.timer_variable
                0x20000e18        0x4 TestEnv\VirtualInput.o
                0x20000e18                timer_variable
 .bss.__malloc_sbrk_start
                0x20000e1c        0x4 c:/program files (x86)/atollic/truestudio for arm 7.1.2/armtools/bin/../lib/gcc/arm-atollic-eabi/5.3.1/../../../../arm-atollic-eabi/lib/armv7e-m/fpu\libc_nano.a(lib_a-nano-mallocr.o)
                0x20000e1c                __malloc_sbrk_start
 .bss.__malloc_free_list
                0x20000e20        0x4 c:/program files (x86)/atollic/truestudio for arm 7.1.2/armtools/bin/../lib/gcc/arm-atollic-eabi/5.3.1/../../../../arm-atollic-eabi/lib/armv7e-m/fpu\libc_nano.a(lib_a-nano-mallocr.o)
                0x20000e20                __malloc_free_list
 .bss.heap_end.4169
                0x20000e24        0x4 c:/program files (x86)/atollic/truestudio for arm 7.1.2/armtools/bin/../lib/gcc/arm-atollic-eabi/5.3.1/../../../../arm-atollic-eabi/lib/armv7e-m/fpu\libnosys.a(sbrk.o)
 *(COMMON)
 COMMON         0x20000e28        0x4 Drivers\STM32F3xx_HAL_Driver\Src\stm32f3xx_hal.o
                0x20000e28                uwTick
 COMMON         0x20000e2c       0x40 Middlewares\Third_Party\FreeRTOS\Source\queue.o
                0x20000e2c                xQueueRegistry
 COMMON         0x20000e6c      0x188 Src\main.o
                0x20000e6c                defaultTaskHandle
                0x20000e70                Output_Storage
                0x20000ea4                Input_Storage
                0x20000f28                hadc1
                0x20000f7c                hadc3
                0x20000fd0                System_State
                0x20000ff0                mainCycleHandle
 COMMON         0x20000ff4       0x40 Src\stm32f3xx_hal_timebase_TIM.o
                0x20000ff4                htim1
 COMMON         0x20001034        0x4 c:/program files (x86)/atollic/truestudio for arm 7.1.2/armtools/bin/../lib/gcc/arm-atollic-eabi/5.3.1/../../../../arm-atollic-eabi/lib/armv7e-m/fpu\libc_nano.a(lib_a-reent.o)
                0x20001034                errno
                0x20001038                . = ALIGN (0x4)
                0x20001038                _ebss = .
                0x20001038                __bss_end__ = _ebss

._user_heap_stack
                0x20001038      0x600
                0x20001038                . = ALIGN (0x4)
                0x20001038                PROVIDE (end, .)
                [!provide]                PROVIDE (_end, .)
                0x20001238                . = (. + _Min_Heap_Size)
 *fill*         0x20001038      0x200 
                0x20001638                . = (. + _Min_Stack_Size)
 *fill*         0x20001238      0x400 
                0x20001638                . = ALIGN (0x4)

/DISCARD/
 libc.a(*)
 libm.a(*)
 libgcc.a(*)

.ARM.attributes
                0x00000000       0x30
 *(.ARM.attributes)
 .ARM.attributes
                0x00000000       0x22 c:/program files (x86)/atollic/truestudio for arm 7.1.2/armtools/bin/../lib/gcc/arm-atollic-eabi/5.3.1/armv7e-m/fpu/crti.o
 .ARM.attributes
                0x00000022       0x34 c:/program files (x86)/atollic/truestudio for arm 7.1.2/armtools/bin/../lib/gcc/arm-atollic-eabi/5.3.1/armv7e-m/fpu/crtbegin.o
 .ARM.attributes
                0x00000056       0x39 Drivers\BSP\STM32F3xx-Nucleo\stm32f3xx_nucleo.o
 .ARM.attributes
                0x0000008f       0x39 Drivers\STM32F3xx_HAL_Driver\Src\stm32f3xx_hal.o
 .ARM.attributes
                0x000000c8       0x39 Drivers\STM32F3xx_HAL_Driver\Src\stm32f3xx_hal_adc_ex.o
 .ARM.attributes
                0x00000101       0x39 Drivers\STM32F3xx_HAL_Driver\Src\stm32f3xx_hal_cortex.o
 .ARM.attributes
                0x0000013a       0x39 Drivers\STM32F3xx_HAL_Driver\Src\stm32f3xx_hal_gpio.o
 .ARM.attributes
                0x00000173       0x39 Drivers\STM32F3xx_HAL_Driver\Src\stm32f3xx_hal_rcc.o
 .ARM.attributes
                0x000001ac       0x39 Drivers\STM32F3xx_HAL_Driver\Src\stm32f3xx_hal_rcc_ex.o
 .ARM.attributes
                0x000001e5       0x39 Drivers\STM32F3xx_HAL_Driver\Src\stm32f3xx_hal_tim.o
 .ARM.attributes
                0x0000021e       0x39 Drivers\STM32F3xx_HAL_Driver\Src\stm32f3xx_hal_tim_ex.o
 .ARM.attributes
                0x00000257       0x39 Middlewares\Third_Party\FreeRTOS\Source\CMSIS_RTOS\cmsis_os.o
 .ARM.attributes
                0x00000290       0x39 Middlewares\Third_Party\FreeRTOS\Source\list.o
 .ARM.attributes
                0x000002c9       0x39 Middlewares\Third_Party\FreeRTOS\Source\portable\GCC\ARM_CM4F\port.o
 .ARM.attributes
                0x00000302       0x39 Middlewares\Third_Party\FreeRTOS\Source\portable\MemMang\heap_4.o
 .ARM.attributes
                0x0000033b       0x39 Middlewares\Third_Party\FreeRTOS\Source\queue.o
 .ARM.attributes
                0x00000374       0x39 Middlewares\Third_Party\FreeRTOS\Source\tasks.o
 .ARM.attributes
                0x000003ad       0x39 Middlewares\Third_Party\FreeRTOS\Source\timers.o
 .ARM.attributes
                0x000003e6       0x39 Src\Actuators.o
 .ARM.attributes
                0x0000041f       0x39 Src\Debug.o
 .ARM.attributes
                0x00000458       0x39 Src\Evaluation.o
 .ARM.attributes
                0x00000491       0x39 Src\Module_1_Transportation.o
 .ARM.attributes
                0x000004ca       0x39 Src\Module_2_Gravity.o
 .ARM.attributes
                0x00000503       0x39 Src\Module_3_Pumping.o
 .ARM.attributes
                0x0000053c       0x39 Src\Module_4_Pouring.o
 .ARM.attributes
                0x00000575       0x39 Src\Module_5_Sensors.o
 .ARM.attributes
                0x000005ae       0x39 Src\Module_6_Handling.o
 .ARM.attributes
                0x000005e7       0x39 Src\Sensors.o
 .ARM.attributes
                0x00000620       0x39 Src\main.o
 .ARM.attributes
                0x00000659       0x39 Src\stm32f3xx_hal_msp.o
 .ARM.attributes
                0x00000692       0x39 Src\stm32f3xx_hal_timebase_TIM.o
 .ARM.attributes
                0x000006cb       0x39 Src\stm32f3xx_it.o
 .ARM.attributes
                0x00000704       0x39 Src\system_stm32f3xx.o
 .ARM.attributes
                0x0000073d       0x39 Src\tiny_printf.o
 .ARM.attributes
                0x00000776       0x39 Src\user_tasks.o
 .ARM.attributes
                0x000007af       0x39 TestEnv\VirtualInput.o
 .ARM.attributes
                0x000007e8       0x21 startup\startup_stm32f303xe.o
 .ARM.attributes
                0x00000809       0x34 c:/program files (x86)/atollic/truestudio for arm 7.1.2/armtools/bin/../lib/gcc/arm-atollic-eabi/5.3.1/../../../../arm-atollic-eabi/lib/armv7e-m/fpu\libc_nano.a(lib_a-init.o)
 .ARM.attributes
                0x0000083d       0x34 c:/program files (x86)/atollic/truestudio for arm 7.1.2/armtools/bin/../lib/gcc/arm-atollic-eabi/5.3.1/../../../../arm-atollic-eabi/lib/armv7e-m/fpu\libc_nano.a(lib_a-malloc.o)
 .ARM.attributes
                0x00000871       0x34 c:/program files (x86)/atollic/truestudio for arm 7.1.2/armtools/bin/../lib/gcc/arm-atollic-eabi/5.3.1/../../../../arm-atollic-eabi/lib/armv7e-m/fpu\libc_nano.a(lib_a-memcpy-stub.o)
 .ARM.attributes
                0x000008a5       0x34 c:/program files (x86)/atollic/truestudio for arm 7.1.2/armtools/bin/../lib/gcc/arm-atollic-eabi/5.3.1/../../../../arm-atollic-eabi/lib/armv7e-m/fpu\libc_nano.a(lib_a-nano-freer.o)
 .ARM.attributes
                0x000008d9       0x34 c:/program files (x86)/atollic/truestudio for arm 7.1.2/armtools/bin/../lib/gcc/arm-atollic-eabi/5.3.1/../../../../arm-atollic-eabi/lib/armv7e-m/fpu\libc_nano.a(lib_a-nano-mallocr.o)
 .ARM.attributes
                0x0000090d       0x34 c:/program files (x86)/atollic/truestudio for arm 7.1.2/armtools/bin/../lib/gcc/arm-atollic-eabi/5.3.1/../../../../arm-atollic-eabi/lib/armv7e-m/fpu\libc_nano.a(lib_a-sbrkr.o)
 .ARM.attributes
                0x00000941       0x34 c:/program files (x86)/atollic/truestudio for arm 7.1.2/armtools/bin/../lib/gcc/arm-atollic-eabi/5.3.1/../../../../arm-atollic-eabi/lib/armv7e-m/fpu\libc_nano.a(lib_a-snprintf.o)
 .ARM.attributes
                0x00000975       0x1b c:/program files (x86)/atollic/truestudio for arm 7.1.2/armtools/bin/../lib/gcc/arm-atollic-eabi/5.3.1/../../../../arm-atollic-eabi/lib/armv7e-m/fpu\libc_nano.a(lib_a-strlen.o)
 .ARM.attributes
                0x00000990       0x34 c:/program files (x86)/atollic/truestudio for arm 7.1.2/armtools/bin/../lib/gcc/arm-atollic-eabi/5.3.1/../../../../arm-atollic-eabi/lib/armv7e-m/fpu\libc_nano.a(lib_a-impure.o)
 .ARM.attributes
                0x000009c4       0x34 c:/program files (x86)/atollic/truestudio for arm 7.1.2/armtools/bin/../lib/gcc/arm-atollic-eabi/5.3.1/../../../../arm-atollic-eabi/lib/armv7e-m/fpu\libc_nano.a(lib_a-mlock.o)
 .ARM.attributes
                0x000009f8       0x34 c:/program files (x86)/atollic/truestudio for arm 7.1.2/armtools/bin/../lib/gcc/arm-atollic-eabi/5.3.1/../../../../arm-atollic-eabi/lib/armv7e-m/fpu\libc_nano.a(lib_a-nano-svfprintf.o)
 .ARM.attributes
                0x00000a2c       0x34 c:/program files (x86)/atollic/truestudio for arm 7.1.2/armtools/bin/../lib/gcc/arm-atollic-eabi/5.3.1/../../../../arm-atollic-eabi/lib/armv7e-m/fpu\libc_nano.a(lib_a-nano-vfprintf_i.o)
 .ARM.attributes
                0x00000a60       0x34 c:/program files (x86)/atollic/truestudio for arm 7.1.2/armtools/bin/../lib/gcc/arm-atollic-eabi/5.3.1/../../../../arm-atollic-eabi/lib/armv7e-m/fpu\libc_nano.a(lib_a-reent.o)
 .ARM.attributes
                0x00000a94       0x20 c:/program files (x86)/atollic/truestudio for arm 7.1.2/armtools/bin/../lib/gcc/arm-atollic-eabi/5.3.1/../../../../arm-atollic-eabi/lib/armv7e-m/fpu\libc_nano.a(lib_a-memchr.o)
 .ARM.attributes
                0x00000ab4       0x34 c:/program files (x86)/atollic/truestudio for arm 7.1.2/armtools/bin/../lib/gcc/arm-atollic-eabi/5.3.1/../../../../arm-atollic-eabi/lib/armv7e-m/fpu\libc_nano.a(lib_a-memmove.o)
 .ARM.attributes
                0x00000ae8       0x34 c:/program files (x86)/atollic/truestudio for arm 7.1.2/armtools/bin/../lib/gcc/arm-atollic-eabi/5.3.1/../../../../arm-atollic-eabi/lib/armv7e-m/fpu\libc_nano.a(lib_a-nano-reallocr.o)
 .ARM.attributes
                0x00000b1c       0x34 c:/program files (x86)/atollic/truestudio for arm 7.1.2/armtools/bin/../lib/gcc/arm-atollic-eabi/5.3.1/../../../../arm-atollic-eabi/lib/armv7e-m/fpu\libc_nano.a(lib_a-nano-msizer.o)
 .ARM.attributes
                0x00000b50       0x34 c:/program files (x86)/atollic/truestudio for arm 7.1.2/armtools/bin/../lib/gcc/arm-atollic-eabi/5.3.1/../../../../arm-atollic-eabi/lib/armv7e-m/fpu\libnosys.a(sbrk.o)
 .ARM.attributes
                0x00000b84       0x34 c:/program files (x86)/atollic/truestudio for arm 7.1.2/armtools/bin/../lib/gcc/arm-atollic-eabi/5.3.1/../../../../arm-atollic-eabi/lib/armv7e-m/fpu\libnosys.a(write.o)
 .ARM.attributes
                0x00000bb8       0x22 c:/program files (x86)/atollic/truestudio for arm 7.1.2/armtools/bin/../lib/gcc/arm-atollic-eabi/5.3.1/armv7e-m/fpu/crtn.o
OUTPUT(Cocktailmaschine_V2.0.elf elf32-littlearm)

.debug_info     0x00000000    0x1a3b3
 .debug_info    0x00000000     0x123d Drivers\BSP\STM32F3xx-Nucleo\stm32f3xx_nucleo.o
 .debug_info    0x0000123d      0x71d Drivers\STM32F3xx_HAL_Driver\Src\stm32f3xx_hal.o
 .debug_info    0x0000195a     0x19d4 Drivers\STM32F3xx_HAL_Driver\Src\stm32f3xx_hal_adc_ex.o
 .debug_info    0x0000332e      0xe95 Drivers\STM32F3xx_HAL_Driver\Src\stm32f3xx_hal_cortex.o
 .debug_info    0x000041c3      0x727 Drivers\STM32F3xx_HAL_Driver\Src\stm32f3xx_hal_gpio.o
 .debug_info    0x000048ea     0x134c Drivers\STM32F3xx_HAL_Driver\Src\stm32f3xx_hal_rcc.o
 .debug_info    0x00005c36      0x70b Drivers\STM32F3xx_HAL_Driver\Src\stm32f3xx_hal_rcc_ex.o
 .debug_info    0x00006341     0x2db6 Drivers\STM32F3xx_HAL_Driver\Src\stm32f3xx_hal_tim.o
 .debug_info    0x000090f7     0x12f0 Drivers\STM32F3xx_HAL_Driver\Src\stm32f3xx_hal_tim_ex.o
 .debug_info    0x0000a3e7     0x1e53 Middlewares\Third_Party\FreeRTOS\Source\CMSIS_RTOS\cmsis_os.o
 .debug_info    0x0000c23a      0x2a1 Middlewares\Third_Party\FreeRTOS\Source\list.o
 .debug_info    0x0000c4db      0x530 Middlewares\Third_Party\FreeRTOS\Source\portable\GCC\ARM_CM4F\port.o
 .debug_info    0x0000ca0b      0x486 Middlewares\Third_Party\FreeRTOS\Source\portable\MemMang\heap_4.o
 .debug_info    0x0000ce91     0x188b Middlewares\Third_Party\FreeRTOS\Source\queue.o
 .debug_info    0x0000e71c     0x236d Middlewares\Third_Party\FreeRTOS\Source\tasks.o
 .debug_info    0x00010a89     0x1193 Middlewares\Third_Party\FreeRTOS\Source\timers.o
 .debug_info    0x00011c1c      0x268 Src\Actuators.o
 .debug_info    0x00011e84      0x37b Src\Debug.o
 .debug_info    0x000121ff      0x72e Src\Evaluation.o
 .debug_info    0x0001292d      0x499 Src\Module_1_Transportation.o
 .debug_info    0x00012dc6      0x499 Src\Module_2_Gravity.o
 .debug_info    0x0001325f      0x499 Src\Module_3_Pumping.o
 .debug_info    0x000136f8      0x499 Src\Module_4_Pouring.o
 .debug_info    0x00013b91      0x499 Src\Module_5_Sensors.o
 .debug_info    0x0001402a      0x499 Src\Module_6_Handling.o
 .debug_info    0x000144c3      0xc6c Src\Sensors.o
 .debug_info    0x0001512f     0x1c14 Src\main.o
 .debug_info    0x00016d43      0xbf0 Src\stm32f3xx_hal_msp.o
 .debug_info    0x00017933      0xa27 Src\stm32f3xx_hal_timebase_TIM.o
 .debug_info    0x0001835a      0x5c4 Src\stm32f3xx_it.o
 .debug_info    0x0001891e      0x400 Src\system_stm32f3xx.o
 .debug_info    0x00018d1e      0xba0 Src\tiny_printf.o
 .debug_info    0x000198be      0x6e5 Src\user_tasks.o
 .debug_info    0x00019fa3      0x394 TestEnv\VirtualInput.o
 .debug_info    0x0001a337       0x7c startup\startup_stm32f303xe.o

.debug_abbrev   0x00000000     0x3ff7
 .debug_abbrev  0x00000000      0x2e9 Drivers\BSP\STM32F3xx-Nucleo\stm32f3xx_nucleo.o
 .debug_abbrev  0x000002e9      0x1d0 Drivers\STM32F3xx_HAL_Driver\Src\stm32f3xx_hal.o
 .debug_abbrev  0x000004b9      0x2cc Drivers\STM32F3xx_HAL_Driver\Src\stm32f3xx_hal_adc_ex.o
 .debug_abbrev  0x00000785      0x313 Drivers\STM32F3xx_HAL_Driver\Src\stm32f3xx_hal_cortex.o
 .debug_abbrev  0x00000a98      0x1c8 Drivers\STM32F3xx_HAL_Driver\Src\stm32f3xx_hal_gpio.o
 .debug_abbrev  0x00000c60      0x2ca Drivers\STM32F3xx_HAL_Driver\Src\stm32f3xx_hal_rcc.o
 .debug_abbrev  0x00000f2a      0x25e Drivers\STM32F3xx_HAL_Driver\Src\stm32f3xx_hal_rcc_ex.o
 .debug_abbrev  0x00001188      0x310 Drivers\STM32F3xx_HAL_Driver\Src\stm32f3xx_hal_tim.o
 .debug_abbrev  0x00001498      0x270 Drivers\STM32F3xx_HAL_Driver\Src\stm32f3xx_hal_tim_ex.o
 .debug_abbrev  0x00001708      0x36a Middlewares\Third_Party\FreeRTOS\Source\CMSIS_RTOS\cmsis_os.o
 .debug_abbrev  0x00001a72       0xdc Middlewares\Third_Party\FreeRTOS\Source\list.o
 .debug_abbrev  0x00001b4e      0x219 Middlewares\Third_Party\FreeRTOS\Source\portable\GCC\ARM_CM4F\port.o
 .debug_abbrev  0x00001d67      0x230 Middlewares\Third_Party\FreeRTOS\Source\portable\MemMang\heap_4.o
 .debug_abbrev  0x00001f97      0x2e3 Middlewares\Third_Party\FreeRTOS\Source\queue.o
 .debug_abbrev  0x0000227a      0x36d Middlewares\Third_Party\FreeRTOS\Source\tasks.o
 .debug_abbrev  0x000025e7      0x2c4 Middlewares\Third_Party\FreeRTOS\Source\timers.o
 .debug_abbrev  0x000028ab      0x102 Src\Actuators.o
 .debug_abbrev  0x000029ad      0x113 Src\Debug.o
 .debug_abbrev  0x00002ac0      0x100 Src\Evaluation.o
 .debug_abbrev  0x00002bc0       0xbe Src\Module_1_Transportation.o
 .debug_abbrev  0x00002c7e       0xbe Src\Module_2_Gravity.o
 .debug_abbrev  0x00002d3c       0xbe Src\Module_3_Pumping.o
 .debug_abbrev  0x00002dfa       0xbe Src\Module_4_Pouring.o
 .debug_abbrev  0x00002eb8       0xbe Src\Module_5_Sensors.o
 .debug_abbrev  0x00002f76       0xbe Src\Module_6_Handling.o
 .debug_abbrev  0x00003034      0x219 Src\Sensors.o
 .debug_abbrev  0x0000324d      0x311 Src\main.o
 .debug_abbrev  0x0000355e      0x1a3 Src\stm32f3xx_hal_msp.o
 .debug_abbrev  0x00003701      0x1cf Src\stm32f3xx_hal_timebase_TIM.o
 .debug_abbrev  0x000038d0      0x155 Src\stm32f3xx_it.o
 .debug_abbrev  0x00003a25      0x101 Src\system_stm32f3xx.o
 .debug_abbrev  0x00003b26      0x26a Src\tiny_printf.o
 .debug_abbrev  0x00003d90      0x14b Src\user_tasks.o
 .debug_abbrev  0x00003edb      0x10a TestEnv\VirtualInput.o
 .debug_abbrev  0x00003fe5       0x12 startup\startup_stm32f303xe.o

.debug_loc      0x00000000     0xbe98
 .debug_loc     0x00000000      0x1e5 Drivers\BSP\STM32F3xx-Nucleo\stm32f3xx_nucleo.o
 .debug_loc     0x000001e5       0x4b Drivers\STM32F3xx_HAL_Driver\Src\stm32f3xx_hal.o
 .debug_loc     0x00000230     0x1a94 Drivers\STM32F3xx_HAL_Driver\Src\stm32f3xx_hal_adc_ex.o
 .debug_loc     0x00001cc4      0x4cc Drivers\STM32F3xx_HAL_Driver\Src\stm32f3xx_hal_cortex.o
 .debug_loc     0x00002190      0x280 Drivers\STM32F3xx_HAL_Driver\Src\stm32f3xx_hal_gpio.o
 .debug_loc     0x00002410      0x8f0 Drivers\STM32F3xx_HAL_Driver\Src\stm32f3xx_hal_rcc.o
 .debug_loc     0x00002d00      0x863 Drivers\STM32F3xx_HAL_Driver\Src\stm32f3xx_hal_rcc_ex.o
 .debug_loc     0x00003563     0x2f22 Drivers\STM32F3xx_HAL_Driver\Src\stm32f3xx_hal_tim.o
 .debug_loc     0x00006485      0xf46 Drivers\STM32F3xx_HAL_Driver\Src\stm32f3xx_hal_tim_ex.o
 .debug_loc     0x000073cb     0x11fb Middlewares\Third_Party\FreeRTOS\Source\CMSIS_RTOS\cmsis_os.o
 .debug_loc     0x000085c6       0x94 Middlewares\Third_Party\FreeRTOS\Source\list.o
 .debug_loc     0x0000865a       0xcf Middlewares\Third_Party\FreeRTOS\Source\portable\GCC\ARM_CM4F\port.o
 .debug_loc     0x00008729      0x3a7 Middlewares\Third_Party\FreeRTOS\Source\portable\MemMang\heap_4.o
 .debug_loc     0x00008ad0      0xe1e Middlewares\Third_Party\FreeRTOS\Source\queue.o
 .debug_loc     0x000098ee     0x1539 Middlewares\Third_Party\FreeRTOS\Source\tasks.o
 .debug_loc     0x0000ae27      0x913 Middlewares\Third_Party\FreeRTOS\Source\timers.o
 .debug_loc     0x0000b73a       0xd5 Src\Debug.o
 .debug_loc     0x0000b80f       0x90 Src\Sensors.o
 .debug_loc     0x0000b89f       0x4d Src\main.o
 .debug_loc     0x0000b8ec       0x7f Src\stm32f3xx_hal_msp.o
 .debug_loc     0x0000b96b       0x94 Src\stm32f3xx_hal_timebase_TIM.o
 .debug_loc     0x0000b9ff       0xc6 Src\system_stm32f3xx.o
 .debug_loc     0x0000bac5      0x3b2 Src\tiny_printf.o
 .debug_loc     0x0000be77       0x21 Src\user_tasks.o

.debug_aranges  0x00000000     0x1038
 .debug_aranges
                0x00000000       0x78 Drivers\BSP\STM32F3xx-Nucleo\stm32f3xx_nucleo.o
 .debug_aranges
                0x00000078       0xa8 Drivers\STM32F3xx_HAL_Driver\Src\stm32f3xx_hal.o
 .debug_aranges
                0x00000120      0x150 Drivers\STM32F3xx_HAL_Driver\Src\stm32f3xx_hal_adc_ex.o
 .debug_aranges
                0x00000270       0xa8 Drivers\STM32F3xx_HAL_Driver\Src\stm32f3xx_hal_cortex.o
 .debug_aranges
                0x00000318       0x58 Drivers\STM32F3xx_HAL_Driver\Src\stm32f3xx_hal_gpio.o
 .debug_aranges
                0x00000370       0x88 Drivers\STM32F3xx_HAL_Driver\Src\stm32f3xx_hal_rcc.o
 .debug_aranges
                0x000003f8       0x38 Drivers\STM32F3xx_HAL_Driver\Src\stm32f3xx_hal_rcc_ex.o
 .debug_aranges
                0x00000430      0x258 Drivers\STM32F3xx_HAL_Driver\Src\stm32f3xx_hal_tim.o
 .debug_aranges
                0x00000688      0x120 Drivers\STM32F3xx_HAL_Driver\Src\stm32f3xx_hal_tim_ex.o
 .debug_aranges
                0x000007a8      0x1a0 Middlewares\Third_Party\FreeRTOS\Source\CMSIS_RTOS\cmsis_os.o
 .debug_aranges
                0x00000948       0x40 Middlewares\Third_Party\FreeRTOS\Source\list.o
 .debug_aranges
                0x00000988       0x80 Middlewares\Third_Party\FreeRTOS\Source\portable\GCC\ARM_CM4F\port.o
 .debug_aranges
                0x00000a08       0x48 Middlewares\Third_Party\FreeRTOS\Source\portable\MemMang\heap_4.o
 .debug_aranges
                0x00000a50       0xc8 Middlewares\Third_Party\FreeRTOS\Source\queue.o
 .debug_aranges
                0x00000b18      0x180 Middlewares\Third_Party\FreeRTOS\Source\tasks.o
 .debug_aranges
                0x00000c98       0x88 Middlewares\Third_Party\FreeRTOS\Source\timers.o
 .debug_aranges
                0x00000d20       0x28 Src\Actuators.o
 .debug_aranges
                0x00000d48       0x30 Src\Debug.o
 .debug_aranges
                0x00000d78       0x20 Src\Evaluation.o
 .debug_aranges
                0x00000d98       0x20 Src\Module_1_Transportation.o
 .debug_aranges
                0x00000db8       0x20 Src\Module_2_Gravity.o
 .debug_aranges
                0x00000dd8       0x20 Src\Module_3_Pumping.o
 .debug_aranges
                0x00000df8       0x20 Src\Module_4_Pouring.o
 .debug_aranges
                0x00000e18       0x20 Src\Module_5_Sensors.o
 .debug_aranges
                0x00000e38       0x20 Src\Module_6_Handling.o
 .debug_aranges
                0x00000e58       0x38 Src\Sensors.o
 .debug_aranges
                0x00000e90       0x40 Src\main.o
 .debug_aranges
                0x00000ed0       0x30 Src\stm32f3xx_hal_msp.o
 .debug_aranges
                0x00000f00       0x30 Src\stm32f3xx_hal_timebase_TIM.o
 .debug_aranges
                0x00000f30       0x28 Src\stm32f3xx_it.o
 .debug_aranges
                0x00000f58       0x28 Src\system_stm32f3xx.o
 .debug_aranges
                0x00000f80       0x48 Src\tiny_printf.o
 .debug_aranges
                0x00000fc8       0x20 Src\user_tasks.o
 .debug_aranges
                0x00000fe8       0x28 TestEnv\VirtualInput.o
 .debug_aranges
                0x00001010       0x28 startup\startup_stm32f303xe.o

.debug_ranges   0x00000000     0x1420
 .debug_ranges  0x00000000      0x120 Drivers\BSP\STM32F3xx-Nucleo\stm32f3xx_nucleo.o
 .debug_ranges  0x00000120       0x98 Drivers\STM32F3xx_HAL_Driver\Src\stm32f3xx_hal.o
 .debug_ranges  0x000001b8      0x140 Drivers\STM32F3xx_HAL_Driver\Src\stm32f3xx_hal_adc_ex.o
 .debug_ranges  0x000002f8      0x158 Drivers\STM32F3xx_HAL_Driver\Src\stm32f3xx_hal_cortex.o
 .debug_ranges  0x00000450       0x68 Drivers\STM32F3xx_HAL_Driver\Src\stm32f3xx_hal_gpio.o
 .debug_ranges  0x000004b8      0x1e8 Drivers\STM32F3xx_HAL_Driver\Src\stm32f3xx_hal_rcc.o
 .debug_ranges  0x000006a0       0x58 Drivers\STM32F3xx_HAL_Driver\Src\stm32f3xx_hal_rcc_ex.o
 .debug_ranges  0x000006f8      0x308 Drivers\STM32F3xx_HAL_Driver\Src\stm32f3xx_hal_tim.o
 .debug_ranges  0x00000a00      0x110 Drivers\STM32F3xx_HAL_Driver\Src\stm32f3xx_hal_tim_ex.o
 .debug_ranges  0x00000b10      0x190 Middlewares\Third_Party\FreeRTOS\Source\CMSIS_RTOS\cmsis_os.o
 .debug_ranges  0x00000ca0       0x30 Middlewares\Third_Party\FreeRTOS\Source\list.o
 .debug_ranges  0x00000cd0       0x70 Middlewares\Third_Party\FreeRTOS\Source\portable\GCC\ARM_CM4F\port.o
 .debug_ranges  0x00000d40       0x38 Middlewares\Third_Party\FreeRTOS\Source\portable\MemMang\heap_4.o
 .debug_ranges  0x00000d78       0xb8 Middlewares\Third_Party\FreeRTOS\Source\queue.o
 .debug_ranges  0x00000e30      0x240 Middlewares\Third_Party\FreeRTOS\Source\tasks.o
 .debug_ranges  0x00001070       0xa8 Middlewares\Third_Party\FreeRTOS\Source\timers.o
 .debug_ranges  0x00001118       0x18 Src\Actuators.o
 .debug_ranges  0x00001130       0x20 Src\Debug.o
 .debug_ranges  0x00001150       0x10 Src\Evaluation.o
 .debug_ranges  0x00001160       0x10 Src\Module_1_Transportation.o
 .debug_ranges  0x00001170       0x10 Src\Module_2_Gravity.o
 .debug_ranges  0x00001180       0x10 Src\Module_3_Pumping.o
 .debug_ranges  0x00001190       0x10 Src\Module_4_Pouring.o
 .debug_ranges  0x000011a0       0x10 Src\Module_5_Sensors.o
 .debug_ranges  0x000011b0       0x10 Src\Module_6_Handling.o
 .debug_ranges  0x000011c0       0x28 Src\Sensors.o
 .debug_ranges  0x000011e8       0x80 Src\main.o
 .debug_ranges  0x00001268       0x80 Src\stm32f3xx_hal_msp.o
 .debug_ranges  0x000012e8       0x40 Src\stm32f3xx_hal_timebase_TIM.o
 .debug_ranges  0x00001328       0x18 Src\stm32f3xx_it.o
 .debug_ranges  0x00001340       0x18 Src\system_stm32f3xx.o
 .debug_ranges  0x00001358       0x68 Src\tiny_printf.o
 .debug_ranges  0x000013c0       0x28 Src\user_tasks.o
 .debug_ranges  0x000013e8       0x18 TestEnv\VirtualInput.o
 .debug_ranges  0x00001400       0x20 startup\startup_stm32f303xe.o

.debug_line     0x00000000     0x9730
 .debug_line    0x00000000      0x3fd Drivers\BSP\STM32F3xx-Nucleo\stm32f3xx_nucleo.o
 .debug_line    0x000003fd      0x354 Drivers\STM32F3xx_HAL_Driver\Src\stm32f3xx_hal.o
 .debug_line    0x00000751     0x1376 Drivers\STM32F3xx_HAL_Driver\Src\stm32f3xx_hal_adc_ex.o
 .debug_line    0x00001ac7      0x418 Drivers\STM32F3xx_HAL_Driver\Src\stm32f3xx_hal_cortex.o
 .debug_line    0x00001edf      0x3b9 Drivers\STM32F3xx_HAL_Driver\Src\stm32f3xx_hal_gpio.o
 .debug_line    0x00002298      0x7a1 Drivers\STM32F3xx_HAL_Driver\Src\stm32f3xx_hal_rcc.o
 .debug_line    0x00002a39      0x4d3 Drivers\STM32F3xx_HAL_Driver\Src\stm32f3xx_hal_rcc_ex.o
 .debug_line    0x00002f0c     0x11bc Drivers\STM32F3xx_HAL_Driver\Src\stm32f3xx_hal_tim.o
 .debug_line    0x000040c8      0x82e Drivers\STM32F3xx_HAL_Driver\Src\stm32f3xx_hal_tim_ex.o
 .debug_line    0x000048f6      0x85b Middlewares\Third_Party\FreeRTOS\Source\CMSIS_RTOS\cmsis_os.o
 .debug_line    0x00005151      0x249 Middlewares\Third_Party\FreeRTOS\Source\list.o
 .debug_line    0x0000539a      0x342 Middlewares\Third_Party\FreeRTOS\Source\portable\GCC\ARM_CM4F\port.o
 .debug_line    0x000056dc      0x36d Middlewares\Third_Party\FreeRTOS\Source\portable\MemMang\heap_4.o
 .debug_line    0x00005a49      0x74b Middlewares\Third_Party\FreeRTOS\Source\queue.o
 .debug_line    0x00006194      0xb3b Middlewares\Third_Party\FreeRTOS\Source\tasks.o
 .debug_line    0x00006ccf      0x46f Middlewares\Third_Party\FreeRTOS\Source\timers.o
 .debug_line    0x0000713e      0x1b9 Src\Actuators.o
 .debug_line    0x000072f7      0x170 Src\Debug.o
 .debug_line    0x00007467      0x217 Src\Evaluation.o
 .debug_line    0x0000767e      0x18d Src\Module_1_Transportation.o
 .debug_line    0x0000780b      0x186 Src\Module_2_Gravity.o
 .debug_line    0x00007991      0x186 Src\Module_3_Pumping.o
 .debug_line    0x00007b17      0x186 Src\Module_4_Pouring.o
 .debug_line    0x00007c9d      0x186 Src\Module_5_Sensors.o
 .debug_line    0x00007e23      0x185 Src\Module_6_Handling.o
 .debug_line    0x00007fa8      0x2ae Src\Sensors.o
 .debug_line    0x00008256      0x4f7 Src\main.o
 .debug_line    0x0000874d      0x2b5 Src\stm32f3xx_hal_msp.o
 .debug_line    0x00008a02      0x273 Src\stm32f3xx_hal_timebase_TIM.o
 .debug_line    0x00008c75      0x24a Src\stm32f3xx_it.o
 .debug_line    0x00008ebf      0x1be Src\system_stm32f3xx.o
 .debug_line    0x0000907d      0x268 Src\tiny_printf.o
 .debug_line    0x000092e5      0x256 Src\user_tasks.o
 .debug_line    0x0000953b      0x176 TestEnv\VirtualInput.o
 .debug_line    0x000096b1       0x7f startup\startup_stm32f303xe.o

.debug_str      0x00000000     0x6179
 .debug_str     0x00000000      0xe9d Drivers\BSP\STM32F3xx-Nucleo\stm32f3xx_nucleo.o
                                0xfa4 (size before relaxing)
 .debug_str     0x00000e9d      0x24c Drivers\STM32F3xx_HAL_Driver\Src\stm32f3xx_hal.o
                                0x964 (size before relaxing)
 .debug_str     0x000010e9      0x73d Drivers\STM32F3xx_HAL_Driver\Src\stm32f3xx_hal_adc_ex.o
                                0xeba (size before relaxing)
 .debug_str     0x00001826      0x37d Drivers\STM32F3xx_HAL_Driver\Src\stm32f3xx_hal_cortex.o
                                0xbf1 (size before relaxing)
 .debug_str     0x00001ba3      0x141 Drivers\STM32F3xx_HAL_Driver\Src\stm32f3xx_hal_gpio.o
                                0x4f7 (size before relaxing)
 .debug_str     0x00001ce4      0x321 Drivers\STM32F3xx_HAL_Driver\Src\stm32f3xx_hal_rcc.o
                                0x69b (size before relaxing)
 .debug_str     0x00002005      0x2b9 Drivers\STM32F3xx_HAL_Driver\Src\stm32f3xx_hal_rcc_ex.o
                                0x60c (size before relaxing)
 .debug_str     0x000022be      0xc77 Drivers\STM32F3xx_HAL_Driver\Src\stm32f3xx_hal_tim.o
                               0x110e (size before relaxing)
 .debug_str     0x00002f35      0x4d0 Drivers\STM32F3xx_HAL_Driver\Src\stm32f3xx_hal_tim_ex.o
                                0xd2c (size before relaxing)
 .debug_str     0x00003405      0xb19 Middlewares\Third_Party\FreeRTOS\Source\CMSIS_RTOS\cmsis_os.o
                                0xdd5 (size before relaxing)
 .debug_str     0x00003f1e      0x14f Middlewares\Third_Party\FreeRTOS\Source\list.o
                                0x322 (size before relaxing)
 .debug_str     0x0000406d      0x21e Middlewares\Third_Party\FreeRTOS\Source\portable\GCC\ARM_CM4F\port.o
                                0x487 (size before relaxing)
 .debug_str     0x0000428b      0x1e8 Middlewares\Third_Party\FreeRTOS\Source\portable\MemMang\heap_4.o
                                0x40b (size before relaxing)
 .debug_str     0x00004473      0x4be Middlewares\Third_Party\FreeRTOS\Source\queue.o
                                0x96c (size before relaxing)
 .debug_str     0x00004931      0x738 Middlewares\Third_Party\FreeRTOS\Source\tasks.o
                                0xea4 (size before relaxing)
 .debug_str     0x00005069      0x3ee Middlewares\Third_Party\FreeRTOS\Source\timers.o
                                0x8b4 (size before relaxing)
 .debug_str     0x00005457       0xe9 Src\Actuators.o
                                0x307 (size before relaxing)
 .debug_str     0x00005540       0x8c Src\Debug.o
                                0x231 (size before relaxing)
 .debug_str     0x000055cc      0x343 Src\Evaluation.o
                                0x644 (size before relaxing)
 .debug_str     0x0000590f       0x21 Src\Module_1_Transportation.o
                                0x4f0 (size before relaxing)
 .debug_str     0x00005930       0x1a Src\Module_2_Gravity.o
                                0x4db (size before relaxing)
 .debug_str     0x0000594a       0x1a Src\Module_3_Pumping.o
                                0x4db (size before relaxing)
 .debug_str     0x00005964       0x1a Src\Module_4_Pouring.o
                                0x4db (size before relaxing)
 .debug_str     0x0000597e       0x1a Src\Module_5_Sensors.o
                                0x4db (size before relaxing)
 .debug_str     0x00005998       0x1b Src\Module_6_Handling.o
                                0x4de (size before relaxing)
 .debug_str     0x000059b3      0x141 Src\Sensors.o
                                0xa33 (size before relaxing)
 .debug_str     0x00005af4      0x119 Src\main.o
                               0x184b (size before relaxing)
 .debug_str     0x00005c0d       0x27 Src\stm32f3xx_hal_msp.o
                                0xbf8 (size before relaxing)
 .debug_str     0x00005c34       0x61 Src\stm32f3xx_hal_timebase_TIM.o
                                0xc37 (size before relaxing)
 .debug_str     0x00005c95       0x3f Src\stm32f3xx_it.o
                                0x5fb (size before relaxing)
 .debug_str     0x00005cd4       0x50 Src\system_stm32f3xx.o
                                0x319 (size before relaxing)
 .debug_str     0x00005d24      0x3ff Src\tiny_printf.o
                                0x5ea (size before relaxing)
 .debug_str     0x00006123       0x2d Src\user_tasks.o
                                0x651 (size before relaxing)
 .debug_str     0x00006150       0x29 TestEnv\VirtualInput.o
                                0x42b (size before relaxing)

.comment        0x00000000       0x7e
 .comment       0x00000000       0x7e Drivers\BSP\STM32F3xx-Nucleo\stm32f3xx_nucleo.o
                                 0x7f (size before relaxing)
 .comment       0x0000007e       0x7f Drivers\STM32F3xx_HAL_Driver\Src\stm32f3xx_hal.o
 .comment       0x0000007e       0x7f Drivers\STM32F3xx_HAL_Driver\Src\stm32f3xx_hal_adc_ex.o
 .comment       0x0000007e       0x7f Drivers\STM32F3xx_HAL_Driver\Src\stm32f3xx_hal_cortex.o
 .comment       0x0000007e       0x7f Drivers\STM32F3xx_HAL_Driver\Src\stm32f3xx_hal_gpio.o
 .comment       0x0000007e       0x7f Drivers\STM32F3xx_HAL_Driver\Src\stm32f3xx_hal_rcc.o
 .comment       0x0000007e       0x7f Drivers\STM32F3xx_HAL_Driver\Src\stm32f3xx_hal_rcc_ex.o
 .comment       0x0000007e       0x7f Drivers\STM32F3xx_HAL_Driver\Src\stm32f3xx_hal_tim.o
 .comment       0x0000007e       0x7f Drivers\STM32F3xx_HAL_Driver\Src\stm32f3xx_hal_tim_ex.o
 .comment       0x0000007e       0x7f Middlewares\Third_Party\FreeRTOS\Source\CMSIS_RTOS\cmsis_os.o
 .comment       0x0000007e       0x7f Middlewares\Third_Party\FreeRTOS\Source\list.o
 .comment       0x0000007e       0x7f Middlewares\Third_Party\FreeRTOS\Source\portable\GCC\ARM_CM4F\port.o
 .comment       0x0000007e       0x7f Middlewares\Third_Party\FreeRTOS\Source\portable\MemMang\heap_4.o
 .comment       0x0000007e       0x7f Middlewares\Third_Party\FreeRTOS\Source\queue.o
 .comment       0x0000007e       0x7f Middlewares\Third_Party\FreeRTOS\Source\tasks.o
 .comment       0x0000007e       0x7f Middlewares\Third_Party\FreeRTOS\Source\timers.o
 .comment       0x0000007e       0x7f Src\Actuators.o
 .comment       0x0000007e       0x7f Src\Debug.o
 .comment       0x0000007e       0x7f Src\Evaluation.o
 .comment       0x0000007e       0x7f Src\Module_1_Transportation.o
 .comment       0x0000007e       0x7f Src\Module_2_Gravity.o
 .comment       0x0000007e       0x7f Src\Module_3_Pumping.o
 .comment       0x0000007e       0x7f Src\Module_4_Pouring.o
 .comment       0x0000007e       0x7f Src\Module_5_Sensors.o
 .comment       0x0000007e       0x7f Src\Module_6_Handling.o
 .comment       0x0000007e       0x7f Src\Sensors.o
 .comment       0x0000007e       0x7f Src\main.o
 .comment       0x0000007e       0x7f Src\stm32f3xx_hal_msp.o
 .comment       0x0000007e       0x7f Src\stm32f3xx_hal_timebase_TIM.o
 .comment       0x0000007e       0x7f Src\stm32f3xx_it.o
 .comment       0x0000007e       0x7f Src\system_stm32f3xx.o
 .comment       0x0000007e       0x7f Src\tiny_printf.o
 .comment       0x0000007e       0x7f Src\user_tasks.o
 .comment       0x0000007e       0x7f TestEnv\VirtualInput.o

.debug_frame    0x00000000     0x3134
 .debug_frame   0x00000000      0x140 Drivers\BSP\STM32F3xx-Nucleo\stm32f3xx_nucleo.o
 .debug_frame   0x00000140      0x164 Drivers\STM32F3xx_HAL_Driver\Src\stm32f3xx_hal.o
 .debug_frame   0x000002a4      0x458 Drivers\STM32F3xx_HAL_Driver\Src\stm32f3xx_hal_adc_ex.o
 .debug_frame   0x000006fc      0x150 Drivers\STM32F3xx_HAL_Driver\Src\stm32f3xx_hal_cortex.o
 .debug_frame   0x0000084c       0xd8 Drivers\STM32F3xx_HAL_Driver\Src\stm32f3xx_hal_gpio.o
 .debug_frame   0x00000924      0x134 Drivers\STM32F3xx_HAL_Driver\Src\stm32f3xx_hal_rcc.o
 .debug_frame   0x00000a58       0xb0 Drivers\STM32F3xx_HAL_Driver\Src\stm32f3xx_hal_rcc_ex.o
 .debug_frame   0x00000b08      0x874 Drivers\STM32F3xx_HAL_Driver\Src\stm32f3xx_hal_tim.o
 .debug_frame   0x0000137c      0x3d0 Drivers\STM32F3xx_HAL_Driver\Src\stm32f3xx_hal_tim_ex.o
 .debug_frame   0x0000174c      0x4dc Middlewares\Third_Party\FreeRTOS\Source\CMSIS_RTOS\cmsis_os.o
 .debug_frame   0x00001c28       0x6c Middlewares\Third_Party\FreeRTOS\Source\list.o
 .debug_frame   0x00001c94       0xf0 Middlewares\Third_Party\FreeRTOS\Source\portable\GCC\ARM_CM4F\port.o
 .debug_frame   0x00001d84       0x98 Middlewares\Third_Party\FreeRTOS\Source\portable\MemMang\heap_4.o
 .debug_frame   0x00001e1c      0x27c Middlewares\Third_Party\FreeRTOS\Source\queue.o
 .debug_frame   0x00002098      0x4f8 Middlewares\Third_Party\FreeRTOS\Source\tasks.o
 .debug_frame   0x00002590      0x188 Middlewares\Third_Party\FreeRTOS\Source\timers.o
 .debug_frame   0x00002718       0x3c Src\Actuators.o
 .debug_frame   0x00002754       0xac Src\Debug.o
 .debug_frame   0x00002800       0x40 Src\Evaluation.o
 .debug_frame   0x00002840       0x28 Src\Module_1_Transportation.o
 .debug_frame   0x00002868       0x28 Src\Module_2_Gravity.o
 .debug_frame   0x00002890       0x28 Src\Module_3_Pumping.o
 .debug_frame   0x000028b8       0x28 Src\Module_4_Pouring.o
 .debug_frame   0x000028e0       0x28 Src\Module_5_Sensors.o
 .debug_frame   0x00002908       0x28 Src\Module_6_Handling.o
 .debug_frame   0x00002930       0xc0 Src\Sensors.o
 .debug_frame   0x000029f0       0x90 Src\main.o
 .debug_frame   0x00002a80       0x68 Src\stm32f3xx_hal_msp.o
 .debug_frame   0x00002ae8       0x50 Src\stm32f3xx_hal_timebase_TIM.o
 .debug_frame   0x00002b38       0x30 Src\stm32f3xx_it.o
 .debug_frame   0x00002b68       0x38 Src\system_stm32f3xx.o
 .debug_frame   0x00002ba0      0x118 Src\tiny_printf.o
 .debug_frame   0x00002cb8       0x34 Src\user_tasks.o
 .debug_frame   0x00002cec       0x80 TestEnv\VirtualInput.o
 .debug_frame   0x00002d6c       0x2c c:/program files (x86)/atollic/truestudio for arm 7.1.2/armtools/bin/../lib/gcc/arm-atollic-eabi/5.3.1/../../../../arm-atollic-eabi/lib/armv7e-m/fpu\libc_nano.a(lib_a-init.o)
 .debug_frame   0x00002d98       0x30 c:/program files (x86)/atollic/truestudio for arm 7.1.2/armtools/bin/../lib/gcc/arm-atollic-eabi/5.3.1/../../../../arm-atollic-eabi/lib/armv7e-m/fpu\libc_nano.a(lib_a-malloc.o)
 .debug_frame   0x00002dc8       0x28 c:/program files (x86)/atollic/truestudio for arm 7.1.2/armtools/bin/../lib/gcc/arm-atollic-eabi/5.3.1/../../../../arm-atollic-eabi/lib/armv7e-m/fpu\libc_nano.a(lib_a-memcpy-stub.o)
 .debug_frame   0x00002df0       0x38 c:/program files (x86)/atollic/truestudio for arm 7.1.2/armtools/bin/../lib/gcc/arm-atollic-eabi/5.3.1/../../../../arm-atollic-eabi/lib/armv7e-m/fpu\libc_nano.a(lib_a-nano-freer.o)
 .debug_frame   0x00002e28       0x2c c:/program files (x86)/atollic/truestudio for arm 7.1.2/armtools/bin/../lib/gcc/arm-atollic-eabi/5.3.1/../../../../arm-atollic-eabi/lib/armv7e-m/fpu\libc_nano.a(lib_a-nano-mallocr.o)
 .debug_frame   0x00002e54       0x2c c:/program files (x86)/atollic/truestudio for arm 7.1.2/armtools/bin/../lib/gcc/arm-atollic-eabi/5.3.1/../../../../arm-atollic-eabi/lib/armv7e-m/fpu\libc_nano.a(lib_a-sbrkr.o)
 .debug_frame   0x00002e80       0x74 c:/program files (x86)/atollic/truestudio for arm 7.1.2/armtools/bin/../lib/gcc/arm-atollic-eabi/5.3.1/../../../../arm-atollic-eabi/lib/armv7e-m/fpu\libc_nano.a(lib_a-snprintf.o)
 .debug_frame   0x00002ef4       0x30 c:/program files (x86)/atollic/truestudio for arm 7.1.2/armtools/bin/../lib/gcc/arm-atollic-eabi/5.3.1/../../../../arm-atollic-eabi/lib/armv7e-m/fpu\libc_nano.a(lib_a-mlock.o)
 .debug_frame   0x00002f24       0x90 c:/program files (x86)/atollic/truestudio for arm 7.1.2/armtools/bin/../lib/gcc/arm-atollic-eabi/5.3.1/../../../../arm-atollic-eabi/lib/armv7e-m/fpu\libc_nano.a(lib_a-nano-svfprintf.o)
 .debug_frame   0x00002fb4       0x60 c:/program files (x86)/atollic/truestudio for arm 7.1.2/armtools/bin/../lib/gcc/arm-atollic-eabi/5.3.1/../../../../arm-atollic-eabi/lib/armv7e-m/fpu\libc_nano.a(lib_a-nano-vfprintf_i.o)
 .debug_frame   0x00003014       0x5c c:/program files (x86)/atollic/truestudio for arm 7.1.2/armtools/bin/../lib/gcc/arm-atollic-eabi/5.3.1/../../../../arm-atollic-eabi/lib/armv7e-m/fpu\libc_nano.a(lib_a-reent.o)
 .debug_frame   0x00003070       0x28 c:/program files (x86)/atollic/truestudio for arm 7.1.2/armtools/bin/../lib/gcc/arm-atollic-eabi/5.3.1/../../../../arm-atollic-eabi/lib/armv7e-m/fpu\libc_nano.a(lib_a-memmove.o)
 .debug_frame   0x00003098       0x3c c:/program files (x86)/atollic/truestudio for arm 7.1.2/armtools/bin/../lib/gcc/arm-atollic-eabi/5.3.1/../../../../arm-atollic-eabi/lib/armv7e-m/fpu\libc_nano.a(lib_a-nano-reallocr.o)
 .debug_frame   0x000030d4       0x20 c:/program files (x86)/atollic/truestudio for arm 7.1.2/armtools/bin/../lib/gcc/arm-atollic-eabi/5.3.1/../../../../arm-atollic-eabi/lib/armv7e-m/fpu\libc_nano.a(lib_a-nano-msizer.o)
 .debug_frame   0x000030f4       0x20 c:/program files (x86)/atollic/truestudio for arm 7.1.2/armtools/bin/../lib/gcc/arm-atollic-eabi/5.3.1/../../../../arm-atollic-eabi/lib/armv7e-m/fpu\libnosys.a(sbrk.o)
 .debug_frame   0x00003114       0x20 c:/program files (x86)/atollic/truestudio for arm 7.1.2/armtools/bin/../lib/gcc/arm-atollic-eabi/5.3.1/../../../../arm-atollic-eabi/lib/armv7e-m/fpu\libnosys.a(write.o)

.stab           0x00000000       0x24
 .stab          0x00000000       0x24 c:/program files (x86)/atollic/truestudio for arm 7.1.2/armtools/bin/../lib/gcc/arm-atollic-eabi/5.3.1/../../../../arm-atollic-eabi/lib/armv7e-m/fpu\libnosys.a(write.o)

.stabstr        0x00000000       0x3f
 .stabstr       0x00000000       0x3f c:/program files (x86)/atollic/truestudio for arm 7.1.2/armtools/bin/../lib/gcc/arm-atollic-eabi/5.3.1/../../../../arm-atollic-eabi/lib/armv7e-m/fpu\libnosys.a(write.o)
