Archive member included to satisfy reference by file (symbol)

c:/program files (x86)/atollic/truestudio for arm 7.1.2/armtools/bin/../lib/gcc/arm-atollic-eabi/5.3.1/../../../../arm-atollic-eabi/lib/armv7e-m/fpu\libc_nano.a(lib_a-impure.o)
                              Src\Debug.o (_impure_ptr)
c:/program files (x86)/atollic/truestudio for arm 7.1.2/armtools/bin/../lib/gcc/arm-atollic-eabi/5.3.1/../../../../arm-atollic-eabi/lib/armv7e-m/fpu\libc_nano.a(lib_a-init.o)
                              startup\startup_stm32f303xe.o (__libc_init_array)
c:/program files (x86)/atollic/truestudio for arm 7.1.2/armtools/bin/../lib/gcc/arm-atollic-eabi/5.3.1/../../../../arm-atollic-eabi/lib/armv7e-m/fpu\libc_nano.a(lib_a-malloc.o)
                              Src\Debug.o (malloc)
c:/program files (x86)/atollic/truestudio for arm 7.1.2/armtools/bin/../lib/gcc/arm-atollic-eabi/5.3.1/../../../../arm-atollic-eabi/lib/armv7e-m/fpu\libc_nano.a(lib_a-memcpy-stub.o)
                              Middlewares\Third_Party\FreeRTOS\Source\queue.o (memcpy)
c:/program files (x86)/atollic/truestudio for arm 7.1.2/armtools/bin/../lib/gcc/arm-atollic-eabi/5.3.1/../../../../arm-atollic-eabi/lib/armv7e-m/fpu\libc_nano.a(lib_a-memset.o)
                              Drivers\STM32F3xx_HAL_Driver\Src\stm32f3xx_hal_rcc.o (memset)
c:/program files (x86)/atollic/truestudio for arm 7.1.2/armtools/bin/../lib/gcc/arm-atollic-eabi/5.3.1/../../../../arm-atollic-eabi/lib/armv7e-m/fpu\libc_nano.a(lib_a-nano-freer.o)
                              c:/program files (x86)/atollic/truestudio for arm 7.1.2/armtools/bin/../lib/gcc/arm-atollic-eabi/5.3.1/../../../../arm-atollic-eabi/lib/armv7e-m/fpu\libc_nano.a(lib_a-malloc.o) (_free_r)
c:/program files (x86)/atollic/truestudio for arm 7.1.2/armtools/bin/../lib/gcc/arm-atollic-eabi/5.3.1/../../../../arm-atollic-eabi/lib/armv7e-m/fpu\libc_nano.a(lib_a-nano-mallocr.o)
                              c:/program files (x86)/atollic/truestudio for arm 7.1.2/armtools/bin/../lib/gcc/arm-atollic-eabi/5.3.1/../../../../arm-atollic-eabi/lib/armv7e-m/fpu\libc_nano.a(lib_a-malloc.o) (_malloc_r)
c:/program files (x86)/atollic/truestudio for arm 7.1.2/armtools/bin/../lib/gcc/arm-atollic-eabi/5.3.1/../../../../arm-atollic-eabi/lib/armv7e-m/fpu\libc_nano.a(lib_a-nano-vfprintf.o)
                              Src\Debug.o (vfprintf)
c:/program files (x86)/atollic/truestudio for arm 7.1.2/armtools/bin/../lib/gcc/arm-atollic-eabi/5.3.1/../../../../arm-atollic-eabi/lib/armv7e-m/fpu\libc_nano.a(lib_a-nano-vfprintf_i.o)
                              c:/program files (x86)/atollic/truestudio for arm 7.1.2/armtools/bin/../lib/gcc/arm-atollic-eabi/5.3.1/../../../../arm-atollic-eabi/lib/armv7e-m/fpu\libc_nano.a(lib_a-nano-vfprintf.o) (_printf_i)
c:/program files (x86)/atollic/truestudio for arm 7.1.2/armtools/bin/../lib/gcc/arm-atollic-eabi/5.3.1/../../../../arm-atollic-eabi/lib/armv7e-m/fpu\libc_nano.a(lib_a-sbrkr.o)
                              c:/program files (x86)/atollic/truestudio for arm 7.1.2/armtools/bin/../lib/gcc/arm-atollic-eabi/5.3.1/../../../../arm-atollic-eabi/lib/armv7e-m/fpu\libc_nano.a(lib_a-nano-mallocr.o) (_sbrk_r)
c:/program files (x86)/atollic/truestudio for arm 7.1.2/armtools/bin/../lib/gcc/arm-atollic-eabi/5.3.1/../../../../arm-atollic-eabi/lib/armv7e-m/fpu\libc_nano.a(lib_a-snprintf.o)
                              Src\Debug.o (snprintf)
c:/program files (x86)/atollic/truestudio for arm 7.1.2/armtools/bin/../lib/gcc/arm-atollic-eabi/5.3.1/../../../../arm-atollic-eabi/lib/armv7e-m/fpu\libc_nano.a(lib_a-strlen.o)
                              Src\Debug.o (strlen)
c:/program files (x86)/atollic/truestudio for arm 7.1.2/armtools/bin/../lib/gcc/arm-atollic-eabi/5.3.1/../../../../arm-atollic-eabi/lib/armv7e-m/fpu\libc_nano.a(lib_a-wbuf.o)
                              c:/program files (x86)/atollic/truestudio for arm 7.1.2/armtools/bin/../lib/gcc/arm-atollic-eabi/5.3.1/../../../../arm-atollic-eabi/lib/armv7e-m/fpu\libc_nano.a(lib_a-nano-vfprintf.o) (__swbuf_r)
c:/program files (x86)/atollic/truestudio for arm 7.1.2/armtools/bin/../lib/gcc/arm-atollic-eabi/5.3.1/../../../../arm-atollic-eabi/lib/armv7e-m/fpu\libc_nano.a(lib_a-wsetup.o)
                              c:/program files (x86)/atollic/truestudio for arm 7.1.2/armtools/bin/../lib/gcc/arm-atollic-eabi/5.3.1/../../../../arm-atollic-eabi/lib/armv7e-m/fpu\libc_nano.a(lib_a-nano-vfprintf.o) (__swsetup_r)
c:/program files (x86)/atollic/truestudio for arm 7.1.2/armtools/bin/../lib/gcc/arm-atollic-eabi/5.3.1/../../../../arm-atollic-eabi/lib/armv7e-m/fpu\libc_nano.a(lib_a-fflush.o)
                              c:/program files (x86)/atollic/truestudio for arm 7.1.2/armtools/bin/../lib/gcc/arm-atollic-eabi/5.3.1/../../../../arm-atollic-eabi/lib/armv7e-m/fpu\libc_nano.a(lib_a-wbuf.o) (_fflush_r)
[...]
Memory Configuration

Name             Origin             Length             Attributes
RAM              0x20000000         0x00010000         xrw
CCMRAM           0x10000000         0x00004000         rw
FLASH            0x08000000         0x00080000         xr
*default*        0x00000000         0xffffffff

Linker script and memory map

LOAD c:/program files (x86)/atollic/truestudio for arm 7.1.2/armtools/bin/../lib/gcc/arm-atollic-eabi/5.3.1/armv7e-m/fpu/crti.o
LOAD c:/program files (x86)/atollic/truestudio for arm 7.1.2/armtools/bin/../lib/gcc/arm-atollic-eabi/5.3.1/armv7e-m/fpu/crtbegin.o
LOAD Drivers\BSP\STM32F3xx-Nucleo\stm32f3xx_nucleo.o
LOAD Drivers\STM32F3xx_HAL_Driver\Src\stm32f3xx_hal.o
LOAD Drivers\STM32F3xx_HAL_Driver\Src\stm32f3xx_hal_adc.o
LOAD Drivers\STM32F3xx_HAL_Driver\Src\stm32f3xx_hal_adc_ex.o
LOAD Drivers\STM32F3xx_HAL_Driver\Src\stm32f3xx_hal_cortex.o
LOAD Drivers\STM32F3xx_HAL_Driver\Src\stm32f3xx_hal_dma.o
LOAD Drivers\STM32F3xx_HAL_Driver\Src\stm32f3xx_hal_flash.o
LOAD Drivers\STM32F3xx_HAL_Driver\Src\stm32f3xx_hal_flash_ex.o
LOAD Drivers\STM32F3xx_HAL_Driver\Src\stm32f3xx_hal_gpio.o
LOAD Drivers\STM32F3xx_HAL_Driver\Src\stm32f3xx_hal_i2c.o
LOAD Drivers\STM32F3xx_HAL_Driver\Src\stm32f3xx_hal_i2c_ex.o
LOAD Drivers\STM32F3xx_HAL_Driver\Src\stm32f3xx_hal_pwr.o
LOAD Drivers\STM32F3xx_HAL_Driver\Src\stm32f3xx_hal_pwr_ex.o
LOAD Drivers\STM32F3xx_HAL_Driver\Src\stm32f3xx_hal_rcc.o
LOAD Drivers\STM32F3xx_HAL_Driver\Src\stm32f3xx_hal_rcc_ex.o
LOAD Drivers\STM32F3xx_HAL_Driver\Src\stm32f3xx_hal_tim.o
LOAD Drivers\STM32F3xx_HAL_Driver\Src\stm32f3xx_hal_tim_ex.o
LOAD Middlewares\Third_Party\FreeRTOS\Source\CMSIS_RTOS\cmsis_os.o
LOAD Middlewares\Third_Party\FreeRTOS\Source\croutine.o
LOAD Middlewares\Third_Party\FreeRTOS\Source\event_groups.o
LOAD Middlewares\Third_Party\FreeRTOS\Source\list.o
LOAD Middlewares\Third_Party\FreeRTOS\Source\portable\GCC\ARM_CM4F\port.o
LOAD Middlewares\Third_Party\FreeRTOS\Source\portable\MemMang\heap_4.o
LOAD Middlewares\Third_Party\FreeRTOS\Source\queue.o
LOAD Middlewares\Third_Party\FreeRTOS\Source\tasks.o
LOAD Middlewares\Third_Party\FreeRTOS\Source\timers.o
LOAD Src\Actuators.o
LOAD Src\Debug.o
LOAD Src\Evaluation.o
LOAD Src\Module_1_Transportation.o
LOAD Src\Module_2_Gravity.o
LOAD Src\Module_3_Pumping.o
LOAD Src\Module_4_Pouring.o
LOAD Src\Module_5_Sensors.o
LOAD Src\Module_6_Handling.o
LOAD Src\Module_7_Ice.o
LOAD Src\Sensors.o
LOAD Src\TEMPLATE_Module_x_Name.o
LOAD Src\freertos.o
LOAD Src\main.o
LOAD Src\stm32f3xx_hal_msp.o
LOAD Src\stm32f3xx_hal_timebase_TIM.o
LOAD Src\stm32f3xx_it.o
LOAD Src\system_stm32f3xx.o
LOAD Src\user_tasks.o
LOAD startup\startup_stm32f303xe.o
START GROUP
LOAD c:/program files (x86)/atollic/truestudio for arm 7.1.2/armtools/bin/../lib/gcc/arm-atollic-eabi/5.3.1/../../../../arm-atollic-eabi/lib/armv7e-m/fpu\libc_nano.a
LOAD c:/program files (x86)/atollic/truestudio for arm 7.1.2/armtools/bin/../lib/gcc/arm-atollic-eabi/5.3.1/../../../../arm-atollic-eabi/lib/armv7e-m/fpu\libm.a
END GROUP
                0x00000080                malloc_getpagesize_P = 0x80
START GROUP
LOAD c:/program files (x86)/atollic/truestudio for arm 7.1.2/armtools/bin/../lib/gcc/arm-atollic-eabi/5.3.1/armv7e-m/fpu\libgcc.a
LOAD c:/program files (x86)/atollic/truestudio for arm 7.1.2/armtools/bin/../lib/gcc/arm-atollic-eabi/5.3.1/../../../../arm-atollic-eabi/lib/armv7e-m/fpu\libc_nano.a
END GROUP
START GROUP
LOAD c:/program files (x86)/atollic/truestudio for arm 7.1.2/armtools/bin/../lib/gcc/arm-atollic-eabi/5.3.1/armv7e-m/fpu\libgcc.a
LOAD c:/program files (x86)/atollic/truestudio for arm 7.1.2/armtools/bin/../lib/gcc/arm-atollic-eabi/5.3.1/../../../../arm-atollic-eabi/lib/armv7e-m/fpu\libc_nano.a
LOAD c:/program files (x86)/atollic/truestudio for arm 7.1.2/armtools/bin/../lib/gcc/arm-atollic-eabi/5.3.1/../../../../arm-atollic-eabi/lib/armv7e-m/fpu\libnosys.a
END GROUP
START GROUP
LOAD c:/program files (x86)/atollic/truestudio for arm 7.1.2/armtools/bin/../lib/gcc/arm-atollic-eabi/5.3.1/armv7e-m/fpu\libgcc.a
LOAD c:/program files (x86)/atollic/truestudio for arm 7.1.2/armtools/bin/../lib/gcc/arm-atollic-eabi/5.3.1/../../../../arm-atollic-eabi/lib/armv7e-m/fpu\libc_nano.a
LOAD c:/program files (x86)/atollic/truestudio for arm 7.1.2/armtools/bin/../lib/gcc/arm-atollic-eabi/5.3.1/../../../../arm-atollic-eabi/lib/armv7e-m/fpu\libnosys.a
END GROUP
LOAD c:/program files (x86)/atollic/truestudio for arm 7.1.2/armtools/bin/../lib/gcc/arm-atollic-eabi/5.3.1/armv7e-m/fpu/crtend.o
LOAD c:/program files (x86)/atollic/truestudio for arm 7.1.2/armtools/bin/../lib/gcc/arm-atollic-eabi/5.3.1/armv7e-m/fpu/crtn.o
                0x20010000                _estack = 0x20010000
                0x00000200                _Min_Heap_Size = 0x200
                0x00000400                _Min_Stack_Size = 0x400

.isr_vector     0x08000000      0x194
                0x08000000                . = ALIGN (0x4)
 *(.isr_vector)
 .isr_vector    0x08000000      0x194 startup\startup_stm32f303xe.o
                0x08000000                g_pfnVectors
                0x08000194                . = ALIGN (0x4)

.text           0x080001a0     0x3cf0
                0x080001a0                . = ALIGN (0x4)
 *(.text)
 .text          0x080001a0       0x40 c:/program files (x86)/atollic/truestudio for arm 7.1.2/armtools/bin/../lib/gcc/arm-atollic-eabi/5.3.1/armv7e-m/fpu/crtbegin.o
 .text          0x080001e0       0x10 c:/program files (x86)/atollic/truestudio for arm 7.1.2/armtools/bin/../lib/gcc/arm-atollic-eabi/5.3.1/../../../../arm-atollic-eabi/lib/armv7e-m/fpu\libc_nano.a(lib_a-strlen.o)
                0x080001e0                strlen
 .text          0x080001f0       0xa0 c:/program files (x86)/atollic/truestudio for arm 7.1.2/armtools/bin/../lib/gcc/arm-atollic-eabi/5.3.1/../../../../arm-atollic-eabi/lib/armv7e-m/fpu\libc_nano.a(lib_a-memchr.o)
                0x080001f0                memchr
 *(.text*)
 .text.BSP_LED_On
                0x08000290       0x14 Drivers\BSP\STM32F3xx-Nucleo\stm32f3xx_nucleo.o
                0x08000290                BSP_LED_On
 .text.BSP_LED_Off
                0x080002a4       0x14 Drivers\BSP\STM32F3xx-Nucleo\stm32f3xx_nucleo.o
                0x080002a4                BSP_LED_Off
 .text.HAL_Init
                0x080002b8       0x24 Drivers\STM32F3xx_HAL_Driver\Src\stm32f3xx_hal.o
                0x080002b8                HAL_Init
 .text.HAL_IncTick
                0x080002dc       0x10 Drivers\STM32F3xx_HAL_Driver\Src\stm32f3xx_hal.o
                0x080002dc                HAL_IncTick
 .text.HAL_GetTick
                0x080002ec        0xc Drivers\STM32F3xx_HAL_Driver\Src\stm32f3xx_hal.o
                0x080002ec                HAL_GetTick
 .text.ADC_Disable
                0x080002f8       0x70 Drivers\STM32F3xx_HAL_Driver\Src\stm32f3xx_hal_adc_ex.o
 .text.HAL_ADC_Init
                0x08000368      0x26c Drivers\STM32F3xx_HAL_Driver\Src\stm32f3xx_hal_adc_ex.o
                0x08000368                HAL_ADC_Init
 .text.HAL_ADC_ConfigChannel
                0x080005d4      0x31c Drivers\STM32F3xx_HAL_Driver\Src\stm32f3xx_hal_adc_ex.o
                0x080005d4                HAL_ADC_ConfigChannel
 .text.HAL_ADCEx_MultiModeConfigChannel
                0x080008f0      0x114 Drivers\STM32F3xx_HAL_Driver\Src\stm32f3xx_hal_adc_ex.o
                0x080008f0                HAL_ADCEx_MultiModeConfigChannel
 .text.HAL_NVIC_SetPriorityGrouping
                0x08000a04       0x24 Drivers\STM32F3xx_HAL_Driver\Src\stm32f3xx_hal_cortex.o
                0x08000a04                HAL_NVIC_SetPriorityGrouping
 .text.HAL_NVIC_SetPriority
                0x08000a28       0x68 Drivers\STM32F3xx_HAL_Driver\Src\stm32f3xx_hal_cortex.o
                0x08000a28                HAL_NVIC_SetPriority
 .text.HAL_NVIC_EnableIRQ
                0x08000a90       0x18 Drivers\STM32F3xx_HAL_Driver\Src\stm32f3xx_hal_cortex.o
                0x08000a90                HAL_NVIC_EnableIRQ
 .text.HAL_SYSTICK_Config
                0x08000aa8       0x2c Drivers\STM32F3xx_HAL_Driver\Src\stm32f3xx_hal_cortex.o
                0x08000aa8                HAL_SYSTICK_Config
 .text.HAL_SYSTICK_CLKSourceConfig
                0x08000ad4       0x18 Drivers\STM32F3xx_HAL_Driver\Src\stm32f3xx_hal_cortex.o
                0x08000ad4                HAL_SYSTICK_CLKSourceConfig
 .text.HAL_GPIO_Init
                0x08000aec      0x1a8 Drivers\STM32F3xx_HAL_Driver\Src\stm32f3xx_hal_gpio.o
                0x08000aec                HAL_GPIO_Init
 .text.HAL_GPIO_ReadPin
                0x08000c94        0xc Drivers\STM32F3xx_HAL_Driver\Src\stm32f3xx_hal_gpio.o
                0x08000c94                HAL_GPIO_ReadPin
 .text.HAL_GPIO_WritePin
                0x08000ca0        0xa Drivers\STM32F3xx_HAL_Driver\Src\stm32f3xx_hal_gpio.o
                0x08000ca0                HAL_GPIO_WritePin
 *fill*         0x08000caa        0x2 
 .text.HAL_RCC_OscConfig
                0x08000cac      0x514 Drivers\STM32F3xx_HAL_Driver\Src\stm32f3xx_hal_rcc.o
                0x08000cac                HAL_RCC_OscConfig
 .text.HAL_RCC_GetSysClockFreq
                0x080011c0       0x58 Drivers\STM32F3xx_HAL_Driver\Src\stm32f3xx_hal_rcc.o
                0x080011c0                HAL_RCC_GetSysClockFreq
 .text.HAL_RCC_ClockConfig
                0x08001218      0x17c Drivers\STM32F3xx_HAL_Driver\Src\stm32f3xx_hal_rcc.o
                0x08001218                HAL_RCC_ClockConfig
 .text.HAL_RCC_GetHCLKFreq
                0x08001394        0xc Drivers\STM32F3xx_HAL_Driver\Src\stm32f3xx_hal_rcc.o
                0x08001394                HAL_RCC_GetHCLKFreq
 .text.HAL_RCC_GetPCLK2Freq
                0x080013a0       0x30 Drivers\STM32F3xx_HAL_Driver\Src\stm32f3xx_hal_rcc.o
                0x080013a0                HAL_RCC_GetPCLK2Freq
 .text.HAL_RCC_GetClockConfig
                0x080013d0       0x3c Drivers\STM32F3xx_HAL_Driver\Src\stm32f3xx_hal_rcc.o
                0x080013d0                HAL_RCC_GetClockConfig
 .text.HAL_RCCEx_PeriphCLKConfig
                0x0800140c      0x288 Drivers\STM32F3xx_HAL_Driver\Src\stm32f3xx_hal_rcc_ex.o
                0x0800140c                HAL_RCCEx_PeriphCLKConfig
 .text.HAL_TIM_Base_MspInit
                0x08001694        0x2 Drivers\STM32F3xx_HAL_Driver\Src\stm32f3xx_hal_tim.o
                0x08001694                HAL_TIM_Base_MspInit
 .text.HAL_TIM_Base_Start_IT
                0x08001696       0x16 Drivers\STM32F3xx_HAL_Driver\Src\stm32f3xx_hal_tim.o
                0x08001696                HAL_TIM_Base_Start_IT
 .text.HAL_TIM_OC_DelayElapsedCallback
                0x080016ac        0x2 Drivers\STM32F3xx_HAL_Driver\Src\stm32f3xx_hal_tim.o
                0x080016ac                HAL_TIM_OC_DelayElapsedCallback
 .text.HAL_TIM_IC_CaptureCallback
                0x080016ae        0x2 Drivers\STM32F3xx_HAL_Driver\Src\stm32f3xx_hal_tim.o
                0x080016ae                HAL_TIM_IC_CaptureCallback
 .text.HAL_TIM_PWM_PulseFinishedCallback
                0x080016b0        0x2 Drivers\STM32F3xx_HAL_Driver\Src\stm32f3xx_hal_tim.o
                0x080016b0                HAL_TIM_PWM_PulseFinishedCallback
 .text.HAL_TIM_TriggerCallback
                0x080016b2        0x2 Drivers\STM32F3xx_HAL_Driver\Src\stm32f3xx_hal_tim.o
                0x080016b2                HAL_TIM_TriggerCallback
 .text.HAL_TIM_IRQHandler
                0x080016b4      0x144 Drivers\STM32F3xx_HAL_Driver\Src\stm32f3xx_hal_tim.o
                0x080016b4                HAL_TIM_IRQHandler
 .text.TIM_Base_SetConfig
                0x080017f8       0xd4 Drivers\STM32F3xx_HAL_Driver\Src\stm32f3xx_hal_tim.o
                0x080017f8                TIM_Base_SetConfig
 .text.HAL_TIM_Base_Init
                0x080018cc       0x34 Drivers\STM32F3xx_HAL_Driver\Src\stm32f3xx_hal_tim.o
                0x080018cc                HAL_TIM_Base_Init
 .text.HAL_TIMEx_CommutationCallback
                0x08001900        0x2 Drivers\STM32F3xx_HAL_Driver\Src\stm32f3xx_hal_tim_ex.o
                0x08001900                HAL_TIMEx_CommutationCallback
 .text.HAL_TIMEx_BreakCallback
                0x08001902        0x2 Drivers\STM32F3xx_HAL_Driver\Src\stm32f3xx_hal_tim_ex.o
                0x08001902                HAL_TIMEx_BreakCallback
 .text.osKernelStart
                0x08001904        0xa Middlewares\Third_Party\FreeRTOS\Source\CMSIS_RTOS\cmsis_os.o
                0x08001904                osKernelStart
 .text.osThreadCreate
                0x0800190e       0x30 Middlewares\Third_Party\FreeRTOS\Source\CMSIS_RTOS\cmsis_os.o
                0x0800190e                osThreadCreate
 .text.osDelay  0x0800193e        0x4 Middlewares\Third_Party\FreeRTOS\Source\CMSIS_RTOS\cmsis_os.o
                0x0800193e                osDelay
 .text.osSystickHandler
                0x08001942       0x14 Middlewares\Third_Party\FreeRTOS\Source\CMSIS_RTOS\cmsis_os.o
                0x08001942                osSystickHandler
 .text.vListInitialise
                0x08001956       0x16 Middlewares\Third_Party\FreeRTOS\Source\list.o
                0x08001956                vListInitialise
 .text.vListInitialiseItem
                0x0800196c        0x6 Middlewares\Third_Party\FreeRTOS\Source\list.o
                0x0800196c                vListInitialiseItem
 .text.vListInsertEnd
                0x08001972       0x18 Middlewares\Third_Party\FreeRTOS\Source\list.o
                0x08001972                vListInsertEnd
 .text.vListInsert
                0x0800198a       0x30 Middlewares\Third_Party\FreeRTOS\Source\list.o
                0x0800198a                vListInsert
 .text.uxListRemove
                0x080019ba       0x20 Middlewares\Third_Party\FreeRTOS\Source\list.o
                0x080019ba                uxListRemove
 *fill*         0x080019da        0x2 
 .text.prvTaskExitError
                0x080019dc       0x30 Middlewares\Third_Party\FreeRTOS\Source\portable\GCC\ARM_CM4F\port.o
 .text.prvPortStartFirstTask
                0x08001a0c       0x20 Middlewares\Third_Party\FreeRTOS\Source\portable\GCC\ARM_CM4F\port.o
 .text.vPortEnableVFP
                0x08001a2c       0x14 Middlewares\Third_Party\FreeRTOS\Source\portable\GCC\ARM_CM4F\port.o
 .text.pxPortInitialiseStack
                0x08001a40       0x2c Middlewares\Third_Party\FreeRTOS\Source\portable\GCC\ARM_CM4F\port.o
                0x08001a40                pxPortInitialiseStack
 *fill*         0x08001a6c        0x4 
 .text.SVC_Handler
                0x08001a70       0x24 Middlewares\Third_Party\FreeRTOS\Source\portable\GCC\ARM_CM4F\port.o
                0x08001a70                SVC_Handler
 .text.vPortEnterCritical
                0x08001a94       0x44 Middlewares\Third_Party\FreeRTOS\Source\portable\GCC\ARM_CM4F\port.o
                0x08001a94                vPortEnterCritical
 .text.vPortExitCritical
                0x08001ad8       0x28 Middlewares\Third_Party\FreeRTOS\Source\portable\GCC\ARM_CM4F\port.o
                0x08001ad8                vPortExitCritical
 .text.PendSV_Handler
                0x08001b00       0x64 Middlewares\Third_Party\FreeRTOS\Source\portable\GCC\ARM_CM4F\port.o
                0x08001b00                PendSV_Handler
 .text.xPortSysTickHandler
                0x08001b64       0x2c Middlewares\Third_Party\FreeRTOS\Source\portable\GCC\ARM_CM4F\port.o
                0x08001b64                xPortSysTickHandler
 .text.vPortSetupTimerInterrupt
                0x08001b90       0x28 Middlewares\Third_Party\FreeRTOS\Source\portable\GCC\ARM_CM4F\port.o
                0x08001b90                vPortSetupTimerInterrupt
 .text.xPortStartScheduler
                0x08001bb8       0xec Middlewares\Third_Party\FreeRTOS\Source\portable\GCC\ARM_CM4F\port.o
                0x08001bb8                xPortStartScheduler
 .text.unlikely.prvInsertBlockIntoFreeList
                0x08001ca4       0x48 Middlewares\Third_Party\FreeRTOS\Source\portable\MemMang\heap_4.o
 .text.pvPortMalloc
                0x08001cec      0x124 Middlewares\Third_Party\FreeRTOS\Source\portable\MemMang\heap_4.o
                0x08001cec                pvPortMalloc
 .text.vPortFree
                0x08001e10       0x70 Middlewares\Third_Party\FreeRTOS\Source\portable\MemMang\heap_4.o
                0x08001e10                vPortFree
 .text.prvResetNextTaskUnblockTime
                0x08001e80       0x24 Middlewares\Third_Party\FreeRTOS\Source\tasks.o
 .text.prvAddCurrentTaskToDelayedList
                0x08001ea4       0x90 Middlewares\Third_Party\FreeRTOS\Source\tasks.o
 .text.xTaskCreate
                0x08001f34      0x19c Middlewares\Third_Party\FreeRTOS\Source\tasks.o
                0x08001f34                xTaskCreate
 .text.vTaskStartScheduler
                0x080020d0       0x78 Middlewares\Third_Party\FreeRTOS\Source\tasks.o
                0x080020d0                vTaskStartScheduler
 .text.vTaskSuspendAll
                0x08002148       0x10 Middlewares\Third_Party\FreeRTOS\Source\tasks.o
                0x08002148                vTaskSuspendAll
 .text.xTaskGetTickCount
                0x08002158        0xc Middlewares\Third_Party\FreeRTOS\Source\tasks.o
                0x08002158                xTaskGetTickCount
 .text.xTaskIncrementTick
                0x08002164      0x130 Middlewares\Third_Party\FreeRTOS\Source\tasks.o
                0x08002164                xTaskIncrementTick
 .text.xTaskResumeAll
                0x08002294       0xf0 Middlewares\Third_Party\FreeRTOS\Source\tasks.o
                0x08002294                xTaskResumeAll
 .text.vTaskDelayUntil
                0x08002384       0xa0 Middlewares\Third_Party\FreeRTOS\Source\tasks.o
                0x08002384                vTaskDelayUntil
 .text.prvIdleTask
                0x08002424       0x78 Middlewares\Third_Party\FreeRTOS\Source\tasks.o
 .text.vTaskSwitchContext
                0x0800249c       0x74 Middlewares\Third_Party\FreeRTOS\Source\tasks.o
                0x0800249c                vTaskSwitchContext
 .text.xTaskGetSchedulerState
                0x08002510       0x20 Middlewares\Third_Party\FreeRTOS\Source\tasks.o
                0x08002510                xTaskGetSchedulerState
 .text.vWriteActuatorValues
                0x08002530       0x1e Src\Actuators.o
                0x08002530                vWriteActuatorValues
 *fill*         0x0800254e        0x2 
 .text.debugPrintMessage
                0x08002550       0x58 Src\Debug.o
                0x08002550                debugPrintMessage
 .text.vEvaluate
                0x080025a8       0xc0 Src\Evaluation.o
                0x080025a8                vEvaluate
 .text.vEvaluate_Module_1_Transportation
                0x08002668        0xa Src\Module_1_Transportation.o
                0x08002668                vEvaluate_Module_1_Transportation
 .text.vEvaluate_Module_2_Gravity
                0x08002672        0xa Src\Module_2_Gravity.o
                0x08002672                vEvaluate_Module_2_Gravity
 .text.vEvaluate_Module_3_Pumping
                0x0800267c        0xa Src\Module_3_Pumping.o
                0x0800267c                vEvaluate_Module_3_Pumping
 .text.vEvaluate_Module_4_Pouring
                0x08002686        0xa Src\Module_4_Pouring.o
                0x08002686                vEvaluate_Module_4_Pouring
 .text.vEvaluate_Module_5_Sensors
                0x08002690        0xa Src\Module_5_Sensors.o
                0x08002690                vEvaluate_Module_5_Sensors
 .text.vEvaluate_Module_6_Handling
                0x0800269a        0xa Src\Module_6_Handling.o
                0x0800269a                vEvaluate_Module_6_Handling
 .text.vReadSensorValues_Module_1
                0x080026a4       0x1c Src\Sensors.o
                0x080026a4                vReadSensorValues_Module_1
 .text.vReadSensorValues
                0x080026c0        0xc Src\Sensors.o
                0x080026c0                vReadSensorValues
 .text.StartDefaultTask
                0x080026cc        0xa Src\main.o
                0x080026cc                StartDefaultTask
 .text.SystemClock_Config
                0x080026d6       0x8c Src\main.o
                0x080026d6                SystemClock_Config
 *fill*         0x08002762        0x2 
 .text.startup.main
                0x08002764      0x1d0 Src\main.o
                0x08002764                main
 .text.HAL_TIM_PeriodElapsedCallback
                0x08002934       0x14 Src\main.o
                0x08002934                HAL_TIM_PeriodElapsedCallback
 .text.HAL_MspInit
                0x08002948       0x7c Src\stm32f3xx_hal_msp.o
                0x08002948                HAL_MspInit
 .text.HAL_ADC_MspInit
                0x080029c4       0x7c Src\stm32f3xx_hal_msp.o
                0x080029c4                HAL_ADC_MspInit
 .text.HAL_InitTick
                0x08002a40       0x78 Src\stm32f3xx_hal_timebase_TIM.o
                0x08002a40                HAL_InitTick
 .text.SysTick_Handler
                0x08002ab8        0x4 Src\stm32f3xx_it.o
                0x08002ab8                SysTick_Handler
 .text.TIM1_UP_TIM16_IRQHandler
                0x08002abc        0xc Src\stm32f3xx_it.o
                0x08002abc                TIM1_UP_TIM16_IRQHandler
 .text.SystemInit
                0x08002ac8       0x68 Src\system_stm32f3xx.o
                0x08002ac8                SystemInit
 .text.vMainCycle
                0x08002b30       0x68 Src\user_tasks.o
                0x08002b30                vMainCycle
 .text.Reset_Handler
                0x08002b98       0x50 startup\startup_stm32f303xe.o
                0x08002b98                Reset_Handler
 .text.Default_Handler
                0x08002be8        0x2 startup\startup_stm32f303xe.o
                0x08002be8                RTC_Alarm_IRQHandler
                0x08002be8                TIM8_TRG_COM_IRQHandler
                0x08002be8                TIM8_CC_IRQHandler
                0x08002be8                DebugMon_Handler
                0x08002be8                SPI4_IRQHandler
                0x08002be8                TIM1_CC_IRQHandler
                0x08002be8                HardFault_Handler
                0x08002be8                USB_HP_IRQHandler
                0x08002be8                PVD_IRQHandler
                0x08002be8                TAMP_STAMP_IRQHandler
                0x08002be8                NMI_Handler
                0x08002be8                EXTI3_IRQHandler
                0x08002be8                I2C3_ER_IRQHandler
                0x08002be8                USB_HP_CAN_TX_IRQHandler
                0x08002be8                EXTI0_IRQHandler
                0x08002be8                I2C2_EV_IRQHandler
                0x08002be8                FPU_IRQHandler
                0x08002be8                UsageFault_Handler
                0x08002be8                ADC1_2_IRQHandler
                0x08002be8                SPI1_IRQHandler
                0x08002be8                CAN_SCE_IRQHandler
                0x08002be8                TIM6_DAC_IRQHandler
                0x08002be8                TIM8_UP_IRQHandler
                0x08002be8                DMA2_Channel2_IRQHandler
                0x08002be8                DMA1_Channel4_IRQHandler
                0x08002be8                TIM20_TRG_COM_IRQHandler
                0x08002be8                USART3_IRQHandler
                0x08002be8                DMA1_Channel7_IRQHandler
                0x08002be8                UART5_IRQHandler
                0x08002be8                ADC3_IRQHandler
                0x08002be8                TIM4_IRQHandler
                0x08002be8                CAN_RX1_IRQHandler
                0x08002be8                DMA2_Channel1_IRQHandler
                0x08002be8                I2C1_EV_IRQHandler
                0x08002be8                DMA1_Channel6_IRQHandler
                0x08002be8                UART4_IRQHandler
                0x08002be8                DMA2_Channel4_IRQHandler
                0x08002be8                TIM3_IRQHandler
                0x08002be8                RCC_IRQHandler
                0x08002be8                TIM20_UP_IRQHandler
                0x08002be8                DMA1_Channel1_IRQHandler
                0x08002be8                Default_Handler
                0x08002be8                USBWakeUp_RMP_IRQHandler
                0x08002be8                EXTI15_10_IRQHandler
                0x08002be8                TIM7_IRQHandler
                0x08002be8                I2C3_EV_IRQHandler
                0x08002be8                EXTI9_5_IRQHandler
                0x08002be8                RTC_WKUP_IRQHandler
                0x08002be8                SPI2_IRQHandler
                0x08002be8                USB_LP_CAN_RX0_IRQHandler
                0x08002be8                MemManage_Handler
                0x08002be8                DMA2_Channel5_IRQHandler
                0x08002be8                DMA1_Channel5_IRQHandler
                0x08002be8                USB_LP_IRQHandler
                0x08002be8                EXTI4_IRQHandler
                0x08002be8                TIM1_TRG_COM_TIM17_IRQHandler
                0x08002be8                DMA1_Channel3_IRQHandler
                0x08002be8                ADC4_IRQHandler
                0x08002be8                WWDG_IRQHandler
                0x08002be8                TIM2_IRQHandler
                0x08002be8                COMP7_IRQHandler
                0x08002be8                COMP1_2_3_IRQHandler
                0x08002be8                EXTI1_IRQHandler
                0x08002be8                USART2_IRQHandler
                0x08002be8                COMP4_5_6_IRQHandler
                0x08002be8                TIM20_BRK_IRQHandler
                0x08002be8                I2C2_ER_IRQHandler
                0x08002be8                DMA1_Channel2_IRQHandler
                0x08002be8                TIM8_BRK_IRQHandler
                0x08002be8                FLASH_IRQHandler
                0x08002be8                TIM20_CC_IRQHandler
                0x08002be8                BusFault_Handler
                0x08002be8                USART1_IRQHandler
                0x08002be8                SPI3_IRQHandler
                0x08002be8                I2C1_ER_IRQHandler
                0x08002be8                FMC_IRQHandler
                0x08002be8                USBWakeUp_IRQHandler
                0x08002be8                DMA2_Channel3_IRQHandler
                0x08002be8                EXTI2_TSC_IRQHandler
                0x08002be8                TIM1_BRK_TIM15_IRQHandler
 *fill*         0x08002bea        0x2 
 .text.__libc_init_array
                0x08002bec       0x4c c:/program files (x86)/atollic/truestudio for arm 7.1.2/armtools/bin/../lib/gcc/arm-atollic-eabi/5.3.1/../../../../arm-atollic-eabi/lib/armv7e-m/fpu\libc_nano.a(lib_a-init.o)
                0x08002bec                __libc_init_array
 .text.malloc   0x08002c38       0x10 c:/program files (x86)/atollic/truestudio for arm 7.1.2/armtools/bin/../lib/gcc/arm-atollic-eabi/5.3.1/../../../../arm-atollic-eabi/lib/armv7e-m/fpu\libc_nano.a(lib_a-malloc.o)
                0x08002c38                malloc
 .text.free     0x08002c48       0x10 c:/program files (x86)/atollic/truestudio for arm 7.1.2/armtools/bin/../lib/gcc/arm-atollic-eabi/5.3.1/../../../../arm-atollic-eabi/lib/armv7e-m/fpu\libc_nano.a(lib_a-malloc.o)
                0x08002c48                free
 .text.memcpy   0x08002c58       0x16 c:/program files (x86)/atollic/truestudio for arm 7.1.2/armtools/bin/../lib/gcc/arm-atollic-eabi/5.3.1/../../../../arm-atollic-eabi/lib/armv7e-m/fpu\libc_nano.a(lib_a-memcpy-stub.o)
                0x08002c58                memcpy
 .text.memset   0x08002c6e       0x10 c:/program files (x86)/atollic/truestudio for arm 7.1.2/armtools/bin/../lib/gcc/arm-atollic-eabi/5.3.1/../../../../arm-atollic-eabi/lib/armv7e-m/fpu\libc_nano.a(lib_a-memset.o)
                0x08002c6e                memset
 *fill*         0x08002c7e        0x2 
 .text._free_r  0x08002c80       0x9c c:/program files (x86)/atollic/truestudio for arm 7.1.2/armtools/bin/../lib/gcc/arm-atollic-eabi/5.3.1/../../../../arm-atollic-eabi/lib/armv7e-m/fpu\libc_nano.a(lib_a-nano-freer.o)
                0x08002c80                _free_r
 .text._malloc_r
                0x08002d1c       0xbc c:/program files (x86)/atollic/truestudio for arm 7.1.2/armtools/bin/../lib/gcc/arm-atollic-eabi/5.3.1/../../../../arm-atollic-eabi/lib/armv7e-m/fpu\libc_nano.a(lib_a-nano-mallocr.o)
                0x08002d1c                _malloc_r
 .text.__sfputc_r
                0x08002dd8       0x30 c:/program files (x86)/atollic/truestudio for arm 7.1.2/armtools/bin/../lib/gcc/arm-atollic-eabi/5.3.1/../../../../arm-atollic-eabi/lib/armv7e-m/fpu\libc_nano.a(lib_a-nano-vfprintf.o)
 .text.__sfputs_r
                0x08002e08       0x24 c:/program files (x86)/atollic/truestudio for arm 7.1.2/armtools/bin/../lib/gcc/arm-atollic-eabi/5.3.1/../../../../arm-atollic-eabi/lib/armv7e-m/fpu\libc_nano.a(lib_a-nano-vfprintf.o)
                0x08002e08                __sfputs_r
 .text._vfprintf_r
                0x08002e2c      0x238 c:/program files (x86)/atollic/truestudio for arm 7.1.2/armtools/bin/../lib/gcc/arm-atollic-eabi/5.3.1/../../../../arm-atollic-eabi/lib/armv7e-m/fpu\libc_nano.a(lib_a-nano-vfprintf.o)
                0x08002e2c                _vfprintf_r
                0x08002e2c                _vfiprintf_r
 .text.vfprintf
                0x08003064       0x14 c:/program files (x86)/atollic/truestudio for arm 7.1.2/armtools/bin/../lib/gcc/arm-atollic-eabi/5.3.1/../../../../arm-atollic-eabi/lib/armv7e-m/fpu\libc_nano.a(lib_a-nano-vfprintf.o)
                0x08003064                vfprintf
                0x08003064                vfiprintf
 .text._printf_common
                0x08003078       0xec c:/program files (x86)/atollic/truestudio for arm 7.1.2/armtools/bin/../lib/gcc/arm-atollic-eabi/5.3.1/../../../../arm-atollic-eabi/lib/armv7e-m/fpu\libc_nano.a(lib_a-nano-vfprintf_i.o)
                0x08003078                _printf_common
 .text._printf_i
                0x08003164      0x24c c:/program files (x86)/atollic/truestudio for arm 7.1.2/armtools/bin/../lib/gcc/arm-atollic-eabi/5.3.1/../../../../arm-atollic-eabi/lib/armv7e-m/fpu\libc_nano.a(lib_a-nano-vfprintf_i.o)
                0x08003164                _printf_i
 .text._sbrk_r  0x080033b0       0x20 c:/program files (x86)/atollic/truestudio for arm 7.1.2/armtools/bin/../lib/gcc/arm-atollic-eabi/5.3.1/../../../../arm-atollic-eabi/lib/armv7e-m/fpu\libc_nano.a(lib_a-sbrkr.o)
                0x080033b0                _sbrk_r
 .text.snprintf
                0x080033d0       0x64 c:/program files (x86)/atollic/truestudio for arm 7.1.2/armtools/bin/../lib/gcc/arm-atollic-eabi/5.3.1/../../../../arm-atollic-eabi/lib/armv7e-m/fpu\libc_nano.a(lib_a-snprintf.o)
                0x080033d0                sniprintf
                0x080033d0                snprintf
 .text.__swbuf_r
                0x08003434       0xa8 c:/program files (x86)/atollic/truestudio for arm 7.1.2/armtools/bin/../lib/gcc/arm-atollic-eabi/5.3.1/../../../../arm-atollic-eabi/lib/armv7e-m/fpu\libc_nano.a(lib_a-wbuf.o)
                0x08003434                __swbuf_r
 .text.__swsetup_r
                0x080034dc       0xdc c:/program files (x86)/atollic/truestudio for arm 7.1.2/armtools/bin/../lib/gcc/arm-atollic-eabi/5.3.1/../../../../arm-atollic-eabi/lib/armv7e-m/fpu\libc_nano.a(lib_a-wsetup.o)
                0x080034dc                __swsetup_r
 .text.__sflush_r
                0x080035b8      0x110 c:/program files (x86)/atollic/truestudio for arm 7.1.2/armtools/bin/../lib/gcc/arm-atollic-eabi/5.3.1/../../../../arm-atollic-eabi/lib/armv7e-m/fpu\libc_nano.a(lib_a-fflush.o)
                0x080035b8                __sflush_r
 .text._fflush_r
                0x080036c8       0x54 c:/program files (x86)/atollic/truestudio for arm 7.1.2/armtools/bin/../lib/gcc/arm-atollic-eabi/5.3.1/../../../../arm-atollic-eabi/lib/armv7e-m/fpu\libc_nano.a(lib_a-fflush.o)
                0x080036c8                _fflush_r
 .text._cleanup_r
                0x0800371c        0xc c:/program files (x86)/atollic/truestudio for arm 7.1.2/armtools/bin/../lib/gcc/arm-atollic-eabi/5.3.1/../../../../arm-atollic-eabi/lib/armv7e-m/fpu\libc_nano.a(lib_a-findfp.o)
                0x0800371c                _cleanup_r
 .text.std.isra.0
                0x08003728       0x48 c:/program files (x86)/atollic/truestudio for arm 7.1.2/armtools/bin/../lib/gcc/arm-atollic-eabi/5.3.1/../../../../arm-atollic-eabi/lib/armv7e-m/fpu\libc_nano.a(lib_a-findfp.o)
 .text.__sfmoreglue
                0x08003770       0x2c c:/program files (x86)/atollic/truestudio for arm 7.1.2/armtools/bin/../lib/gcc/arm-atollic-eabi/5.3.1/../../../../arm-atollic-eabi/lib/armv7e-m/fpu\libc_nano.a(lib_a-findfp.o)
                0x08003770                __sfmoreglue
 .text.__sinit  0x0800379c       0x60 c:/program files (x86)/atollic/truestudio for arm 7.1.2/armtools/bin/../lib/gcc/arm-atollic-eabi/5.3.1/../../../../arm-atollic-eabi/lib/armv7e-m/fpu\libc_nano.a(lib_a-findfp.o)
                0x0800379c                __sinit
 .text.__sfp    0x080037fc       0x78 c:/program files (x86)/atollic/truestudio for arm 7.1.2/armtools/bin/../lib/gcc/arm-atollic-eabi/5.3.1/../../../../arm-atollic-eabi/lib/armv7e-m/fpu\libc_nano.a(lib_a-findfp.o)
                0x080037fc                __sfp
 .text._fwalk_reent
                0x08003874       0x3c c:/program files (x86)/atollic/truestudio for arm 7.1.2/armtools/bin/../lib/gcc/arm-atollic-eabi/5.3.1/../../../../arm-atollic-eabi/lib/armv7e-m/fpu\libc_nano.a(lib_a-fwalk.o)
                0x08003874                _fwalk_reent
 .text.__swhatbuf_r
                0x080038b0       0x46 c:/program files (x86)/atollic/truestudio for arm 7.1.2/armtools/bin/../lib/gcc/arm-atollic-eabi/5.3.1/../../../../arm-atollic-eabi/lib/armv7e-m/fpu\libc_nano.a(lib_a-makebuf.o)
                0x080038b0                __swhatbuf_r
 *fill*         0x080038f6        0x2 
 .text.__smakebuf_r
                0x080038f8       0x78 c:/program files (x86)/atollic/truestudio for arm 7.1.2/armtools/bin/../lib/gcc/arm-atollic-eabi/5.3.1/../../../../arm-atollic-eabi/lib/armv7e-m/fpu\libc_nano.a(lib_a-makebuf.o)
                0x080038f8                __smakebuf_r
 .text.memmove  0x08003970       0x36 c:/program files (x86)/atollic/truestudio for arm 7.1.2/armtools/bin/../lib/gcc/arm-atollic-eabi/5.3.1/../../../../arm-atollic-eabi/lib/armv7e-m/fpu\libc_nano.a(lib_a-memmove.o)
                0x08003970                memmove
 .text.__malloc_lock
                0x080039a6        0x2 c:/program files (x86)/atollic/truestudio for arm 7.1.2/armtools/bin/../lib/gcc/arm-atollic-eabi/5.3.1/../../../../arm-atollic-eabi/lib/armv7e-m/fpu\libc_nano.a(lib_a-mlock.o)
                0x080039a6                __malloc_lock
 .text.__malloc_unlock
                0x080039a8        0x2 c:/program files (x86)/atollic/truestudio for arm 7.1.2/armtools/bin/../lib/gcc/arm-atollic-eabi/5.3.1/../../../../arm-atollic-eabi/lib/armv7e-m/fpu\libc_nano.a(lib_a-mlock.o)
                0x080039a8                __malloc_unlock
 .text._realloc_r
                0x080039aa       0x4c c:/program files (x86)/atollic/truestudio for arm 7.1.2/armtools/bin/../lib/gcc/arm-atollic-eabi/5.3.1/../../../../arm-atollic-eabi/lib/armv7e-m/fpu\libc_nano.a(lib_a-nano-reallocr.o)
                0x080039aa                _realloc_r
 .text.__ssputs_r
                0x080039f6       0xb2 c:/program files (x86)/atollic/truestudio for arm 7.1.2/armtools/bin/../lib/gcc/arm-atollic-eabi/5.3.1/../../../../arm-atollic-eabi/lib/armv7e-m/fpu\libc_nano.a(lib_a-nano-svfprintf.o)
                0x080039f6                __ssputs_r
 .text._svfprintf_r
                0x08003aa8      0x1e8 c:/program files (x86)/atollic/truestudio for arm 7.1.2/armtools/bin/../lib/gcc/arm-atollic-eabi/5.3.1/../../../../arm-atollic-eabi/lib/armv7e-m/fpu\libc_nano.a(lib_a-nano-svfprintf.o)
                0x08003aa8                _svfiprintf_r
                0x08003aa8                _svfprintf_r
 .text.__sread  0x08003c90       0x22 c:/program files (x86)/atollic/truestudio for arm 7.1.2/armtools/bin/../lib/gcc/arm-atollic-eabi/5.3.1/../../../../arm-atollic-eabi/lib/armv7e-m/fpu\libc_nano.a(lib_a-stdio.o)
                0x08003c90                __sread
 .text.__swrite
                0x08003cb2       0x38 c:/program files (x86)/atollic/truestudio for arm 7.1.2/armtools/bin/../lib/gcc/arm-atollic-eabi/5.3.1/../../../../arm-atollic-eabi/lib/armv7e-m/fpu\libc_nano.a(lib_a-stdio.o)
                0x08003cb2                __swrite
 .text.__sseek  0x08003cea       0x24 c:/program files (x86)/atollic/truestudio for arm 7.1.2/armtools/bin/../lib/gcc/arm-atollic-eabi/5.3.1/../../../../arm-atollic-eabi/lib/armv7e-m/fpu\libc_nano.a(lib_a-stdio.o)
                0x08003cea                __sseek
 .text.__sclose
                0x08003d0e        0x8 c:/program files (x86)/atollic/truestudio for arm 7.1.2/armtools/bin/../lib/gcc/arm-atollic-eabi/5.3.1/../../../../arm-atollic-eabi/lib/armv7e-m/fpu\libc_nano.a(lib_a-stdio.o)
                0x08003d0e                __sclose
 *fill*         0x08003d16        0x2 
 .text._write_r
                0x08003d18       0x24 c:/program files (x86)/atollic/truestudio for arm 7.1.2/armtools/bin/../lib/gcc/arm-atollic-eabi/5.3.1/../../../../arm-atollic-eabi/lib/armv7e-m/fpu\libc_nano.a(lib_a-writer.o)
                0x08003d18                _write_r
 .text._close_r
                0x08003d3c       0x20 c:/program files (x86)/atollic/truestudio for arm 7.1.2/armtools/bin/../lib/gcc/arm-atollic-eabi/5.3.1/../../../../arm-atollic-eabi/lib/armv7e-m/fpu\libc_nano.a(lib_a-closer.o)
                0x08003d3c                _close_r
 .text._fstat_r
                0x08003d5c       0x24 c:/program files (x86)/atollic/truestudio for arm 7.1.2/armtools/bin/../lib/gcc/arm-atollic-eabi/5.3.1/../../../../arm-atollic-eabi/lib/armv7e-m/fpu\libc_nano.a(lib_a-fstatr.o)
                0x08003d5c                _fstat_r
 .text._isatty_r
                0x08003d80       0x20 c:/program files (x86)/atollic/truestudio for arm 7.1.2/armtools/bin/../lib/gcc/arm-atollic-eabi/5.3.1/../../../../arm-atollic-eabi/lib/armv7e-m/fpu\libc_nano.a(lib_a-isattyr.o)
                0x08003d80                _isatty_r
 .text._lseek_r
                0x08003da0       0x24 c:/program files (x86)/atollic/truestudio for arm 7.1.2/armtools/bin/../lib/gcc/arm-atollic-eabi/5.3.1/../../../../arm-atollic-eabi/lib/armv7e-m/fpu\libc_nano.a(lib_a-lseekr.o)
                0x08003da0                _lseek_r
 .text._malloc_usable_size_r
                0x08003dc4       0x14 c:/program files (x86)/atollic/truestudio for arm 7.1.2/armtools/bin/../lib/gcc/arm-atollic-eabi/5.3.1/../../../../arm-atollic-eabi/lib/armv7e-m/fpu\libc_nano.a(lib_a-nano-msizer.o)
                0x08003dc4                _malloc_usable_size_r
 .text._read_r  0x08003dd8       0x24 c:/program files (x86)/atollic/truestudio for arm 7.1.2/armtools/bin/../lib/gcc/arm-atollic-eabi/5.3.1/../../../../arm-atollic-eabi/lib/armv7e-m/fpu\libc_nano.a(lib_a-readr.o)
                0x08003dd8                _read_r
 .text._close   0x08003dfc       0x10 c:/program files (x86)/atollic/truestudio for arm 7.1.2/armtools/bin/../lib/gcc/arm-atollic-eabi/5.3.1/../../../../arm-atollic-eabi/lib/armv7e-m/fpu\libnosys.a(close.o)
                0x08003dfc                _close
 .text._fstat   0x08003e0c       0x10 c:/program files (x86)/atollic/truestudio for arm 7.1.2/armtools/bin/../lib/gcc/arm-atollic-eabi/5.3.1/../../../../arm-atollic-eabi/lib/armv7e-m/fpu\libnosys.a(fstat.o)
                0x08003e0c                _fstat
 .text._isatty  0x08003e1c       0x10 c:/program files (x86)/atollic/truestudio for arm 7.1.2/armtools/bin/../lib/gcc/arm-atollic-eabi/5.3.1/../../../../arm-atollic-eabi/lib/armv7e-m/fpu\libnosys.a(isatty.o)
                0x08003e1c                _isatty
 .text._lseek   0x08003e2c       0x10 c:/program files (x86)/atollic/truestudio for arm 7.1.2/armtools/bin/../lib/gcc/arm-atollic-eabi/5.3.1/../../../../arm-atollic-eabi/lib/armv7e-m/fpu\libnosys.a(lseek.o)
                0x08003e2c                _lseek
 .text._read    0x08003e3c       0x10 c:/program files (x86)/atollic/truestudio for arm 7.1.2/armtools/bin/../lib/gcc/arm-atollic-eabi/5.3.1/../../../../arm-atollic-eabi/lib/armv7e-m/fpu\libnosys.a(read.o)
                0x08003e3c                _read
 .text._sbrk    0x08003e4c       0x1c c:/program files (x86)/atollic/truestudio for arm 7.1.2/armtools/bin/../lib/gcc/arm-atollic-eabi/5.3.1/../../../../arm-atollic-eabi/lib/armv7e-m/fpu\libnosys.a(sbrk.o)
                0x08003e4c                _sbrk
 .text._write   0x08003e68       0x10 c:/program files (x86)/atollic/truestudio for arm 7.1.2/armtools/bin/../lib/gcc/arm-atollic-eabi/5.3.1/../../../../arm-atollic-eabi/lib/armv7e-m/fpu\libnosys.a(write.o)
                0x08003e68                _write
 *(.glue_7)
 .glue_7        0x08003e78        0x0 linker stubs
 *(.glue_7t)
 .glue_7t       0x08003e78        0x0 linker stubs
 *(.eh_frame)
 .eh_frame      0x08003e78        0x0 c:/program files (x86)/atollic/truestudio for arm 7.1.2/armtools/bin/../lib/gcc/arm-atollic-eabi/5.3.1/armv7e-m/fpu/crtbegin.o
 *(.init)
 .init          0x08003e78        0x4 c:/program files (x86)/atollic/truestudio for arm 7.1.2/armtools/bin/../lib/gcc/arm-atollic-eabi/5.3.1/armv7e-m/fpu/crti.o
                0x08003e78                _init
 .init          0x08003e7c        0x8 c:/program files (x86)/atollic/truestudio for arm 7.1.2/armtools/bin/../lib/gcc/arm-atollic-eabi/5.3.1/armv7e-m/fpu/crtn.o
 *(.fini)
 .fini          0x08003e84        0x4 c:/program files (x86)/atollic/truestudio for arm 7.1.2/armtools/bin/../lib/gcc/arm-atollic-eabi/5.3.1/armv7e-m/fpu/crti.o
                0x08003e84                _fini
 .fini          0x08003e88        0x8 c:/program files (x86)/atollic/truestudio for arm 7.1.2/armtools/bin/../lib/gcc/arm-atollic-eabi/5.3.1/armv7e-m/fpu/crtn.o
                0x08003e90                . = ALIGN (0x4)
                0x08003e90                _etext = .

.vfp11_veneer   0x08003e90        0x0
 .vfp11_veneer  0x08003e90        0x0 linker stubs

.v4_bx          0x08003e90        0x0
 .v4_bx         0x08003e90        0x0 linker stubs

.iplt           0x08003e90        0x0
 .iplt          0x08003e90        0x0 c:/program files (x86)/atollic/truestudio for arm 7.1.2/armtools/bin/../lib/gcc/arm-atollic-eabi/5.3.1/armv7e-m/fpu/crtbegin.o

.rodata         0x08003e90      0x14c
                0x08003e90                . = ALIGN (0x4)
 *(.rodata)
 .rodata        0x08003e90       0x28 Src\main.o
 *(.rodata*)
 .rodata.aPredivFactorTable
                0x08003eb8       0x10 Drivers\STM32F3xx_HAL_Driver\Src\stm32f3xx_hal_rcc.o
                0x08003eb8                aPredivFactorTable
 .rodata.aPLLMULFactorTable
                0x08003ec8       0x10 Drivers\STM32F3xx_HAL_Driver\Src\stm32f3xx_hal_rcc.o
                0x08003ec8                aPLLMULFactorTable
 .rodata.str1.1
                0x08003ed8        0x5 Middlewares\Third_Party\FreeRTOS\Source\tasks.o
 .rodata.str1.1
                0x08003edd       0x22 Src\Debug.o
 .rodata.str1.1
                0x08003eff       0x16 Src\main.o
 .rodata.AHBPrescTable
                0x08003f15       0x10 Src\system_stm32f3xx.o
                0x08003f15                AHBPrescTable
 .rodata.APBPrescTable
                0x08003f25        0x8 Src\system_stm32f3xx.o
                0x08003f25                APBPrescTable
 .rodata.str1.1
                0x08003f2d       0x12 Src\user_tasks.o
 .rodata.str1.1
                0x08003f3f        0x2 c:/program files (x86)/atollic/truestudio for arm 7.1.2/armtools/bin/../lib/gcc/arm-atollic-eabi/5.3.1/../../../../arm-atollic-eabi/lib/armv7e-m/fpu\libc_nano.a(lib_a-impure.o)
 *fill*         0x08003f41        0x3 
 .rodata._global_impure_ptr
                0x08003f44        0x4 c:/program files (x86)/atollic/truestudio for arm 7.1.2/armtools/bin/../lib/gcc/arm-atollic-eabi/5.3.1/../../../../arm-atollic-eabi/lib/armv7e-m/fpu\libc_nano.a(lib_a-impure.o)
                0x08003f44                _global_impure_ptr
 .rodata.str1.1
                0x08003f48       0x11 c:/program files (x86)/atollic/truestudio for arm 7.1.2/armtools/bin/../lib/gcc/arm-atollic-eabi/5.3.1/../../../../arm-atollic-eabi/lib/armv7e-m/fpu\libc_nano.a(lib_a-nano-vfprintf.o)
 .rodata.str1.1
                0x08003f59       0x22 c:/program files (x86)/atollic/truestudio for arm 7.1.2/armtools/bin/../lib/gcc/arm-atollic-eabi/5.3.1/../../../../arm-atollic-eabi/lib/armv7e-m/fpu\libc_nano.a(lib_a-nano-vfprintf_i.o)
 *fill*         0x08003f7b        0x1 
 .rodata.__sf_fake_stdin
                0x08003f7c       0x20 c:/program files (x86)/atollic/truestudio for arm 7.1.2/armtools/bin/../lib/gcc/arm-atollic-eabi/5.3.1/../../../../arm-atollic-eabi/lib/armv7e-m/fpu\libc_nano.a(lib_a-findfp.o)
                0x08003f7c                __sf_fake_stdin
 .rodata.__sf_fake_stdout
                0x08003f9c       0x20 c:/program files (x86)/atollic/truestudio for arm 7.1.2/armtools/bin/../lib/gcc/arm-atollic-eabi/5.3.1/../../../../arm-atollic-eabi/lib/armv7e-m/fpu\libc_nano.a(lib_a-findfp.o)
                0x08003f9c                __sf_fake_stdout
 .rodata.__sf_fake_stderr
                0x08003fbc       0x20 c:/program files (x86)/atollic/truestudio for arm 7.1.2/armtools/bin/../lib/gcc/arm-atollic-eabi/5.3.1/../../../../arm-atollic-eabi/lib/armv7e-m/fpu\libc_nano.a(lib_a-findfp.o)
                0x08003fbc                __sf_fake_stderr
 .rodata.str1.1
                0x08003fdc       0x11 c:/program files (x86)/atollic/truestudio for arm 7.1.2/armtools/bin/../lib/gcc/arm-atollic-eabi/5.3.1/../../../../arm-atollic-eabi/lib/armv7e-m/fpu\libc_nano.a(lib_a-nano-svfprintf.o)
                0x08003ff0                . = ALIGN (0x4)

.rel.dyn        0x08003fdc        0x0
 .rel.iplt      0x08003fdc        0x0 c:/program files (x86)/atollic/truestudio for arm 7.1.2/armtools/bin/../lib/gcc/arm-atollic-eabi/5.3.1/armv7e-m/fpu/crtbegin.o

.ARM.extab
 *(.ARM.extab* .gnu.linkonce.armextab.*)

.ARM            0x08003fdc        0x0
                0x08003fdc                __exidx_start = .
 *(.ARM.exidx*)
                0x08003fdc                __exidx_end = .

.preinit_array  0x08003fdc        0x0
                0x08003fdc                PROVIDE (__preinit_array_start, .)
 *(.preinit_array*)
                0x08003fdc                PROVIDE (__preinit_array_end, .)

.init_array     0x08003fdc        0x4
                0x08003fdc                PROVIDE (__init_array_start, .)
 *(SORT(.init_array.*))
 *(.init_array*)
 .init_array    0x08003fdc        0x4 c:/program files (x86)/atollic/truestudio for arm 7.1.2/armtools/bin/../lib/gcc/arm-atollic-eabi/5.3.1/armv7e-m/fpu/crtbegin.o
                0x08003fe0                PROVIDE (__init_array_end, .)

.fini_array     0x08003fe0        0x4
                [!provide]                PROVIDE (__fini_array_start, .)
 *(SORT(.fini_array.*))
 *(.fini_array*)
 .fini_array    0x08003fe0        0x4 c:/program files (x86)/atollic/truestudio for arm 7.1.2/armtools/bin/../lib/gcc/arm-atollic-eabi/5.3.1/armv7e-m/fpu/crtbegin.o
                [!provide]                PROVIDE (__fini_array_end, .)
                0x08003fe4                _sidata = LOADADDR (.data)

.data           0x20000000       0x70 load address 0x08003fe4
                0x20000000                . = ALIGN (0x4)
                0x20000000                _sdata = .
 *(.data)
 *(.data*)
 .data.LED_PORT
                0x20000000        0x4 Drivers\BSP\STM32F3xx-Nucleo\stm32f3xx_nucleo.o
                0x20000000                LED_PORT
 .data.uxCriticalNesting
                0x20000004        0x4 Middlewares\Third_Party\FreeRTOS\Source\portable\GCC\ARM_CM4F\port.o
 .data.SystemCoreClock
                0x20000008        0x4 Src\system_stm32f3xx.o
                0x20000008                SystemCoreClock
 .data.impure_data
                0x2000000c       0x60 c:/program files (x86)/atollic/truestudio for arm 7.1.2/armtools/bin/../lib/gcc/arm-atollic-eabi/5.3.1/../../../../arm-atollic-eabi/lib/armv7e-m/fpu\libc_nano.a(lib_a-impure.o)
 .data._impure_ptr
                0x2000006c        0x4 c:/program files (x86)/atollic/truestudio for arm 7.1.2/armtools/bin/../lib/gcc/arm-atollic-eabi/5.3.1/../../../../arm-atollic-eabi/lib/armv7e-m/fpu\libc_nano.a(lib_a-impure.o)
                0x2000006c                _impure_ptr
                0x20000070                . = ALIGN (0x4)
                0x20000070                _edata = .
                0x08004054                _siccmram = LOADADDR (.ccmram)

.igot.plt       0x20000070        0x0 load address 0x08004054
 .igot.plt      0x20000070        0x0 c:/program files (x86)/atollic/truestudio for arm 7.1.2/armtools/bin/../lib/gcc/arm-atollic-eabi/5.3.1/armv7e-m/fpu/crtbegin.o

.ccmram         0x10000000        0x0 load address 0x08004054
                0x10000000                . = ALIGN (0x4)
                0x10000000                _sccmram = .
 *(.ccmram)
 *(.ccmram*)
                0x10000000                . = ALIGN (0x4)
                0x10000000                _eccmram = .
                0x10000000                . = ALIGN (0x4)

.bss            0x20000070      0xf04
                0x20000070                _sbss = .
                0x20000070                __bss_start__ = _sbss
 *(.bss)
 .bss           0x20000070       0x1c c:/program files (x86)/atollic/truestudio for arm 7.1.2/armtools/bin/../lib/gcc/arm-atollic-eabi/5.3.1/armv7e-m/fpu/crtbegin.o
 *(.bss*)
 .bss.ucMaxSysCallPriority
                0x2000008c        0x1 Middlewares\Third_Party\FreeRTOS\Source\portable\GCC\ARM_CM4F\port.o
 *fill*         0x2000008d        0x3 
 .bss.ulMaxPRIGROUPValue
                0x20000090        0x4 Middlewares\Third_Party\FreeRTOS\Source\portable\GCC\ARM_CM4F\port.o
 .bss.xFreeBytesRemaining
                0x20000094        0x4 Middlewares\Third_Party\FreeRTOS\Source\portable\MemMang\heap_4.o
 .bss.pxEnd     0x20000098        0x4 Middlewares\Third_Party\FreeRTOS\Source\portable\MemMang\heap_4.o
 .bss.xStart    0x2000009c        0x8 Middlewares\Third_Party\FreeRTOS\Source\portable\MemMang\heap_4.o
 .bss.ucHeap    0x200000a4      0xc00 Middlewares\Third_Party\FreeRTOS\Source\portable\MemMang\heap_4.o
 .bss.xBlockAllocatedBit
                0x20000ca4        0x4 Middlewares\Third_Party\FreeRTOS\Source\portable\MemMang\heap_4.o
 .bss.xMinimumEverFreeBytesRemaining
                0x20000ca8        0x4 Middlewares\Third_Party\FreeRTOS\Source\portable\MemMang\heap_4.o
 .bss.xNumOfOverflows
                0x20000cac        0x4 Middlewares\Third_Party\FreeRTOS\Source\tasks.o
 .bss.pxDelayedTaskList
                0x20000cb0        0x4 Middlewares\Third_Party\FreeRTOS\Source\tasks.o
 .bss.xSchedulerRunning
                0x20000cb4        0x4 Middlewares\Third_Party\FreeRTOS\Source\tasks.o
 .bss.uxSchedulerSuspended
                0x20000cb8        0x4 Middlewares\Third_Party\FreeRTOS\Source\tasks.o
 .bss.xDelayedTaskList1
                0x20000cbc       0x14 Middlewares\Third_Party\FreeRTOS\Source\tasks.o
 .bss.uxPendedTicks
                0x20000cd0        0x4 Middlewares\Third_Party\FreeRTOS\Source\tasks.o
 .bss.pxReadyTasksLists
                0x20000cd4       0x8c Middlewares\Third_Party\FreeRTOS\Source\tasks.o
 .bss.xTasksWaitingTermination
                0x20000d60       0x14 Middlewares\Third_Party\FreeRTOS\Source\tasks.o
 .bss.uxDeletedTasksWaitingCleanUp
                0x20000d74        0x4 Middlewares\Third_Party\FreeRTOS\Source\tasks.o
 .bss.pxCurrentTCB
                0x20000d78        0x4 Middlewares\Third_Party\FreeRTOS\Source\tasks.o
                0x20000d78                pxCurrentTCB
 .bss.xNextTaskUnblockTime
                0x20000d7c        0x4 Middlewares\Third_Party\FreeRTOS\Source\tasks.o
 .bss.xTickCount
                0x20000d80        0x4 Middlewares\Third_Party\FreeRTOS\Source\tasks.o
 .bss.pxOverflowDelayedTaskList
                0x20000d84        0x4 Middlewares\Third_Party\FreeRTOS\Source\tasks.o
 .bss.xPendingReadyList
                0x20000d88       0x14 Middlewares\Third_Party\FreeRTOS\Source\tasks.o
 .bss.uxTaskNumber
                0x20000d9c        0x4 Middlewares\Third_Party\FreeRTOS\Source\tasks.o
 .bss.uxCurrentNumberOfTasks
                0x20000da0        0x4 Middlewares\Third_Party\FreeRTOS\Source\tasks.o
 .bss.xDelayedTaskList2
                0x20000da4       0x14 Middlewares\Third_Party\FreeRTOS\Source\tasks.o
 .bss.xIdleTaskHandle
                0x20000db8        0x4 Middlewares\Third_Party\FreeRTOS\Source\tasks.o
 .bss.xSuspendedTaskList
                0x20000dbc       0x14 Middlewares\Third_Party\FreeRTOS\Source\tasks.o
 .bss.uxTopReadyPriority
                0x20000dd0        0x4 Middlewares\Third_Party\FreeRTOS\Source\tasks.o
 .bss.xYieldPending
                0x20000dd4        0x4 Middlewares\Third_Party\FreeRTOS\Source\tasks.o
 .bss.ptrInput  0x20000dd8        0x4 Src\Sensors.o
 .bss.__malloc_sbrk_start
                0x20000ddc        0x4 c:/program files (x86)/atollic/truestudio for arm 7.1.2/armtools/bin/../lib/gcc/arm-atollic-eabi/5.3.1/../../../../arm-atollic-eabi/lib/armv7e-m/fpu\libc_nano.a(lib_a-nano-mallocr.o)
                0x20000ddc                __malloc_sbrk_start
 .bss.__malloc_free_list
                0x20000de0        0x4 c:/program files (x86)/atollic/truestudio for arm 7.1.2/armtools/bin/../lib/gcc/arm-atollic-eabi/5.3.1/../../../../arm-atollic-eabi/lib/armv7e-m/fpu\libc_nano.a(lib_a-nano-mallocr.o)
                0x20000de0                __malloc_free_list
 .bss.heap_end.4169
                0x20000de4        0x4 c:/program files (x86)/atollic/truestudio for arm 7.1.2/armtools/bin/../lib/gcc/arm-atollic-eabi/5.3.1/../../../../arm-atollic-eabi/lib/armv7e-m/fpu\libnosys.a(sbrk.o)
 *(COMMON)
 COMMON         0x20000de8        0x4 Drivers\STM32F3xx_HAL_Driver\Src\stm32f3xx_hal.o
                0x20000de8                uwTick
 COMMON         0x20000dec      0x144 Src\main.o
                0x20000dec                defaultTaskHandle
                0x20000df0                Output_Storage
                0x20000e10                Input_Storage
                0x20000e64                hadc1
                0x20000eb8                hadc3
                0x20000f0c                System_State
                0x20000f2c                mainCycleHandle
 COMMON         0x20000f30       0x40 Src\stm32f3xx_hal_timebase_TIM.o
                0x20000f30                htim1
 COMMON         0x20000f70        0x4 c:/program files (x86)/atollic/truestudio for arm 7.1.2/armtools/bin/../lib/gcc/arm-atollic-eabi/5.3.1/../../../../arm-atollic-eabi/lib/armv7e-m/fpu\libc_nano.a(lib_a-reent.o)
                0x20000f70                errno
                0x20000f74                . = ALIGN (0x4)
                0x20000f74                _ebss = .
                0x20000f74                __bss_end__ = _ebss

._user_heap_stack
                0x20000f74      0x600
                0x20000f74                . = ALIGN (0x4)
                0x20000f74                PROVIDE (end, .)
                [!provide]                PROVIDE (_end, .)
                0x20001174                . = (. + _Min_Heap_Size)
 *fill*         0x20000f74      0x200 
                0x20001574                . = (. + _Min_Stack_Size)
 *fill*         0x20001174      0x400 
                0x20001574                . = ALIGN (0x4)

/DISCARD/
 libc.a(*)
 libm.a(*)
 libgcc.a(*)

.ARM.attributes
                0x00000000       0x30
 *(.ARM.attributes)
 .ARM.attributes
                0x00000000       0x22 c:/program files (x86)/atollic/truestudio for arm 7.1.2/armtools/bin/../lib/gcc/arm-atollic-eabi/5.3.1/armv7e-m/fpu/crti.o
 .ARM.attributes
                0x00000022       0x34 c:/program files (x86)/atollic/truestudio for arm 7.1.2/armtools/bin/../lib/gcc/arm-atollic-eabi/5.3.1/armv7e-m/fpu/crtbegin.o
 .ARM.attributes
                0x00000056       0x39 Drivers\BSP\STM32F3xx-Nucleo\stm32f3xx_nucleo.o
 .ARM.attributes
                0x0000008f       0x39 Drivers\STM32F3xx_HAL_Driver\Src\stm32f3xx_hal.o
 .ARM.attributes
                0x000000c8       0x39 Drivers\STM32F3xx_HAL_Driver\Src\stm32f3xx_hal_adc_ex.o
 .ARM.attributes
                0x00000101       0x39 Drivers\STM32F3xx_HAL_Driver\Src\stm32f3xx_hal_cortex.o
 .ARM.attributes
                0x0000013a       0x39 Drivers\STM32F3xx_HAL_Driver\Src\stm32f3xx_hal_gpio.o
 .ARM.attributes
                0x00000173       0x39 Drivers\STM32F3xx_HAL_Driver\Src\stm32f3xx_hal_rcc.o
 .ARM.attributes
                0x000001ac       0x39 Drivers\STM32F3xx_HAL_Driver\Src\stm32f3xx_hal_rcc_ex.o
 .ARM.attributes
                0x000001e5       0x39 Drivers\STM32F3xx_HAL_Driver\Src\stm32f3xx_hal_tim.o
 .ARM.attributes
                0x0000021e       0x39 Drivers\STM32F3xx_HAL_Driver\Src\stm32f3xx_hal_tim_ex.o
 .ARM.attributes
                0x00000257       0x39 Middlewares\Third_Party\FreeRTOS\Source\CMSIS_RTOS\cmsis_os.o
 .ARM.attributes
                0x00000290       0x39 Middlewares\Third_Party\FreeRTOS\Source\list.o
 .ARM.attributes
                0x000002c9       0x39 Middlewares\Third_Party\FreeRTOS\Source\portable\GCC\ARM_CM4F\port.o
 .ARM.attributes
                0x00000302       0x39 Middlewares\Third_Party\FreeRTOS\Source\portable\MemMang\heap_4.o
 .ARM.attributes
                0x0000033b       0x39 Middlewares\Third_Party\FreeRTOS\Source\tasks.o
 .ARM.attributes
                0x00000374       0x39 Src\Actuators.o
 .ARM.attributes
                0x000003ad       0x39 Src\Debug.o
 .ARM.attributes
                0x000003e6       0x39 Src\Evaluation.o
 .ARM.attributes
                0x0000041f       0x39 Src\Module_1_Transportation.o
 .ARM.attributes
                0x00000458       0x39 Src\Module_2_Gravity.o
 .ARM.attributes
                0x00000491       0x39 Src\Module_3_Pumping.o
 .ARM.attributes
                0x000004ca       0x39 Src\Module_4_Pouring.o
 .ARM.attributes
                0x00000503       0x39 Src\Module_5_Sensors.o
 .ARM.attributes
                0x0000053c       0x39 Src\Module_6_Handling.o
 .ARM.attributes
                0x00000575       0x39 Src\Sensors.o
 .ARM.attributes
                0x000005ae       0x39 Src\main.o
 .ARM.attributes
                0x000005e7       0x39 Src\stm32f3xx_hal_msp.o
 .ARM.attributes
                0x00000620       0x39 Src\stm32f3xx_hal_timebase_TIM.o
 .ARM.attributes
                0x00000659       0x39 Src\stm32f3xx_it.o
 .ARM.attributes
                0x00000692       0x39 Src\system_stm32f3xx.o
 .ARM.attributes
                0x000006cb       0x39 Src\user_tasks.o
 .ARM.attributes
                0x00000704       0x21 startup\startup_stm32f303xe.o
 .ARM.attributes
                0x00000725       0x34 c:/program files (x86)/atollic/truestudio for arm 7.1.2/armtools/bin/../lib/gcc/arm-atollic-eabi/5.3.1/../../../../arm-atollic-eabi/lib/armv7e-m/fpu\libc_nano.a(lib_a-impure.o)
 .ARM.attributes
                0x00000759       0x34 c:/program files (x86)/atollic/truestudio for arm 7.1.2/armtools/bin/../lib/gcc/arm-atollic-eabi/5.3.1/../../../../arm-atollic-eabi/lib/armv7e-m/fpu\libc_nano.a(lib_a-init.o)
 .ARM.attributes
                0x0000078d       0x34 c:/program files (x86)/atollic/truestudio for arm 7.1.2/armtools/bin/../lib/gcc/arm-atollic-eabi/5.3.1/../../../../arm-atollic-eabi/lib/armv7e-m/fpu\libc_nano.a(lib_a-malloc.o)
 .ARM.attributes
                0x000007c1       0x34 c:/program files (x86)/atollic/truestudio for arm 7.1.2/armtools/bin/../lib/gcc/arm-atollic-eabi/5.3.1/../../../../arm-atollic-eabi/lib/armv7e-m/fpu\libc_nano.a(lib_a-memcpy-stub.o)
 .ARM.attributes
                0x000007f5       0x34 c:/program files (x86)/atollic/truestudio for arm 7.1.2/armtools/bin/../lib/gcc/arm-atollic-eabi/5.3.1/../../../../arm-atollic-eabi/lib/armv7e-m/fpu\libc_nano.a(lib_a-memset.o)
 .ARM.attributes
                0x00000829       0x34 c:/program files (x86)/atollic/truestudio for arm 7.1.2/armtools/bin/../lib/gcc/arm-atollic-eabi/5.3.1/../../../../arm-atollic-eabi/lib/armv7e-m/fpu\libc_nano.a(lib_a-nano-freer.o)
 .ARM.attributes
                0x0000085d       0x34 c:/program files (x86)/atollic/truestudio for arm 7.1.2/armtools/bin/../lib/gcc/arm-atollic-eabi/5.3.1/../../../../arm-atollic-eabi/lib/armv7e-m/fpu\libc_nano.a(lib_a-nano-mallocr.o)
 .ARM.attributes
                0x00000891       0x34 c:/program files (x86)/atollic/truestudio for arm 7.1.2/armtools/bin/../lib/gcc/arm-atollic-eabi/5.3.1/../../../../arm-atollic-eabi/lib/armv7e-m/fpu\libc_nano.a(lib_a-nano-vfprintf.o)
 .ARM.attributes
                0x000008c5       0x34 c:/program files (x86)/atollic/truestudio for arm 7.1.2/armtools/bin/../lib/gcc/arm-atollic-eabi/5.3.1/../../../../arm-atollic-eabi/lib/armv7e-m/fpu\libc_nano.a(lib_a-nano-vfprintf_i.o)
 .ARM.attributes
                0x000008f9       0x34 c:/program files (x86)/atollic/truestudio for arm 7.1.2/armtools/bin/../lib/gcc/arm-atollic-eabi/5.3.1/../../../../arm-atollic-eabi/lib/armv7e-m/fpu\libc_nano.a(lib_a-sbrkr.o)
 .ARM.attributes
                0x0000092d       0x34 c:/program files (x86)/atollic/truestudio for arm 7.1.2/armtools/bin/../lib/gcc/arm-atollic-eabi/5.3.1/../../../../arm-atollic-eabi/lib/armv7e-m/fpu\libc_nano.a(lib_a-snprintf.o)
 .ARM.attributes
                0x00000961       0x1b c:/program files (x86)/atollic/truestudio for arm 7.1.2/armtools/bin/../lib/gcc/arm-atollic-eabi/5.3.1/../../../../arm-atollic-eabi/lib/armv7e-m/fpu\libc_nano.a(lib_a-strlen.o)
 .ARM.attributes
                0x0000097c       0x34 c:/program files (x86)/atollic/truestudio for arm 7.1.2/armtools/bin/../lib/gcc/arm-atollic-eabi/5.3.1/../../../../arm-atollic-eabi/lib/armv7e-m/fpu\libc_nano.a(lib_a-wbuf.o)
 .ARM.attributes
                0x000009b0       0x34 c:/program files (x86)/atollic/truestudio for arm 7.1.2/armtools/bin/../lib/gcc/arm-atollic-eabi/5.3.1/../../../../arm-atollic-eabi/lib/armv7e-m/fpu\libc_nano.a(lib_a-wsetup.o)
 .ARM.attributes
                0x000009e4       0x34 c:/program files (x86)/atollic/truestudio for arm 7.1.2/armtools/bin/../lib/gcc/arm-atollic-eabi/5.3.1/../../../../arm-atollic-eabi/lib/armv7e-m/fpu\libc_nano.a(lib_a-fflush.o)
 .ARM.attributes
                0x00000a18       0x34 c:/program files (x86)/atollic/truestudio for arm 7.1.2/armtools/bin/../lib/gcc/arm-atollic-eabi/5.3.1/../../../../arm-atollic-eabi/lib/armv7e-m/fpu\libc_nano.a(lib_a-findfp.o)
 .ARM.attributes
                0x00000a4c       0x34 c:/program files (x86)/atollic/truestudio for arm 7.1.2/armtools/bin/../lib/gcc/arm-atollic-eabi/5.3.1/../../../../arm-atollic-eabi/lib/armv7e-m/fpu\libc_nano.a(lib_a-fwalk.o)
 .ARM.attributes
                0x00000a80       0x34 c:/program files (x86)/atollic/truestudio for arm 7.1.2/armtools/bin/../lib/gcc/arm-atollic-eabi/5.3.1/../../../../arm-atollic-eabi/lib/armv7e-m/fpu\libc_nano.a(lib_a-makebuf.o)
 .ARM.attributes
                0x00000ab4       0x20 c:/program files (x86)/atollic/truestudio for arm 7.1.2/armtools/bin/../lib/gcc/arm-atollic-eabi/5.3.1/../../../../arm-atollic-eabi/lib/armv7e-m/fpu\libc_nano.a(lib_a-memchr.o)
 .ARM.attributes
                0x00000ad4       0x34 c:/program files (x86)/atollic/truestudio for arm 7.1.2/armtools/bin/../lib/gcc/arm-atollic-eabi/5.3.1/../../../../arm-atollic-eabi/lib/armv7e-m/fpu\libc_nano.a(lib_a-memmove.o)
 .ARM.attributes
                0x00000b08       0x34 c:/program files (x86)/atollic/truestudio for arm 7.1.2/armtools/bin/../lib/gcc/arm-atollic-eabi/5.3.1/../../../../arm-atollic-eabi/lib/armv7e-m/fpu\libc_nano.a(lib_a-mlock.o)
 .ARM.attributes
                0x00000b3c       0x34 c:/program files (x86)/atollic/truestudio for arm 7.1.2/armtools/bin/../lib/gcc/arm-atollic-eabi/5.3.1/../../../../arm-atollic-eabi/lib/armv7e-m/fpu\libc_nano.a(lib_a-nano-reallocr.o)
 .ARM.attributes
                0x00000b70       0x34 c:/program files (x86)/atollic/truestudio for arm 7.1.2/armtools/bin/../lib/gcc/arm-atollic-eabi/5.3.1/../../../../arm-atollic-eabi/lib/armv7e-m/fpu\libc_nano.a(lib_a-nano-svfprintf.o)
 .ARM.attributes
                0x00000ba4       0x34 c:/program files (x86)/atollic/truestudio for arm 7.1.2/armtools/bin/../lib/gcc/arm-atollic-eabi/5.3.1/../../../../arm-atollic-eabi/lib/armv7e-m/fpu\libc_nano.a(lib_a-reent.o)
 .ARM.attributes
                0x00000bd8       0x34 c:/program files (x86)/atollic/truestudio for arm 7.1.2/armtools/bin/../lib/gcc/arm-atollic-eabi/5.3.1/../../../../arm-atollic-eabi/lib/armv7e-m/fpu\libc_nano.a(lib_a-stdio.o)
 .ARM.attributes
                0x00000c0c       0x34 c:/program files (x86)/atollic/truestudio for arm 7.1.2/armtools/bin/../lib/gcc/arm-atollic-eabi/5.3.1/../../../../arm-atollic-eabi/lib/armv7e-m/fpu\libc_nano.a(lib_a-writer.o)
 .ARM.attributes
                0x00000c40       0x34 c:/program files (x86)/atollic/truestudio for arm 7.1.2/armtools/bin/../lib/gcc/arm-atollic-eabi/5.3.1/../../../../arm-atollic-eabi/lib/armv7e-m/fpu\libc_nano.a(lib_a-closer.o)
 .ARM.attributes
                0x00000c74       0x34 c:/program files (x86)/atollic/truestudio for arm 7.1.2/armtools/bin/../lib/gcc/arm-atollic-eabi/5.3.1/../../../../arm-atollic-eabi/lib/armv7e-m/fpu\libc_nano.a(lib_a-fstatr.o)
 .ARM.attributes
                0x00000ca8       0x34 c:/program files (x86)/atollic/truestudio for arm 7.1.2/armtools/bin/../lib/gcc/arm-atollic-eabi/5.3.1/../../../../arm-atollic-eabi/lib/armv7e-m/fpu\libc_nano.a(lib_a-isattyr.o)
 .ARM.attributes
                0x00000cdc       0x34 c:/program files (x86)/atollic/truestudio for arm 7.1.2/armtools/bin/../lib/gcc/arm-atollic-eabi/5.3.1/../../../../arm-atollic-eabi/lib/armv7e-m/fpu\libc_nano.a(lib_a-lseekr.o)
 .ARM.attributes
                0x00000d10       0x34 c:/program files (x86)/atollic/truestudio for arm 7.1.2/armtools/bin/../lib/gcc/arm-atollic-eabi/5.3.1/../../../../arm-atollic-eabi/lib/armv7e-m/fpu\libc_nano.a(lib_a-nano-msizer.o)
 .ARM.attributes
                0x00000d44       0x34 c:/program files (x86)/atollic/truestudio for arm 7.1.2/armtools/bin/../lib/gcc/arm-atollic-eabi/5.3.1/../../../../arm-atollic-eabi/lib/armv7e-m/fpu\libc_nano.a(lib_a-readr.o)
 .ARM.attributes
                0x00000d78       0x34 c:/program files (x86)/atollic/truestudio for arm 7.1.2/armtools/bin/../lib/gcc/arm-atollic-eabi/5.3.1/../../../../arm-atollic-eabi/lib/armv7e-m/fpu\libnosys.a(close.o)
 .ARM.attributes
                0x00000dac       0x34 c:/program files (x86)/atollic/truestudio for arm 7.1.2/armtools/bin/../lib/gcc/arm-atollic-eabi/5.3.1/../../../../arm-atollic-eabi/lib/armv7e-m/fpu\libnosys.a(fstat.o)
 .ARM.attributes
                0x00000de0       0x34 c:/program files (x86)/atollic/truestudio for arm 7.1.2/armtools/bin/../lib/gcc/arm-atollic-eabi/5.3.1/../../../../arm-atollic-eabi/lib/armv7e-m/fpu\libnosys.a(isatty.o)
 .ARM.attributes
                0x00000e14       0x34 c:/program files (x86)/atollic/truestudio for arm 7.1.2/armtools/bin/../lib/gcc/arm-atollic-eabi/5.3.1/../../../../arm-atollic-eabi/lib/armv7e-m/fpu\libnosys.a(lseek.o)
 .ARM.attributes
                0x00000e48       0x34 c:/program files (x86)/atollic/truestudio for arm 7.1.2/armtools/bin/../lib/gcc/arm-atollic-eabi/5.3.1/../../../../arm-atollic-eabi/lib/armv7e-m/fpu\libnosys.a(read.o)
 .ARM.attributes
                0x00000e7c       0x34 c:/program files (x86)/atollic/truestudio for arm 7.1.2/armtools/bin/../lib/gcc/arm-atollic-eabi/5.3.1/../../../../arm-atollic-eabi/lib/armv7e-m/fpu\libnosys.a(sbrk.o)
 .ARM.attributes
                0x00000eb0       0x34 c:/program files (x86)/atollic/truestudio for arm 7.1.2/armtools/bin/../lib/gcc/arm-atollic-eabi/5.3.1/../../../../arm-atollic-eabi/lib/armv7e-m/fpu\libnosys.a(write.o)
 .ARM.attributes
                0x00000ee4       0x22 c:/program files (x86)/atollic/truestudio for arm 7.1.2/armtools/bin/../lib/gcc/arm-atollic-eabi/5.3.1/armv7e-m/fpu/crtn.o
OUTPUT(Cocktailmaschine_V2.0.elf elf32-littlearm)

.debug_info     0x00000000    0x15abf
 .debug_info    0x00000000     0x123d Drivers\BSP\STM32F3xx-Nucleo\stm32f3xx_nucleo.o
 .debug_info    0x0000123d      0x71d Drivers\STM32F3xx_HAL_Driver\Src\stm32f3xx_hal.o
 .debug_info    0x0000195a     0x19d4 Drivers\STM32F3xx_HAL_Driver\Src\stm32f3xx_hal_adc_ex.o
 .debug_info    0x0000332e      0xe95 Drivers\STM32F3xx_HAL_Driver\Src\stm32f3xx_hal_cortex.o
 .debug_info    0x000041c3      0x727 Drivers\STM32F3xx_HAL_Driver\Src\stm32f3xx_hal_gpio.o
 .debug_info    0x000048ea     0x134c Drivers\STM32F3xx_HAL_Driver\Src\stm32f3xx_hal_rcc.o
 .debug_info    0x00005c36      0x70b Drivers\STM32F3xx_HAL_Driver\Src\stm32f3xx_hal_rcc_ex.o
 .debug_info    0x00006341     0x2db6 Drivers\STM32F3xx_HAL_Driver\Src\stm32f3xx_hal_tim.o
 .debug_info    0x000090f7     0x12f0 Drivers\STM32F3xx_HAL_Driver\Src\stm32f3xx_hal_tim_ex.o
 .debug_info    0x0000a3e7     0x1c49 Middlewares\Third_Party\FreeRTOS\Source\CMSIS_RTOS\cmsis_os.o
 .debug_info    0x0000c030      0x2a1 Middlewares\Third_Party\FreeRTOS\Source\list.o
 .debug_info    0x0000c2d1      0x530 Middlewares\Third_Party\FreeRTOS\Source\portable\GCC\ARM_CM4F\port.o
 .debug_info    0x0000c801      0x486 Middlewares\Third_Party\FreeRTOS\Source\portable\MemMang\heap_4.o
 .debug_info    0x0000cc87     0x225d Middlewares\Third_Party\FreeRTOS\Source\tasks.o
 .debug_info    0x0000eee4      0x1e1 Src\Actuators.o
 .debug_info    0x0000f0c5      0xaaa Src\Debug.o
 .debug_info    0x0000fb6f      0x609 Src\Evaluation.o
 .debug_info    0x00010178      0x374 Src\Module_1_Transportation.o
 .debug_info    0x000104ec      0x374 Src\Module_2_Gravity.o
 .debug_info    0x00010860      0x374 Src\Module_3_Pumping.o
 .debug_info    0x00010bd4      0x37b Src\Module_4_Pouring.o
 .debug_info    0x00010f4f      0x374 Src\Module_5_Sensors.o
 .debug_info    0x000112c3      0x374 Src\Module_6_Handling.o
 .debug_info    0x00011637      0x416 Src\Sensors.o
 .debug_info    0x00011a4d     0x1a66 Src\main.o
 .debug_info    0x000134b3      0xbb7 Src\stm32f3xx_hal_msp.o
 .debug_info    0x0001406a      0xa27 Src\stm32f3xx_hal_timebase_TIM.o
 .debug_info    0x00014a91      0x5c4 Src\stm32f3xx_it.o
 .debug_info    0x00015055      0x400 Src\system_stm32f3xx.o
 .debug_info    0x00015455      0x5ee Src\user_tasks.o
 .debug_info    0x00015a43       0x7c startup\startup_stm32f303xe.o

.debug_abbrev   0x00000000     0x3644
 .debug_abbrev  0x00000000      0x2e9 Drivers\BSP\STM32F3xx-Nucleo\stm32f3xx_nucleo.o
 .debug_abbrev  0x000002e9      0x1d0 Drivers\STM32F3xx_HAL_Driver\Src\stm32f3xx_hal.o
 .debug_abbrev  0x000004b9      0x2cc Drivers\STM32F3xx_HAL_Driver\Src\stm32f3xx_hal_adc_ex.o
 .debug_abbrev  0x00000785      0x313 Drivers\STM32F3xx_HAL_Driver\Src\stm32f3xx_hal_cortex.o
 .debug_abbrev  0x00000a98      0x1c8 Drivers\STM32F3xx_HAL_Driver\Src\stm32f3xx_hal_gpio.o
 .debug_abbrev  0x00000c60      0x2ca Drivers\STM32F3xx_HAL_Driver\Src\stm32f3xx_hal_rcc.o
 .debug_abbrev  0x00000f2a      0x25e Drivers\STM32F3xx_HAL_Driver\Src\stm32f3xx_hal_rcc_ex.o
 .debug_abbrev  0x00001188      0x310 Drivers\STM32F3xx_HAL_Driver\Src\stm32f3xx_hal_tim.o
 .debug_abbrev  0x00001498      0x270 Drivers\STM32F3xx_HAL_Driver\Src\stm32f3xx_hal_tim_ex.o
 .debug_abbrev  0x00001708      0x373 Middlewares\Third_Party\FreeRTOS\Source\CMSIS_RTOS\cmsis_os.o
 .debug_abbrev  0x00001a7b       0xdc Middlewares\Third_Party\FreeRTOS\Source\list.o
 .debug_abbrev  0x00001b57      0x219 Middlewares\Third_Party\FreeRTOS\Source\portable\GCC\ARM_CM4F\port.o
 .debug_abbrev  0x00001d70      0x230 Middlewares\Third_Party\FreeRTOS\Source\portable\MemMang\heap_4.o
 .debug_abbrev  0x00001fa0      0x36d Middlewares\Third_Party\FreeRTOS\Source\tasks.o
 .debug_abbrev  0x0000230d       0xf0 Src\Actuators.o
 .debug_abbrev  0x000023fd      0x1e9 Src\Debug.o
 .debug_abbrev  0x000025e6       0xe8 Src\Evaluation.o
 .debug_abbrev  0x000026ce       0xa6 Src\Module_1_Transportation.o
 .debug_abbrev  0x00002774       0xa6 Src\Module_2_Gravity.o
 .debug_abbrev  0x0000281a       0xa6 Src\Module_3_Pumping.o
 .debug_abbrev  0x000028c0       0xa6 Src\Module_4_Pouring.o
 .debug_abbrev  0x00002966       0xa6 Src\Module_5_Sensors.o
 .debug_abbrev  0x00002a0c       0xa6 Src\Module_6_Handling.o
 .debug_abbrev  0x00002ab2      0x15c Src\Sensors.o
 .debug_abbrev  0x00002c0e      0x311 Src\main.o
 .debug_abbrev  0x00002f1f      0x1a3 Src\stm32f3xx_hal_msp.o
 .debug_abbrev  0x000030c2      0x1cf Src\stm32f3xx_hal_timebase_TIM.o
 .debug_abbrev  0x00003291      0x155 Src\stm32f3xx_it.o
 .debug_abbrev  0x000033e6      0x101 Src\system_stm32f3xx.o
 .debug_abbrev  0x000034e7      0x14b Src\user_tasks.o
 .debug_abbrev  0x00003632       0x12 startup\startup_stm32f303xe.o

.debug_loc      0x00000000     0xa06f
 .debug_loc     0x00000000      0x1e5 Drivers\BSP\STM32F3xx-Nucleo\stm32f3xx_nucleo.o
 .debug_loc     0x000001e5       0x4b Drivers\STM32F3xx_HAL_Driver\Src\stm32f3xx_hal.o
 .debug_loc     0x00000230     0x1a94 Drivers\STM32F3xx_HAL_Driver\Src\stm32f3xx_hal_adc_ex.o
 .debug_loc     0x00001cc4      0x4cc Drivers\STM32F3xx_HAL_Driver\Src\stm32f3xx_hal_cortex.o
 .debug_loc     0x00002190      0x280 Drivers\STM32F3xx_HAL_Driver\Src\stm32f3xx_hal_gpio.o
 .debug_loc     0x00002410      0x8f0 Drivers\STM32F3xx_HAL_Driver\Src\stm32f3xx_hal_rcc.o
 .debug_loc     0x00002d00      0x863 Drivers\STM32F3xx_HAL_Driver\Src\stm32f3xx_hal_rcc_ex.o
 .debug_loc     0x00003563     0x2f22 Drivers\STM32F3xx_HAL_Driver\Src\stm32f3xx_hal_tim.o
 .debug_loc     0x00006485      0xf46 Drivers\STM32F3xx_HAL_Driver\Src\stm32f3xx_hal_tim_ex.o
 .debug_loc     0x000073cb     0x1024 Middlewares\Third_Party\FreeRTOS\Source\CMSIS_RTOS\cmsis_os.o
 .debug_loc     0x000083ef       0x94 Middlewares\Third_Party\FreeRTOS\Source\list.o
 .debug_loc     0x00008483       0xcf Middlewares\Third_Party\FreeRTOS\Source\portable\GCC\ARM_CM4F\port.o
 .debug_loc     0x00008552      0x3a7 Middlewares\Third_Party\FreeRTOS\Source\portable\MemMang\heap_4.o
 .debug_loc     0x000088f9     0x1439 Middlewares\Third_Party\FreeRTOS\Source\tasks.o
 .debug_loc     0x00009d32       0xd5 Src\Debug.o
 .debug_loc     0x00009e07       0x21 Src\Sensors.o
 .debug_loc     0x00009e28       0x4d Src\main.o
 .debug_loc     0x00009e75       0x7f Src\stm32f3xx_hal_msp.o
 .debug_loc     0x00009ef4       0x94 Src\stm32f3xx_hal_timebase_TIM.o
 .debug_loc     0x00009f88       0xc6 Src\system_stm32f3xx.o
 .debug_loc     0x0000a04e       0x21 Src\user_tasks.o

.debug_aranges  0x00000000      0xe58
 .debug_aranges
                0x00000000       0x78 Drivers\BSP\STM32F3xx-Nucleo\stm32f3xx_nucleo.o
 .debug_aranges
                0x00000078       0xa8 Drivers\STM32F3xx_HAL_Driver\Src\stm32f3xx_hal.o
 .debug_aranges
                0x00000120      0x150 Drivers\STM32F3xx_HAL_Driver\Src\stm32f3xx_hal_adc_ex.o
 .debug_aranges
                0x00000270       0xa8 Drivers\STM32F3xx_HAL_Driver\Src\stm32f3xx_hal_cortex.o
 .debug_aranges
                0x00000318       0x58 Drivers\STM32F3xx_HAL_Driver\Src\stm32f3xx_hal_gpio.o
 .debug_aranges
                0x00000370       0x88 Drivers\STM32F3xx_HAL_Driver\Src\stm32f3xx_hal_rcc.o
 .debug_aranges
                0x000003f8       0x38 Drivers\STM32F3xx_HAL_Driver\Src\stm32f3xx_hal_rcc_ex.o
 .debug_aranges
                0x00000430      0x258 Drivers\STM32F3xx_HAL_Driver\Src\stm32f3xx_hal_tim.o
 .debug_aranges
                0x00000688      0x120 Drivers\STM32F3xx_HAL_Driver\Src\stm32f3xx_hal_tim_ex.o
 .debug_aranges
                0x000007a8      0x198 Middlewares\Third_Party\FreeRTOS\Source\CMSIS_RTOS\cmsis_os.o
 .debug_aranges
                0x00000940       0x40 Middlewares\Third_Party\FreeRTOS\Source\list.o
 .debug_aranges
                0x00000980       0x80 Middlewares\Third_Party\FreeRTOS\Source\portable\GCC\ARM_CM4F\port.o
 .debug_aranges
                0x00000a00       0x48 Middlewares\Third_Party\FreeRTOS\Source\portable\MemMang\heap_4.o
 .debug_aranges
                0x00000a48      0x170 Middlewares\Third_Party\FreeRTOS\Source\tasks.o
 .debug_aranges
                0x00000bb8       0x28 Src\Actuators.o
 .debug_aranges
                0x00000be0       0x30 Src\Debug.o
 .debug_aranges
                0x00000c10       0x20 Src\Evaluation.o
 .debug_aranges
                0x00000c30       0x20 Src\Module_1_Transportation.o
 .debug_aranges
                0x00000c50       0x20 Src\Module_2_Gravity.o
 .debug_aranges
                0x00000c70       0x20 Src\Module_3_Pumping.o
 .debug_aranges
                0x00000c90       0x20 Src\Module_4_Pouring.o
 .debug_aranges
                0x00000cb0       0x20 Src\Module_5_Sensors.o
 .debug_aranges
                0x00000cd0       0x20 Src\Module_6_Handling.o
 .debug_aranges
                0x00000cf0       0x30 Src\Sensors.o
 .debug_aranges
                0x00000d20       0x40 Src\main.o
 .debug_aranges
                0x00000d60       0x30 Src\stm32f3xx_hal_msp.o
 .debug_aranges
                0x00000d90       0x30 Src\stm32f3xx_hal_timebase_TIM.o
 .debug_aranges
                0x00000dc0       0x28 Src\stm32f3xx_it.o
 .debug_aranges
                0x00000de8       0x28 Src\system_stm32f3xx.o
 .debug_aranges
                0x00000e10       0x20 Src\user_tasks.o
 .debug_aranges
                0x00000e30       0x28 startup\startup_stm32f303xe.o

.debug_ranges   0x00000000     0x1228
 .debug_ranges  0x00000000      0x120 Drivers\BSP\STM32F3xx-Nucleo\stm32f3xx_nucleo.o
 .debug_ranges  0x00000120       0x98 Drivers\STM32F3xx_HAL_Driver\Src\stm32f3xx_hal.o
 .debug_ranges  0x000001b8      0x140 Drivers\STM32F3xx_HAL_Driver\Src\stm32f3xx_hal_adc_ex.o
 .debug_ranges  0x000002f8      0x158 Drivers\STM32F3xx_HAL_Driver\Src\stm32f3xx_hal_cortex.o
 .debug_ranges  0x00000450       0x68 Drivers\STM32F3xx_HAL_Driver\Src\stm32f3xx_hal_gpio.o
 .debug_ranges  0x000004b8      0x1e8 Drivers\STM32F3xx_HAL_Driver\Src\stm32f3xx_hal_rcc.o
 .debug_ranges  0x000006a0       0x58 Drivers\STM32F3xx_HAL_Driver\Src\stm32f3xx_hal_rcc_ex.o
 .debug_ranges  0x000006f8      0x308 Drivers\STM32F3xx_HAL_Driver\Src\stm32f3xx_hal_tim.o
 .debug_ranges  0x00000a00      0x110 Drivers\STM32F3xx_HAL_Driver\Src\stm32f3xx_hal_tim_ex.o
 .debug_ranges  0x00000b10      0x188 Middlewares\Third_Party\FreeRTOS\Source\CMSIS_RTOS\cmsis_os.o
 .debug_ranges  0x00000c98       0x30 Middlewares\Third_Party\FreeRTOS\Source\list.o
 .debug_ranges  0x00000cc8       0x70 Middlewares\Third_Party\FreeRTOS\Source\portable\GCC\ARM_CM4F\port.o
 .debug_ranges  0x00000d38       0x38 Middlewares\Third_Party\FreeRTOS\Source\portable\MemMang\heap_4.o
 .debug_ranges  0x00000d70      0x230 Middlewares\Third_Party\FreeRTOS\Source\tasks.o
 .debug_ranges  0x00000fa0       0x18 Src\Actuators.o
 .debug_ranges  0x00000fb8       0x20 Src\Debug.o
 .debug_ranges  0x00000fd8       0x10 Src\Evaluation.o
 .debug_ranges  0x00000fe8       0x10 Src\Module_1_Transportation.o
 .debug_ranges  0x00000ff8       0x10 Src\Module_2_Gravity.o
 .debug_ranges  0x00001008       0x10 Src\Module_3_Pumping.o
 .debug_ranges  0x00001018       0x10 Src\Module_4_Pouring.o
 .debug_ranges  0x00001028       0x10 Src\Module_5_Sensors.o
 .debug_ranges  0x00001038       0x10 Src\Module_6_Handling.o
 .debug_ranges  0x00001048       0x20 Src\Sensors.o
 .debug_ranges  0x00001068       0x98 Src\main.o
 .debug_ranges  0x00001100       0x70 Src\stm32f3xx_hal_msp.o
 .debug_ranges  0x00001170       0x40 Src\stm32f3xx_hal_timebase_TIM.o
 .debug_ranges  0x000011b0       0x18 Src\stm32f3xx_it.o
 .debug_ranges  0x000011c8       0x18 Src\system_stm32f3xx.o
 .debug_ranges  0x000011e0       0x28 Src\user_tasks.o
 .debug_ranges  0x00001208       0x20 startup\startup_stm32f303xe.o

.debug_line     0x00000000     0x8516
 .debug_line    0x00000000      0x3fd Drivers\BSP\STM32F3xx-Nucleo\stm32f3xx_nucleo.o
 .debug_line    0x000003fd      0x354 Drivers\STM32F3xx_HAL_Driver\Src\stm32f3xx_hal.o
 .debug_line    0x00000751     0x1376 Drivers\STM32F3xx_HAL_Driver\Src\stm32f3xx_hal_adc_ex.o
 .debug_line    0x00001ac7      0x418 Drivers\STM32F3xx_HAL_Driver\Src\stm32f3xx_hal_cortex.o
 .debug_line    0x00001edf      0x3b9 Drivers\STM32F3xx_HAL_Driver\Src\stm32f3xx_hal_gpio.o
 .debug_line    0x00002298      0x7a1 Drivers\STM32F3xx_HAL_Driver\Src\stm32f3xx_hal_rcc.o
 .debug_line    0x00002a39      0x4d3 Drivers\STM32F3xx_HAL_Driver\Src\stm32f3xx_hal_rcc_ex.o
 .debug_line    0x00002f0c     0x11bc Drivers\STM32F3xx_HAL_Driver\Src\stm32f3xx_hal_tim.o
 .debug_line    0x000040c8      0x82e Drivers\STM32F3xx_HAL_Driver\Src\stm32f3xx_hal_tim_ex.o
 .debug_line    0x000048f6      0x806 Middlewares\Third_Party\FreeRTOS\Source\CMSIS_RTOS\cmsis_os.o
 .debug_line    0x000050fc      0x249 Middlewares\Third_Party\FreeRTOS\Source\list.o
 .debug_line    0x00005345      0x342 Middlewares\Third_Party\FreeRTOS\Source\portable\GCC\ARM_CM4F\port.o
 .debug_line    0x00005687      0x36d Middlewares\Third_Party\FreeRTOS\Source\portable\MemMang\heap_4.o
 .debug_line    0x000059f4      0xadf Middlewares\Third_Party\FreeRTOS\Source\tasks.o
 .debug_line    0x000064d3      0x1ac Src\Actuators.o
 .debug_line    0x0000667f      0x1fb Src\Debug.o
 .debug_line    0x0000687a      0x1f0 Src\Evaluation.o
 .debug_line    0x00006a6a      0x166 Src\Module_1_Transportation.o
 .debug_line    0x00006bd0      0x15f Src\Module_2_Gravity.o
 .debug_line    0x00006d2f      0x15f Src\Module_3_Pumping.o
 .debug_line    0x00006e8e      0x15f Src\Module_4_Pouring.o
 .debug_line    0x00006fed      0x15f Src\Module_5_Sensors.o
 .debug_line    0x0000714c      0x15e Src\Module_6_Handling.o
 .debug_line    0x000072aa      0x1f9 Src\Sensors.o
 .debug_line    0x000074a3      0x49b Src\main.o
 .debug_line    0x0000793e      0x296 Src\stm32f3xx_hal_msp.o
 .debug_line    0x00007bd4      0x273 Src\stm32f3xx_hal_timebase_TIM.o
 .debug_line    0x00007e47      0x24a Src\stm32f3xx_it.o
 .debug_line    0x00008091      0x1be Src\system_stm32f3xx.o
 .debug_line    0x0000824f      0x248 Src\user_tasks.o
 .debug_line    0x00008497       0x7f startup\startup_stm32f303xe.o

.debug_str      0x00000000     0x580c
 .debug_str     0x00000000      0xea2 Drivers\BSP\STM32F3xx-Nucleo\stm32f3xx_nucleo.o
                                0xfa4 (size before relaxing)
 .debug_str     0x00000ea2      0x24c Drivers\STM32F3xx_HAL_Driver\Src\stm32f3xx_hal.o
                                0x964 (size before relaxing)
 .debug_str     0x000010ee      0x73d Drivers\STM32F3xx_HAL_Driver\Src\stm32f3xx_hal_adc_ex.o
                                0xeba (size before relaxing)
 .debug_str     0x0000182b      0x37d Drivers\STM32F3xx_HAL_Driver\Src\stm32f3xx_hal_cortex.o
                                0xbf1 (size before relaxing)
 .debug_str     0x00001ba8      0x141 Drivers\STM32F3xx_HAL_Driver\Src\stm32f3xx_hal_gpio.o
                                0x4f7 (size before relaxing)
 .debug_str     0x00001ce9      0x321 Drivers\STM32F3xx_HAL_Driver\Src\stm32f3xx_hal_rcc.o
                                0x69b (size before relaxing)
 .debug_str     0x0000200a      0x2b9 Drivers\STM32F3xx_HAL_Driver\Src\stm32f3xx_hal_rcc_ex.o
                                0x60c (size before relaxing)
 .debug_str     0x000022c3      0xc7e Drivers\STM32F3xx_HAL_Driver\Src\stm32f3xx_hal_tim.o
                               0x110e (size before relaxing)
 .debug_str     0x00002f41      0x4d0 Drivers\STM32F3xx_HAL_Driver\Src\stm32f3xx_hal_tim_ex.o
                                0xd2c (size before relaxing)
 .debug_str     0x00003411      0xae0 Middlewares\Third_Party\FreeRTOS\Source\CMSIS_RTOS\cmsis_os.o
                                0xd9c (size before relaxing)
 .debug_str     0x00003ef1      0x14f Middlewares\Third_Party\FreeRTOS\Source\list.o
                                0x322 (size before relaxing)
 .debug_str     0x00004040      0x21e Middlewares\Third_Party\FreeRTOS\Source\portable\GCC\ARM_CM4F\port.o
                                0x487 (size before relaxing)
 .debug_str     0x0000425e      0x1e8 Middlewares\Third_Party\FreeRTOS\Source\portable\MemMang\heap_4.o
                                0x40b (size before relaxing)
 .debug_str     0x00004446      0x845 Middlewares\Third_Party\FreeRTOS\Source\tasks.o
                                0xe43 (size before relaxing)
 .debug_str     0x00004c8b       0xf1 Src\Actuators.o
                                0x2e5 (size before relaxing)
 .debug_str     0x00004d7c      0x438 Src\Debug.o
                                0x5ea (size before relaxing)
 .debug_str     0x000051b4      0x2f4 Src\Evaluation.o
                                0x59f (size before relaxing)
 .debug_str     0x000054a8       0x21 Src\Module_1_Transportation.o
                                0x44b (size before relaxing)
 .debug_str     0x000054c9       0x1a Src\Module_2_Gravity.o
                                0x436 (size before relaxing)
 .debug_str     0x000054e3       0x1a Src\Module_3_Pumping.o
                                0x436 (size before relaxing)
 .debug_str     0x000054fd       0x1a Src\Module_4_Pouring.o
                                0x442 (size before relaxing)
 .debug_str     0x00005517       0x1a Src\Module_5_Sensors.o
                                0x436 (size before relaxing)
 .debug_str     0x00005531       0x1b Src\Module_6_Handling.o
                                0x439 (size before relaxing)
 .debug_str     0x0000554c       0x62 Src\Sensors.o
                                0x42b (size before relaxing)
 .debug_str     0x000055ae      0x11a Src\main.o
                               0x179f (size before relaxing)
 .debug_str     0x000056c8       0x27 Src\stm32f3xx_hal_msp.o
                                0xbf8 (size before relaxing)
 .debug_str     0x000056ef       0x61 Src\stm32f3xx_hal_timebase_TIM.o
                                0xc37 (size before relaxing)
 .debug_str     0x00005750       0x3f Src\stm32f3xx_it.o
                                0x5fb (size before relaxing)
 .debug_str     0x0000578f       0x50 Src\system_stm32f3xx.o
                                0x319 (size before relaxing)
 .debug_str     0x000057df       0x2d Src\user_tasks.o
                                0x5d7 (size before relaxing)

.comment        0x00000000       0x7e
 .comment       0x00000000       0x7e Drivers\BSP\STM32F3xx-Nucleo\stm32f3xx_nucleo.o
                                 0x7f (size before relaxing)
 .comment       0x0000007e       0x7f Drivers\STM32F3xx_HAL_Driver\Src\stm32f3xx_hal.o
 .comment       0x0000007e       0x7f Drivers\STM32F3xx_HAL_Driver\Src\stm32f3xx_hal_adc_ex.o
 .comment       0x0000007e       0x7f Drivers\STM32F3xx_HAL_Driver\Src\stm32f3xx_hal_cortex.o
 .comment       0x0000007e       0x7f Drivers\STM32F3xx_HAL_Driver\Src\stm32f3xx_hal_gpio.o
 .comment       0x0000007e       0x7f Drivers\STM32F3xx_HAL_Driver\Src\stm32f3xx_hal_rcc.o
 .comment       0x0000007e       0x7f Drivers\STM32F3xx_HAL_Driver\Src\stm32f3xx_hal_rcc_ex.o
 .comment       0x0000007e       0x7f Drivers\STM32F3xx_HAL_Driver\Src\stm32f3xx_hal_tim.o
 .comment       0x0000007e       0x7f Drivers\STM32F3xx_HAL_Driver\Src\stm32f3xx_hal_tim_ex.o
 .comment       0x0000007e       0x7f Middlewares\Third_Party\FreeRTOS\Source\CMSIS_RTOS\cmsis_os.o
 .comment       0x0000007e       0x7f Middlewares\Third_Party\FreeRTOS\Source\list.o
 .comment       0x0000007e       0x7f Middlewares\Third_Party\FreeRTOS\Source\portable\GCC\ARM_CM4F\port.o
 .comment       0x0000007e       0x7f Middlewares\Third_Party\FreeRTOS\Source\portable\MemMang\heap_4.o
 .comment       0x0000007e       0x7f Middlewares\Third_Party\FreeRTOS\Source\tasks.o
 .comment       0x0000007e       0x7f Src\Actuators.o
 .comment       0x0000007e       0x7f Src\Debug.o
 .comment       0x0000007e       0x7f Src\Evaluation.o
 .comment       0x0000007e       0x7f Src\Module_1_Transportation.o
 .comment       0x0000007e       0x7f Src\Module_2_Gravity.o
 .comment       0x0000007e       0x7f Src\Module_3_Pumping.o
 .comment       0x0000007e       0x7f Src\Module_4_Pouring.o
 .comment       0x0000007e       0x7f Src\Module_5_Sensors.o
 .comment       0x0000007e       0x7f Src\Module_6_Handling.o
 .comment       0x0000007e       0x7f Src\Sensors.o
 .comment       0x0000007e       0x7f Src\main.o
 .comment       0x0000007e       0x7f Src\stm32f3xx_hal_msp.o
 .comment       0x0000007e       0x7f Src\stm32f3xx_hal_timebase_TIM.o
 .comment       0x0000007e       0x7f Src\stm32f3xx_it.o
 .comment       0x0000007e       0x7f Src\system_stm32f3xx.o
 .comment       0x0000007e       0x7f Src\user_tasks.o

.debug_frame    0x00000000     0x307c
 .debug_frame   0x00000000      0x140 Drivers\BSP\STM32F3xx-Nucleo\stm32f3xx_nucleo.o
 .debug_frame   0x00000140      0x164 Drivers\STM32F3xx_HAL_Driver\Src\stm32f3xx_hal.o
 .debug_frame   0x000002a4      0x458 Drivers\STM32F3xx_HAL_Driver\Src\stm32f3xx_hal_adc_ex.o
 .debug_frame   0x000006fc      0x150 Drivers\STM32F3xx_HAL_Driver\Src\stm32f3xx_hal_cortex.o
 .debug_frame   0x0000084c       0xd8 Drivers\STM32F3xx_HAL_Driver\Src\stm32f3xx_hal_gpio.o
 .debug_frame   0x00000924      0x134 Drivers\STM32F3xx_HAL_Driver\Src\stm32f3xx_hal_rcc.o
 .debug_frame   0x00000a58       0xb0 Drivers\STM32F3xx_HAL_Driver\Src\stm32f3xx_hal_rcc_ex.o
 .debug_frame   0x00000b08      0x874 Drivers\STM32F3xx_HAL_Driver\Src\stm32f3xx_hal_tim.o
 .debug_frame   0x0000137c      0x3d0 Drivers\STM32F3xx_HAL_Driver\Src\stm32f3xx_hal_tim_ex.o
 .debug_frame   0x0000174c      0x4ac Middlewares\Third_Party\FreeRTOS\Source\CMSIS_RTOS\cmsis_os.o
 .debug_frame   0x00001bf8       0x6c Middlewares\Third_Party\FreeRTOS\Source\list.o
 .debug_frame   0x00001c64       0xf0 Middlewares\Third_Party\FreeRTOS\Source\portable\GCC\ARM_CM4F\port.o
 .debug_frame   0x00001d54       0x98 Middlewares\Third_Party\FreeRTOS\Source\portable\MemMang\heap_4.o
 .debug_frame   0x00001dec      0x4bc Middlewares\Third_Party\FreeRTOS\Source\tasks.o
 .debug_frame   0x000022a8       0x3c Src\Actuators.o
 .debug_frame   0x000022e4       0xac Src\Debug.o
 .debug_frame   0x00002390       0x3c Src\Evaluation.o
 .debug_frame   0x000023cc       0x28 Src\Module_1_Transportation.o
 .debug_frame   0x000023f4       0x28 Src\Module_2_Gravity.o
 .debug_frame   0x0000241c       0x28 Src\Module_3_Pumping.o
 .debug_frame   0x00002444       0x28 Src\Module_4_Pouring.o
 .debug_frame   0x0000246c       0x28 Src\Module_5_Sensors.o
 .debug_frame   0x00002494       0x28 Src\Module_6_Handling.o
 .debug_frame   0x000024bc       0x98 Src\Sensors.o
 .debug_frame   0x00002554       0x90 Src\main.o
 .debug_frame   0x000025e4       0x54 Src\stm32f3xx_hal_msp.o
 .debug_frame   0x00002638       0x50 Src\stm32f3xx_hal_timebase_TIM.o
 .debug_frame   0x00002688       0x30 Src\stm32f3xx_it.o
 .debug_frame   0x000026b8       0x38 Src\system_stm32f3xx.o
 .debug_frame   0x000026f0       0x30 Src\user_tasks.o
 .debug_frame   0x00002720       0x2c c:/program files (x86)/atollic/truestudio for arm 7.1.2/armtools/bin/../lib/gcc/arm-atollic-eabi/5.3.1/../../../../arm-atollic-eabi/lib/armv7e-m/fpu\libc_nano.a(lib_a-init.o)
 .debug_frame   0x0000274c       0x30 c:/program files (x86)/atollic/truestudio for arm 7.1.2/armtools/bin/../lib/gcc/arm-atollic-eabi/5.3.1/../../../../arm-atollic-eabi/lib/armv7e-m/fpu\libc_nano.a(lib_a-malloc.o)
 .debug_frame   0x0000277c       0x28 c:/program files (x86)/atollic/truestudio for arm 7.1.2/armtools/bin/../lib/gcc/arm-atollic-eabi/5.3.1/../../../../arm-atollic-eabi/lib/armv7e-m/fpu\libc_nano.a(lib_a-memcpy-stub.o)
 .debug_frame   0x000027a4       0x20 c:/program files (x86)/atollic/truestudio for arm 7.1.2/armtools/bin/../lib/gcc/arm-atollic-eabi/5.3.1/../../../../arm-atollic-eabi/lib/armv7e-m/fpu\libc_nano.a(lib_a-memset.o)
 .debug_frame   0x000027c4       0x38 c:/program files (x86)/atollic/truestudio for arm 7.1.2/armtools/bin/../lib/gcc/arm-atollic-eabi/5.3.1/../../../../arm-atollic-eabi/lib/armv7e-m/fpu\libc_nano.a(lib_a-nano-freer.o)
 .debug_frame   0x000027fc       0x2c c:/program files (x86)/atollic/truestudio for arm 7.1.2/armtools/bin/../lib/gcc/arm-atollic-eabi/5.3.1/../../../../arm-atollic-eabi/lib/armv7e-m/fpu\libc_nano.a(lib_a-nano-mallocr.o)
 .debug_frame   0x00002828       0xac c:/program files (x86)/atollic/truestudio for arm 7.1.2/armtools/bin/../lib/gcc/arm-atollic-eabi/5.3.1/../../../../arm-atollic-eabi/lib/armv7e-m/fpu\libc_nano.a(lib_a-nano-vfprintf.o)
 .debug_frame   0x000028d4       0x60 c:/program files (x86)/atollic/truestudio for arm 7.1.2/armtools/bin/../lib/gcc/arm-atollic-eabi/5.3.1/../../../../arm-atollic-eabi/lib/armv7e-m/fpu\libc_nano.a(lib_a-nano-vfprintf_i.o)
 .debug_frame   0x00002934       0x2c c:/program files (x86)/atollic/truestudio for arm 7.1.2/armtools/bin/../lib/gcc/arm-atollic-eabi/5.3.1/../../../../arm-atollic-eabi/lib/armv7e-m/fpu\libc_nano.a(lib_a-sbrkr.o)
 .debug_frame   0x00002960       0x74 c:/program files (x86)/atollic/truestudio for arm 7.1.2/armtools/bin/../lib/gcc/arm-atollic-eabi/5.3.1/../../../../arm-atollic-eabi/lib/armv7e-m/fpu\libc_nano.a(lib_a-snprintf.o)
 .debug_frame   0x000029d4       0x40 c:/program files (x86)/atollic/truestudio for arm 7.1.2/armtools/bin/../lib/gcc/arm-atollic-eabi/5.3.1/../../../../arm-atollic-eabi/lib/armv7e-m/fpu\libc_nano.a(lib_a-wbuf.o)
 .debug_frame   0x00002a14       0x2c c:/program files (x86)/atollic/truestudio for arm 7.1.2/armtools/bin/../lib/gcc/arm-atollic-eabi/5.3.1/../../../../arm-atollic-eabi/lib/armv7e-m/fpu\libc_nano.a(lib_a-wsetup.o)
 .debug_frame   0x00002a40       0x68 c:/program files (x86)/atollic/truestudio for arm 7.1.2/armtools/bin/../lib/gcc/arm-atollic-eabi/5.3.1/../../../../arm-atollic-eabi/lib/armv7e-m/fpu\libc_nano.a(lib_a-fflush.o)
 .debug_frame   0x00002aa8      0x11c c:/program files (x86)/atollic/truestudio for arm 7.1.2/armtools/bin/../lib/gcc/arm-atollic-eabi/5.3.1/../../../../arm-atollic-eabi/lib/armv7e-m/fpu\libc_nano.a(lib_a-findfp.o)
 .debug_frame   0x00002bc4       0x54 c:/program files (x86)/atollic/truestudio for arm 7.1.2/armtools/bin/../lib/gcc/arm-atollic-eabi/5.3.1/../../../../arm-atollic-eabi/lib/armv7e-m/fpu\libc_nano.a(lib_a-fwalk.o)
 .debug_frame   0x00002c18       0x54 c:/program files (x86)/atollic/truestudio for arm 7.1.2/armtools/bin/../lib/gcc/arm-atollic-eabi/5.3.1/../../../../arm-atollic-eabi/lib/armv7e-m/fpu\libc_nano.a(lib_a-makebuf.o)
 .debug_frame   0x00002c6c       0x28 c:/program files (x86)/atollic/truestudio for arm 7.1.2/armtools/bin/../lib/gcc/arm-atollic-eabi/5.3.1/../../../../arm-atollic-eabi/lib/armv7e-m/fpu\libc_nano.a(lib_a-memmove.o)